Archive member included to satisfy reference by file (symbol)

/opt/gcc-arm-none-eabi-9-2019-q4-major/bin/../lib/gcc/arm-none-eabi/9.2.1/thumb/v7e-m/nofp/libgcc.a(unwind-arm.o)
                              CMakeFiles/lab2.dir/Users/epico/Downloads/coro-micro-tp-etu-master/sys/startup_ARMCM4.c.obj (__aeabi_unwind_cpp_pr1)
/opt/gcc-arm-none-eabi-9-2019-q4-major/bin/../lib/gcc/arm-none-eabi/9.2.1/thumb/v7e-m/nofp/libgcc.a(libunwind.o)
                              /opt/gcc-arm-none-eabi-9-2019-q4-major/bin/../lib/gcc/arm-none-eabi/9.2.1/thumb/v7e-m/nofp/libgcc.a(unwind-arm.o) (restore_core_regs)
/opt/gcc-arm-none-eabi-9-2019-q4-major/bin/../lib/gcc/arm-none-eabi/9.2.1/thumb/v7e-m/nofp/libgcc.a(pr-support.o)
                              /opt/gcc-arm-none-eabi-9-2019-q4-major/bin/../lib/gcc/arm-none-eabi/9.2.1/thumb/v7e-m/nofp/libgcc.a(unwind-arm.o) (__gnu_unwind_execute)
/opt/gcc-arm-none-eabi-9-2019-q4-major/bin/../lib/gcc/arm-none-eabi/9.2.1/../../../../arm-none-eabi/lib/thumb/v7e-m/nofp/libc.a(lib_a-abort.o)
                              /opt/gcc-arm-none-eabi-9-2019-q4-major/bin/../lib/gcc/arm-none-eabi/9.2.1/thumb/v7e-m/nofp/libgcc.a(unwind-arm.o) (abort)
/opt/gcc-arm-none-eabi-9-2019-q4-major/bin/../lib/gcc/arm-none-eabi/9.2.1/../../../../arm-none-eabi/lib/thumb/v7e-m/nofp/libc.a(lib_a-exit.o)
                              /opt/gcc-arm-none-eabi-9-2019-q4-major/bin/../lib/gcc/arm-none-eabi/9.2.1/../../../../arm-none-eabi/lib/thumb/v7e-m/nofp/crt0.o (exit)
/opt/gcc-arm-none-eabi-9-2019-q4-major/bin/../lib/gcc/arm-none-eabi/9.2.1/../../../../arm-none-eabi/lib/thumb/v7e-m/nofp/libc.a(lib_a-impure.o)
                              /opt/gcc-arm-none-eabi-9-2019-q4-major/bin/../lib/gcc/arm-none-eabi/9.2.1/../../../../arm-none-eabi/lib/thumb/v7e-m/nofp/libc.a(lib_a-exit.o) (_global_impure_ptr)
/opt/gcc-arm-none-eabi-9-2019-q4-major/bin/../lib/gcc/arm-none-eabi/9.2.1/../../../../arm-none-eabi/lib/thumb/v7e-m/nofp/libc.a(lib_a-init.o)
                              /opt/gcc-arm-none-eabi-9-2019-q4-major/bin/../lib/gcc/arm-none-eabi/9.2.1/../../../../arm-none-eabi/lib/thumb/v7e-m/nofp/crt0.o (__libc_init_array)
/opt/gcc-arm-none-eabi-9-2019-q4-major/bin/../lib/gcc/arm-none-eabi/9.2.1/../../../../arm-none-eabi/lib/thumb/v7e-m/nofp/libc.a(lib_a-memcpy.o)
                              /opt/gcc-arm-none-eabi-9-2019-q4-major/bin/../lib/gcc/arm-none-eabi/9.2.1/thumb/v7e-m/nofp/libgcc.a(unwind-arm.o) (memcpy)
/opt/gcc-arm-none-eabi-9-2019-q4-major/bin/../lib/gcc/arm-none-eabi/9.2.1/../../../../arm-none-eabi/lib/thumb/v7e-m/nofp/libc.a(lib_a-memset.o)
                              /opt/gcc-arm-none-eabi-9-2019-q4-major/bin/../lib/gcc/arm-none-eabi/9.2.1/../../../../arm-none-eabi/lib/thumb/v7e-m/nofp/crt0.o (memset)
/opt/gcc-arm-none-eabi-9-2019-q4-major/bin/../lib/gcc/arm-none-eabi/9.2.1/../../../../arm-none-eabi/lib/thumb/v7e-m/nofp/libc.a(lib_a-signal.o)
                              /opt/gcc-arm-none-eabi-9-2019-q4-major/bin/../lib/gcc/arm-none-eabi/9.2.1/../../../../arm-none-eabi/lib/thumb/v7e-m/nofp/libc.a(lib_a-abort.o) (raise)
/opt/gcc-arm-none-eabi-9-2019-q4-major/bin/../lib/gcc/arm-none-eabi/9.2.1/../../../../arm-none-eabi/lib/thumb/v7e-m/nofp/libc.a(lib_a-signalr.o)
                              /opt/gcc-arm-none-eabi-9-2019-q4-major/bin/../lib/gcc/arm-none-eabi/9.2.1/../../../../arm-none-eabi/lib/thumb/v7e-m/nofp/libc.a(lib_a-signal.o) (_kill_r)
/opt/gcc-arm-none-eabi-9-2019-q4-major/bin/../lib/gcc/arm-none-eabi/9.2.1/../../../../arm-none-eabi/lib/thumb/v7e-m/nofp/libc.a(lib_a-__call_atexit.o)
                              /opt/gcc-arm-none-eabi-9-2019-q4-major/bin/../lib/gcc/arm-none-eabi/9.2.1/../../../../arm-none-eabi/lib/thumb/v7e-m/nofp/libc.a(lib_a-exit.o) (__call_exitprocs)
/opt/gcc-arm-none-eabi-9-2019-q4-major/bin/../lib/gcc/arm-none-eabi/9.2.1/../../../../arm-none-eabi/lib/thumb/v7e-m/nofp/libc.a(lib_a-atexit.o)
                              /opt/gcc-arm-none-eabi-9-2019-q4-major/bin/../lib/gcc/arm-none-eabi/9.2.1/../../../../arm-none-eabi/lib/thumb/v7e-m/nofp/libc.a(lib_a-__call_atexit.o) (atexit)
/opt/gcc-arm-none-eabi-9-2019-q4-major/bin/../lib/gcc/arm-none-eabi/9.2.1/../../../../arm-none-eabi/lib/thumb/v7e-m/nofp/libc.a(lib_a-fini.o)
                              /opt/gcc-arm-none-eabi-9-2019-q4-major/bin/../lib/gcc/arm-none-eabi/9.2.1/../../../../arm-none-eabi/lib/thumb/v7e-m/nofp/libc.a(lib_a-__call_atexit.o) (__libc_fini_array)
/opt/gcc-arm-none-eabi-9-2019-q4-major/bin/../lib/gcc/arm-none-eabi/9.2.1/../../../../arm-none-eabi/lib/thumb/v7e-m/nofp/libc.a(lib_a-lock.o)
                              /opt/gcc-arm-none-eabi-9-2019-q4-major/bin/../lib/gcc/arm-none-eabi/9.2.1/../../../../arm-none-eabi/lib/thumb/v7e-m/nofp/libc.a(lib_a-__call_atexit.o) (__retarget_lock_acquire_recursive)
/opt/gcc-arm-none-eabi-9-2019-q4-major/bin/../lib/gcc/arm-none-eabi/9.2.1/../../../../arm-none-eabi/lib/thumb/v7e-m/nofp/libc.a(lib_a-mallocr.o)
                              /opt/gcc-arm-none-eabi-9-2019-q4-major/bin/../lib/gcc/arm-none-eabi/9.2.1/../../../../arm-none-eabi/lib/thumb/v7e-m/nofp/libc.a(lib_a-signal.o) (_malloc_r)
/opt/gcc-arm-none-eabi-9-2019-q4-major/bin/../lib/gcc/arm-none-eabi/9.2.1/../../../../arm-none-eabi/lib/thumb/v7e-m/nofp/libc.a(lib_a-mlock.o)
                              /opt/gcc-arm-none-eabi-9-2019-q4-major/bin/../lib/gcc/arm-none-eabi/9.2.1/../../../../arm-none-eabi/lib/thumb/v7e-m/nofp/libc.a(lib_a-mallocr.o) (__malloc_lock)
/opt/gcc-arm-none-eabi-9-2019-q4-major/bin/../lib/gcc/arm-none-eabi/9.2.1/../../../../arm-none-eabi/lib/thumb/v7e-m/nofp/libc.a(lib_a-reent.o)
                              /opt/gcc-arm-none-eabi-9-2019-q4-major/bin/../lib/gcc/arm-none-eabi/9.2.1/../../../../arm-none-eabi/lib/thumb/v7e-m/nofp/libc.a(lib_a-signalr.o) (errno)
/opt/gcc-arm-none-eabi-9-2019-q4-major/bin/../lib/gcc/arm-none-eabi/9.2.1/../../../../arm-none-eabi/lib/thumb/v7e-m/nofp/libc.a(lib_a-sbrkr.o)
                              /opt/gcc-arm-none-eabi-9-2019-q4-major/bin/../lib/gcc/arm-none-eabi/9.2.1/../../../../arm-none-eabi/lib/thumb/v7e-m/nofp/libc.a(lib_a-mallocr.o) (_sbrk_r)
/opt/gcc-arm-none-eabi-9-2019-q4-major/bin/../lib/gcc/arm-none-eabi/9.2.1/../../../../arm-none-eabi/lib/thumb/v7e-m/nofp/libc.a(lib_a-__atexit.o)
                              /opt/gcc-arm-none-eabi-9-2019-q4-major/bin/../lib/gcc/arm-none-eabi/9.2.1/../../../../arm-none-eabi/lib/thumb/v7e-m/nofp/libc.a(lib_a-atexit.o) (__register_exitproc)
/opt/gcc-arm-none-eabi-9-2019-q4-major/bin/../lib/gcc/arm-none-eabi/9.2.1/../../../../arm-none-eabi/lib/thumb/v7e-m/nofp/libc.a(lib_a-freer.o)
                              /opt/gcc-arm-none-eabi-9-2019-q4-major/bin/../lib/gcc/arm-none-eabi/9.2.1/../../../../arm-none-eabi/lib/thumb/v7e-m/nofp/libc.a(lib_a-mallocr.o) (_free_r)
/opt/gcc-arm-none-eabi-9-2019-q4-major/bin/../lib/gcc/arm-none-eabi/9.2.1/../../../../arm-none-eabi/lib/thumb/v7e-m/nofp/libnosys.a(getpid.o)
                              /opt/gcc-arm-none-eabi-9-2019-q4-major/bin/../lib/gcc/arm-none-eabi/9.2.1/../../../../arm-none-eabi/lib/thumb/v7e-m/nofp/libc.a(lib_a-signalr.o) (_getpid)
/opt/gcc-arm-none-eabi-9-2019-q4-major/bin/../lib/gcc/arm-none-eabi/9.2.1/../../../../arm-none-eabi/lib/thumb/v7e-m/nofp/libnosys.a(kill.o)
                              /opt/gcc-arm-none-eabi-9-2019-q4-major/bin/../lib/gcc/arm-none-eabi/9.2.1/../../../../arm-none-eabi/lib/thumb/v7e-m/nofp/libc.a(lib_a-signalr.o) (_kill)
/opt/gcc-arm-none-eabi-9-2019-q4-major/bin/../lib/gcc/arm-none-eabi/9.2.1/../../../../arm-none-eabi/lib/thumb/v7e-m/nofp/libnosys.a(sbrk.o)
                              /opt/gcc-arm-none-eabi-9-2019-q4-major/bin/../lib/gcc/arm-none-eabi/9.2.1/../../../../arm-none-eabi/lib/thumb/v7e-m/nofp/libc.a(lib_a-sbrkr.o) (_sbrk)
/opt/gcc-arm-none-eabi-9-2019-q4-major/bin/../lib/gcc/arm-none-eabi/9.2.1/../../../../arm-none-eabi/lib/thumb/v7e-m/nofp/libnosys.a(_exit.o)
                              /opt/gcc-arm-none-eabi-9-2019-q4-major/bin/../lib/gcc/arm-none-eabi/9.2.1/../../../../arm-none-eabi/lib/thumb/v7e-m/nofp/libc.a(lib_a-abort.o) (_exit)

Allocating common symbols
Common symbol       size              file

__lock___atexit_recursive_mutex
                    0x1               /opt/gcc-arm-none-eabi-9-2019-q4-major/bin/../lib/gcc/arm-none-eabi/9.2.1/../../../../arm-none-eabi/lib/thumb/v7e-m/nofp/libc.a(lib_a-lock.o)
__lock___arc4random_mutex
                    0x1               /opt/gcc-arm-none-eabi-9-2019-q4-major/bin/../lib/gcc/arm-none-eabi/9.2.1/../../../../arm-none-eabi/lib/thumb/v7e-m/nofp/libc.a(lib_a-lock.o)
errno               0x4               /opt/gcc-arm-none-eabi-9-2019-q4-major/bin/../lib/gcc/arm-none-eabi/9.2.1/../../../../arm-none-eabi/lib/thumb/v7e-m/nofp/libc.a(lib_a-reent.o)
__lock___env_recursive_mutex
                    0x1               /opt/gcc-arm-none-eabi-9-2019-q4-major/bin/../lib/gcc/arm-none-eabi/9.2.1/../../../../arm-none-eabi/lib/thumb/v7e-m/nofp/libc.a(lib_a-lock.o)
__lock___sinit_recursive_mutex
                    0x1               /opt/gcc-arm-none-eabi-9-2019-q4-major/bin/../lib/gcc/arm-none-eabi/9.2.1/../../../../arm-none-eabi/lib/thumb/v7e-m/nofp/libc.a(lib_a-lock.o)
__lock___malloc_recursive_mutex
                    0x1               /opt/gcc-arm-none-eabi-9-2019-q4-major/bin/../lib/gcc/arm-none-eabi/9.2.1/../../../../arm-none-eabi/lib/thumb/v7e-m/nofp/libc.a(lib_a-lock.o)
__lock___at_quick_exit_mutex
                    0x1               /opt/gcc-arm-none-eabi-9-2019-q4-major/bin/../lib/gcc/arm-none-eabi/9.2.1/../../../../arm-none-eabi/lib/thumb/v7e-m/nofp/libc.a(lib_a-lock.o)
__lock___dd_hash_mutex
                    0x1               /opt/gcc-arm-none-eabi-9-2019-q4-major/bin/../lib/gcc/arm-none-eabi/9.2.1/../../../../arm-none-eabi/lib/thumb/v7e-m/nofp/libc.a(lib_a-lock.o)
__lock___tz_mutex   0x1               /opt/gcc-arm-none-eabi-9-2019-q4-major/bin/../lib/gcc/arm-none-eabi/9.2.1/../../../../arm-none-eabi/lib/thumb/v7e-m/nofp/libc.a(lib_a-lock.o)
__lock___sfp_recursive_mutex
                    0x1               /opt/gcc-arm-none-eabi-9-2019-q4-major/bin/../lib/gcc/arm-none-eabi/9.2.1/../../../../arm-none-eabi/lib/thumb/v7e-m/nofp/libc.a(lib_a-lock.o)

Discarded input sections

 .text          0x0000000000000000        0x0 /opt/gcc-arm-none-eabi-9-2019-q4-major/bin/../lib/gcc/arm-none-eabi/9.2.1/thumb/v7e-m/nofp/crti.o
 .data          0x0000000000000000        0x0 /opt/gcc-arm-none-eabi-9-2019-q4-major/bin/../lib/gcc/arm-none-eabi/9.2.1/thumb/v7e-m/nofp/crti.o
 .bss           0x0000000000000000        0x0 /opt/gcc-arm-none-eabi-9-2019-q4-major/bin/../lib/gcc/arm-none-eabi/9.2.1/thumb/v7e-m/nofp/crti.o
 .data          0x0000000000000000        0x4 /opt/gcc-arm-none-eabi-9-2019-q4-major/bin/../lib/gcc/arm-none-eabi/9.2.1/thumb/v7e-m/nofp/crtbegin.o
 .data          0x0000000000000000        0x0 /opt/gcc-arm-none-eabi-9-2019-q4-major/bin/../lib/gcc/arm-none-eabi/9.2.1/../../../../arm-none-eabi/lib/thumb/v7e-m/nofp/crt0.o
 .bss           0x0000000000000000        0x0 /opt/gcc-arm-none-eabi-9-2019-q4-major/bin/../lib/gcc/arm-none-eabi/9.2.1/../../../../arm-none-eabi/lib/thumb/v7e-m/nofp/crt0.o
 .ARM.extab     0x0000000000000000        0x0 /opt/gcc-arm-none-eabi-9-2019-q4-major/bin/../lib/gcc/arm-none-eabi/9.2.1/../../../../arm-none-eabi/lib/thumb/v7e-m/nofp/crt0.o
 .text          0x0000000000000000        0x0 CMakeFiles/lab2.dir/main.c.obj
 .text.wait     0x0000000000000000       0x30 CMakeFiles/lab2.dir/main.c.obj
 .ARM.extab.text.wait
                0x0000000000000000        0x0 CMakeFiles/lab2.dir/main.c.obj
 .ARM.exidx.text.wait
                0x0000000000000000        0x8 CMakeFiles/lab2.dir/main.c.obj
 .ARM.extab.text.setup
                0x0000000000000000        0x0 CMakeFiles/lab2.dir/main.c.obj
 .ARM.extab.text.stepCCW
                0x0000000000000000        0x0 CMakeFiles/lab2.dir/main.c.obj
 .ARM.extab.text.stepCW
                0x0000000000000000        0x0 CMakeFiles/lab2.dir/main.c.obj
 .ARM.extab.text.setup_timer10HZ
                0x0000000000000000        0x0 CMakeFiles/lab2.dir/main.c.obj
 .ARM.extab.text.main
                0x0000000000000000        0x0 CMakeFiles/lab2.dir/main.c.obj
 .text          0x0000000000000000        0x0 CMakeFiles/lab2.dir/Users/epico/Downloads/coro-micro-tp-etu-master/lib/adc.c.obj
 .data          0x0000000000000000        0x0 CMakeFiles/lab2.dir/Users/epico/Downloads/coro-micro-tp-etu-master/lib/adc.c.obj
 .bss           0x0000000000000000        0x0 CMakeFiles/lab2.dir/Users/epico/Downloads/coro-micro-tp-etu-master/lib/adc.c.obj
 .text.ADCInit  0x0000000000000000      0x138 CMakeFiles/lab2.dir/Users/epico/Downloads/coro-micro-tp-etu-master/lib/adc.c.obj
 .ARM.extab.text.ADCInit
                0x0000000000000000        0x0 CMakeFiles/lab2.dir/Users/epico/Downloads/coro-micro-tp-etu-master/lib/adc.c.obj
 .ARM.exidx.text.ADCInit
                0x0000000000000000        0x8 CMakeFiles/lab2.dir/Users/epico/Downloads/coro-micro-tp-etu-master/lib/adc.c.obj
 .text.ADCRead  0x0000000000000000       0x4e CMakeFiles/lab2.dir/Users/epico/Downloads/coro-micro-tp-etu-master/lib/adc.c.obj
 .ARM.extab.text.ADCRead
                0x0000000000000000        0x0 CMakeFiles/lab2.dir/Users/epico/Downloads/coro-micro-tp-etu-master/lib/adc.c.obj
 .ARM.exidx.text.ADCRead
                0x0000000000000000        0x8 CMakeFiles/lab2.dir/Users/epico/Downloads/coro-micro-tp-etu-master/lib/adc.c.obj
 .debug_info    0x0000000000000000      0x564 CMakeFiles/lab2.dir/Users/epico/Downloads/coro-micro-tp-etu-master/lib/adc.c.obj
 .debug_abbrev  0x0000000000000000      0x14f CMakeFiles/lab2.dir/Users/epico/Downloads/coro-micro-tp-etu-master/lib/adc.c.obj
 .debug_aranges
                0x0000000000000000       0x28 CMakeFiles/lab2.dir/Users/epico/Downloads/coro-micro-tp-etu-master/lib/adc.c.obj
 .debug_ranges  0x0000000000000000       0x18 CMakeFiles/lab2.dir/Users/epico/Downloads/coro-micro-tp-etu-master/lib/adc.c.obj
 .debug_line    0x0000000000000000      0x2a5 CMakeFiles/lab2.dir/Users/epico/Downloads/coro-micro-tp-etu-master/lib/adc.c.obj
 .debug_str     0x0000000000000000      0x3da CMakeFiles/lab2.dir/Users/epico/Downloads/coro-micro-tp-etu-master/lib/adc.c.obj
 .comment       0x0000000000000000       0x7a CMakeFiles/lab2.dir/Users/epico/Downloads/coro-micro-tp-etu-master/lib/adc.c.obj
 .debug_frame   0x0000000000000000       0x60 CMakeFiles/lab2.dir/Users/epico/Downloads/coro-micro-tp-etu-master/lib/adc.c.obj
 .ARM.attributes
                0x0000000000000000       0x2e CMakeFiles/lab2.dir/Users/epico/Downloads/coro-micro-tp-etu-master/lib/adc.c.obj
 .text          0x0000000000000000        0x0 CMakeFiles/lab2.dir/Users/epico/Downloads/coro-micro-tp-etu-master/lib/pinAccess.c.obj
 .data          0x0000000000000000        0x0 CMakeFiles/lab2.dir/Users/epico/Downloads/coro-micro-tp-etu-master/lib/pinAccess.c.obj
 .bss           0x0000000000000000        0x0 CMakeFiles/lab2.dir/Users/epico/Downloads/coro-micro-tp-etu-master/lib/pinAccess.c.obj
 .text.clockForGpio
                0x0000000000000000       0x94 CMakeFiles/lab2.dir/Users/epico/Downloads/coro-micro-tp-etu-master/lib/pinAccess.c.obj
 .ARM.extab.text.clockForGpio
                0x0000000000000000        0x0 CMakeFiles/lab2.dir/Users/epico/Downloads/coro-micro-tp-etu-master/lib/pinAccess.c.obj
 .ARM.exidx.text.clockForGpio
                0x0000000000000000        0x8 CMakeFiles/lab2.dir/Users/epico/Downloads/coro-micro-tp-etu-master/lib/pinAccess.c.obj
 .text.pinMode  0x0000000000000000      0x16c CMakeFiles/lab2.dir/Users/epico/Downloads/coro-micro-tp-etu-master/lib/pinAccess.c.obj
 .ARM.extab.text.pinMode
                0x0000000000000000        0x0 CMakeFiles/lab2.dir/Users/epico/Downloads/coro-micro-tp-etu-master/lib/pinAccess.c.obj
 .ARM.exidx.text.pinMode
                0x0000000000000000        0x8 CMakeFiles/lab2.dir/Users/epico/Downloads/coro-micro-tp-etu-master/lib/pinAccess.c.obj
 .text.digitalWrite
                0x0000000000000000       0x7c CMakeFiles/lab2.dir/Users/epico/Downloads/coro-micro-tp-etu-master/lib/pinAccess.c.obj
 .ARM.extab.text.digitalWrite
                0x0000000000000000        0x0 CMakeFiles/lab2.dir/Users/epico/Downloads/coro-micro-tp-etu-master/lib/pinAccess.c.obj
 .ARM.exidx.text.digitalWrite
                0x0000000000000000        0x8 CMakeFiles/lab2.dir/Users/epico/Downloads/coro-micro-tp-etu-master/lib/pinAccess.c.obj
 .text.digitalToggle
                0x0000000000000000       0x84 CMakeFiles/lab2.dir/Users/epico/Downloads/coro-micro-tp-etu-master/lib/pinAccess.c.obj
 .ARM.extab.text.digitalToggle
                0x0000000000000000        0x0 CMakeFiles/lab2.dir/Users/epico/Downloads/coro-micro-tp-etu-master/lib/pinAccess.c.obj
 .ARM.exidx.text.digitalToggle
                0x0000000000000000        0x8 CMakeFiles/lab2.dir/Users/epico/Downloads/coro-micro-tp-etu-master/lib/pinAccess.c.obj
 .text.digitalRead
                0x0000000000000000       0x74 CMakeFiles/lab2.dir/Users/epico/Downloads/coro-micro-tp-etu-master/lib/pinAccess.c.obj
 .ARM.extab.text.digitalRead
                0x0000000000000000        0x0 CMakeFiles/lab2.dir/Users/epico/Downloads/coro-micro-tp-etu-master/lib/pinAccess.c.obj
 .ARM.exidx.text.digitalRead
                0x0000000000000000        0x8 CMakeFiles/lab2.dir/Users/epico/Downloads/coro-micro-tp-etu-master/lib/pinAccess.c.obj
 .text.pinAlt   0x0000000000000000       0xfc CMakeFiles/lab2.dir/Users/epico/Downloads/coro-micro-tp-etu-master/lib/pinAccess.c.obj
 .ARM.extab.text.pinAlt
                0x0000000000000000        0x0 CMakeFiles/lab2.dir/Users/epico/Downloads/coro-micro-tp-etu-master/lib/pinAccess.c.obj
 .ARM.exidx.text.pinAlt
                0x0000000000000000        0x8 CMakeFiles/lab2.dir/Users/epico/Downloads/coro-micro-tp-etu-master/lib/pinAccess.c.obj
 .text.pinAnalog
                0x0000000000000000       0x90 CMakeFiles/lab2.dir/Users/epico/Downloads/coro-micro-tp-etu-master/lib/pinAccess.c.obj
 .ARM.extab.text.pinAnalog
                0x0000000000000000        0x0 CMakeFiles/lab2.dir/Users/epico/Downloads/coro-micro-tp-etu-master/lib/pinAccess.c.obj
 .ARM.exidx.text.pinAnalog
                0x0000000000000000        0x8 CMakeFiles/lab2.dir/Users/epico/Downloads/coro-micro-tp-etu-master/lib/pinAccess.c.obj
 .debug_info    0x0000000000000000      0x492 CMakeFiles/lab2.dir/Users/epico/Downloads/coro-micro-tp-etu-master/lib/pinAccess.c.obj
 .debug_abbrev  0x0000000000000000      0x15c CMakeFiles/lab2.dir/Users/epico/Downloads/coro-micro-tp-etu-master/lib/pinAccess.c.obj
 .debug_aranges
                0x0000000000000000       0x50 CMakeFiles/lab2.dir/Users/epico/Downloads/coro-micro-tp-etu-master/lib/pinAccess.c.obj
 .debug_ranges  0x0000000000000000       0x40 CMakeFiles/lab2.dir/Users/epico/Downloads/coro-micro-tp-etu-master/lib/pinAccess.c.obj
 .debug_line    0x0000000000000000      0x4f4 CMakeFiles/lab2.dir/Users/epico/Downloads/coro-micro-tp-etu-master/lib/pinAccess.c.obj
 .debug_str     0x0000000000000000      0x33f CMakeFiles/lab2.dir/Users/epico/Downloads/coro-micro-tp-etu-master/lib/pinAccess.c.obj
 .comment       0x0000000000000000       0x7a CMakeFiles/lab2.dir/Users/epico/Downloads/coro-micro-tp-etu-master/lib/pinAccess.c.obj
 .debug_frame   0x0000000000000000      0x11c CMakeFiles/lab2.dir/Users/epico/Downloads/coro-micro-tp-etu-master/lib/pinAccess.c.obj
 .ARM.attributes
                0x0000000000000000       0x2e CMakeFiles/lab2.dir/Users/epico/Downloads/coro-micro-tp-etu-master/lib/pinAccess.c.obj
 .text          0x0000000000000000        0x0 CMakeFiles/lab2.dir/Users/epico/Downloads/coro-micro-tp-etu-master/lib/spi.c.obj
 .data          0x0000000000000000        0x0 CMakeFiles/lab2.dir/Users/epico/Downloads/coro-micro-tp-etu-master/lib/spi.c.obj
 .bss           0x0000000000000000        0x0 CMakeFiles/lab2.dir/Users/epico/Downloads/coro-micro-tp-etu-master/lib/spi.c.obj
 .text.setupSPI
                0x0000000000000000       0xb4 CMakeFiles/lab2.dir/Users/epico/Downloads/coro-micro-tp-etu-master/lib/spi.c.obj
 .ARM.extab.text.setupSPI
                0x0000000000000000        0x0 CMakeFiles/lab2.dir/Users/epico/Downloads/coro-micro-tp-etu-master/lib/spi.c.obj
 .ARM.exidx.text.setupSPI
                0x0000000000000000        0x8 CMakeFiles/lab2.dir/Users/epico/Downloads/coro-micro-tp-etu-master/lib/spi.c.obj
 .text.beginTransaction
                0x0000000000000000       0x1a CMakeFiles/lab2.dir/Users/epico/Downloads/coro-micro-tp-etu-master/lib/spi.c.obj
 .ARM.extab.text.beginTransaction
                0x0000000000000000        0x0 CMakeFiles/lab2.dir/Users/epico/Downloads/coro-micro-tp-etu-master/lib/spi.c.obj
 .ARM.exidx.text.beginTransaction
                0x0000000000000000        0x8 CMakeFiles/lab2.dir/Users/epico/Downloads/coro-micro-tp-etu-master/lib/spi.c.obj
 .text.endTransaction
                0x0000000000000000       0x28 CMakeFiles/lab2.dir/Users/epico/Downloads/coro-micro-tp-etu-master/lib/spi.c.obj
 .ARM.extab.text.endTransaction
                0x0000000000000000        0x0 CMakeFiles/lab2.dir/Users/epico/Downloads/coro-micro-tp-etu-master/lib/spi.c.obj
 .ARM.exidx.text.endTransaction
                0x0000000000000000        0x8 CMakeFiles/lab2.dir/Users/epico/Downloads/coro-micro-tp-etu-master/lib/spi.c.obj
 .text.transfer8
                0x0000000000000000       0x60 CMakeFiles/lab2.dir/Users/epico/Downloads/coro-micro-tp-etu-master/lib/spi.c.obj
 .ARM.extab.text.transfer8
                0x0000000000000000        0x0 CMakeFiles/lab2.dir/Users/epico/Downloads/coro-micro-tp-etu-master/lib/spi.c.obj
 .ARM.exidx.text.transfer8
                0x0000000000000000        0x8 CMakeFiles/lab2.dir/Users/epico/Downloads/coro-micro-tp-etu-master/lib/spi.c.obj
 .text.write8   0x0000000000000000       0x34 CMakeFiles/lab2.dir/Users/epico/Downloads/coro-micro-tp-etu-master/lib/spi.c.obj
 .ARM.extab.text.write8
                0x0000000000000000        0x0 CMakeFiles/lab2.dir/Users/epico/Downloads/coro-micro-tp-etu-master/lib/spi.c.obj
 .ARM.exidx.text.write8
                0x0000000000000000        0x8 CMakeFiles/lab2.dir/Users/epico/Downloads/coro-micro-tp-etu-master/lib/spi.c.obj
 .debug_info    0x0000000000000000      0x3fc CMakeFiles/lab2.dir/Users/epico/Downloads/coro-micro-tp-etu-master/lib/spi.c.obj
 .debug_abbrev  0x0000000000000000      0x156 CMakeFiles/lab2.dir/Users/epico/Downloads/coro-micro-tp-etu-master/lib/spi.c.obj
 .debug_aranges
                0x0000000000000000       0x40 CMakeFiles/lab2.dir/Users/epico/Downloads/coro-micro-tp-etu-master/lib/spi.c.obj
 .debug_ranges  0x0000000000000000       0x30 CMakeFiles/lab2.dir/Users/epico/Downloads/coro-micro-tp-etu-master/lib/spi.c.obj
 .debug_line    0x0000000000000000      0x305 CMakeFiles/lab2.dir/Users/epico/Downloads/coro-micro-tp-etu-master/lib/spi.c.obj
 .debug_str     0x0000000000000000      0x327 CMakeFiles/lab2.dir/Users/epico/Downloads/coro-micro-tp-etu-master/lib/spi.c.obj
 .comment       0x0000000000000000       0x7a CMakeFiles/lab2.dir/Users/epico/Downloads/coro-micro-tp-etu-master/lib/spi.c.obj
 .debug_frame   0x0000000000000000       0xc8 CMakeFiles/lab2.dir/Users/epico/Downloads/coro-micro-tp-etu-master/lib/spi.c.obj
 .ARM.attributes
                0x0000000000000000       0x2e CMakeFiles/lab2.dir/Users/epico/Downloads/coro-micro-tp-etu-master/lib/spi.c.obj
 .text          0x0000000000000000        0x0 CMakeFiles/lab2.dir/Users/epico/Downloads/coro-micro-tp-etu-master/lib/dummySerial.c.obj
 .data          0x0000000000000000        0x0 CMakeFiles/lab2.dir/Users/epico/Downloads/coro-micro-tp-etu-master/lib/dummySerial.c.obj
 .bss           0x0000000000000000        0x0 CMakeFiles/lab2.dir/Users/epico/Downloads/coro-micro-tp-etu-master/lib/dummySerial.c.obj
 .text.serialInit
                0x0000000000000000        0xc CMakeFiles/lab2.dir/Users/epico/Downloads/coro-micro-tp-etu-master/lib/dummySerial.c.obj
 .ARM.extab.text.serialInit
                0x0000000000000000        0x0 CMakeFiles/lab2.dir/Users/epico/Downloads/coro-micro-tp-etu-master/lib/dummySerial.c.obj
 .ARM.exidx.text.serialInit
                0x0000000000000000        0x8 CMakeFiles/lab2.dir/Users/epico/Downloads/coro-micro-tp-etu-master/lib/dummySerial.c.obj
 .text.serialPutChar
                0x0000000000000000       0x20 CMakeFiles/lab2.dir/Users/epico/Downloads/coro-micro-tp-etu-master/lib/dummySerial.c.obj
 .ARM.extab.text.serialPutChar
                0x0000000000000000        0x0 CMakeFiles/lab2.dir/Users/epico/Downloads/coro-micro-tp-etu-master/lib/dummySerial.c.obj
 .ARM.exidx.text.serialPutChar
                0x0000000000000000        0x8 CMakeFiles/lab2.dir/Users/epico/Downloads/coro-micro-tp-etu-master/lib/dummySerial.c.obj
 .text.serialPutString
                0x0000000000000000       0x2a CMakeFiles/lab2.dir/Users/epico/Downloads/coro-micro-tp-etu-master/lib/dummySerial.c.obj
 .ARM.extab.text.serialPutString
                0x0000000000000000        0x0 CMakeFiles/lab2.dir/Users/epico/Downloads/coro-micro-tp-etu-master/lib/dummySerial.c.obj
 .ARM.exidx.text.serialPutString
                0x0000000000000000        0x8 CMakeFiles/lab2.dir/Users/epico/Downloads/coro-micro-tp-etu-master/lib/dummySerial.c.obj
 .debug_info    0x0000000000000000      0x270 CMakeFiles/lab2.dir/Users/epico/Downloads/coro-micro-tp-etu-master/lib/dummySerial.c.obj
 .debug_abbrev  0x0000000000000000      0x129 CMakeFiles/lab2.dir/Users/epico/Downloads/coro-micro-tp-etu-master/lib/dummySerial.c.obj
 .debug_aranges
                0x0000000000000000       0x30 CMakeFiles/lab2.dir/Users/epico/Downloads/coro-micro-tp-etu-master/lib/dummySerial.c.obj
 .debug_ranges  0x0000000000000000       0x20 CMakeFiles/lab2.dir/Users/epico/Downloads/coro-micro-tp-etu-master/lib/dummySerial.c.obj
 .debug_line    0x0000000000000000      0x243 CMakeFiles/lab2.dir/Users/epico/Downloads/coro-micro-tp-etu-master/lib/dummySerial.c.obj
 .debug_str     0x0000000000000000      0x2aa CMakeFiles/lab2.dir/Users/epico/Downloads/coro-micro-tp-etu-master/lib/dummySerial.c.obj
 .comment       0x0000000000000000       0x7a CMakeFiles/lab2.dir/Users/epico/Downloads/coro-micro-tp-etu-master/lib/dummySerial.c.obj
 .debug_frame   0x0000000000000000       0x7c CMakeFiles/lab2.dir/Users/epico/Downloads/coro-micro-tp-etu-master/lib/dummySerial.c.obj
 .ARM.attributes
                0x0000000000000000       0x2e CMakeFiles/lab2.dir/Users/epico/Downloads/coro-micro-tp-etu-master/lib/dummySerial.c.obj
 .text          0x0000000000000000        0x0 CMakeFiles/lab2.dir/Users/epico/Downloads/coro-micro-tp-etu-master/lib/exti.c.obj
 .data          0x0000000000000000        0x0 CMakeFiles/lab2.dir/Users/epico/Downloads/coro-micro-tp-etu-master/lib/exti.c.obj
 .bss           0x0000000000000000        0x0 CMakeFiles/lab2.dir/Users/epico/Downloads/coro-micro-tp-etu-master/lib/exti.c.obj
 .text.NVIC_EnableIRQ
                0x0000000000000000       0x30 CMakeFiles/lab2.dir/Users/epico/Downloads/coro-micro-tp-etu-master/lib/exti.c.obj
 .ARM.extab.text.NVIC_EnableIRQ
                0x0000000000000000        0x0 CMakeFiles/lab2.dir/Users/epico/Downloads/coro-micro-tp-etu-master/lib/exti.c.obj
 .ARM.exidx.text.NVIC_EnableIRQ
                0x0000000000000000        0x8 CMakeFiles/lab2.dir/Users/epico/Downloads/coro-micro-tp-etu-master/lib/exti.c.obj
 .rodata        0x0000000000000000       0x10 CMakeFiles/lab2.dir/Users/epico/Downloads/coro-micro-tp-etu-master/lib/exti.c.obj
 .text.attachInterrupt
                0x0000000000000000      0x180 CMakeFiles/lab2.dir/Users/epico/Downloads/coro-micro-tp-etu-master/lib/exti.c.obj
 .ARM.extab.text.attachInterrupt
                0x0000000000000000        0x0 CMakeFiles/lab2.dir/Users/epico/Downloads/coro-micro-tp-etu-master/lib/exti.c.obj
 .ARM.exidx.text.attachInterrupt
                0x0000000000000000        0x8 CMakeFiles/lab2.dir/Users/epico/Downloads/coro-micro-tp-etu-master/lib/exti.c.obj
 .debug_info    0x0000000000000000      0x811 CMakeFiles/lab2.dir/Users/epico/Downloads/coro-micro-tp-etu-master/lib/exti.c.obj
 .debug_abbrev  0x0000000000000000      0x190 CMakeFiles/lab2.dir/Users/epico/Downloads/coro-micro-tp-etu-master/lib/exti.c.obj
 .debug_aranges
                0x0000000000000000       0x28 CMakeFiles/lab2.dir/Users/epico/Downloads/coro-micro-tp-etu-master/lib/exti.c.obj
 .debug_ranges  0x0000000000000000       0x18 CMakeFiles/lab2.dir/Users/epico/Downloads/coro-micro-tp-etu-master/lib/exti.c.obj
 .debug_line    0x0000000000000000      0x2bf CMakeFiles/lab2.dir/Users/epico/Downloads/coro-micro-tp-etu-master/lib/exti.c.obj
 .debug_str     0x0000000000000000      0x71a CMakeFiles/lab2.dir/Users/epico/Downloads/coro-micro-tp-etu-master/lib/exti.c.obj
 .comment       0x0000000000000000       0x7a CMakeFiles/lab2.dir/Users/epico/Downloads/coro-micro-tp-etu-master/lib/exti.c.obj
 .debug_frame   0x0000000000000000       0x5c CMakeFiles/lab2.dir/Users/epico/Downloads/coro-micro-tp-etu-master/lib/exti.c.obj
 .ARM.attributes
                0x0000000000000000       0x2e CMakeFiles/lab2.dir/Users/epico/Downloads/coro-micro-tp-etu-master/lib/exti.c.obj
 .text          0x0000000000000000        0x0 CMakeFiles/lab2.dir/Users/epico/Downloads/coro-micro-tp-etu-master/sys/startup_ARMCM4.c.obj
 .data          0x0000000000000000        0x0 CMakeFiles/lab2.dir/Users/epico/Downloads/coro-micro-tp-etu-master/sys/startup_ARMCM4.c.obj
 .bss           0x0000000000000000        0x0 CMakeFiles/lab2.dir/Users/epico/Downloads/coro-micro-tp-etu-master/sys/startup_ARMCM4.c.obj
 .ARM.extab.text.Default_Handler
                0x0000000000000000        0x0 CMakeFiles/lab2.dir/Users/epico/Downloads/coro-micro-tp-etu-master/sys/startup_ARMCM4.c.obj
 .text          0x0000000000000000        0x0 CMakeFiles/lab2.dir/Users/epico/Downloads/coro-micro-tp-etu-master/sys/startup_clock.c.obj
 .data          0x0000000000000000        0x0 CMakeFiles/lab2.dir/Users/epico/Downloads/coro-micro-tp-etu-master/sys/startup_clock.c.obj
 .bss           0x0000000000000000        0x0 CMakeFiles/lab2.dir/Users/epico/Downloads/coro-micro-tp-etu-master/sys/startup_clock.c.obj
 .ARM.extab.text.SystemInit
                0x0000000000000000        0x0 CMakeFiles/lab2.dir/Users/epico/Downloads/coro-micro-tp-etu-master/sys/startup_clock.c.obj
 .data          0x0000000000000000        0x0 /opt/gcc-arm-none-eabi-9-2019-q4-major/bin/../lib/gcc/arm-none-eabi/9.2.1/thumb/v7e-m/nofp/libgcc.a(unwind-arm.o)
 .bss           0x0000000000000000        0x0 /opt/gcc-arm-none-eabi-9-2019-q4-major/bin/../lib/gcc/arm-none-eabi/9.2.1/thumb/v7e-m/nofp/libgcc.a(unwind-arm.o)
 .ARM.extab     0x0000000000000000        0x0 /opt/gcc-arm-none-eabi-9-2019-q4-major/bin/../lib/gcc/arm-none-eabi/9.2.1/thumb/v7e-m/nofp/libgcc.a(unwind-arm.o)
 .debug_frame   0x0000000000000000      0x2e4 /opt/gcc-arm-none-eabi-9-2019-q4-major/bin/../lib/gcc/arm-none-eabi/9.2.1/thumb/v7e-m/nofp/libgcc.a(unwind-arm.o)
 .ARM.attributes
                0x0000000000000000       0x2e /opt/gcc-arm-none-eabi-9-2019-q4-major/bin/../lib/gcc/arm-none-eabi/9.2.1/thumb/v7e-m/nofp/libgcc.a(unwind-arm.o)
 .data          0x0000000000000000        0x0 /opt/gcc-arm-none-eabi-9-2019-q4-major/bin/../lib/gcc/arm-none-eabi/9.2.1/thumb/v7e-m/nofp/libgcc.a(libunwind.o)
 .bss           0x0000000000000000        0x0 /opt/gcc-arm-none-eabi-9-2019-q4-major/bin/../lib/gcc/arm-none-eabi/9.2.1/thumb/v7e-m/nofp/libgcc.a(libunwind.o)
 .ARM.attributes
                0x0000000000000000       0x1e /opt/gcc-arm-none-eabi-9-2019-q4-major/bin/../lib/gcc/arm-none-eabi/9.2.1/thumb/v7e-m/nofp/libgcc.a(libunwind.o)
 .data          0x0000000000000000        0x0 /opt/gcc-arm-none-eabi-9-2019-q4-major/bin/../lib/gcc/arm-none-eabi/9.2.1/thumb/v7e-m/nofp/libgcc.a(pr-support.o)
 .bss           0x0000000000000000        0x0 /opt/gcc-arm-none-eabi-9-2019-q4-major/bin/../lib/gcc/arm-none-eabi/9.2.1/thumb/v7e-m/nofp/libgcc.a(pr-support.o)
 .text.unlikely
                0x0000000000000000        0xc /opt/gcc-arm-none-eabi-9-2019-q4-major/bin/../lib/gcc/arm-none-eabi/9.2.1/thumb/v7e-m/nofp/libgcc.a(pr-support.o)
 .ARM.extab.text.unlikely
                0x0000000000000000        0x0 /opt/gcc-arm-none-eabi-9-2019-q4-major/bin/../lib/gcc/arm-none-eabi/9.2.1/thumb/v7e-m/nofp/libgcc.a(pr-support.o)
 .ARM.exidx.text.unlikely
                0x0000000000000000       0x10 /opt/gcc-arm-none-eabi-9-2019-q4-major/bin/../lib/gcc/arm-none-eabi/9.2.1/thumb/v7e-m/nofp/libgcc.a(pr-support.o)
 .debug_frame   0x0000000000000000      0x104 /opt/gcc-arm-none-eabi-9-2019-q4-major/bin/../lib/gcc/arm-none-eabi/9.2.1/thumb/v7e-m/nofp/libgcc.a(pr-support.o)
 .ARM.attributes
                0x0000000000000000       0x2e /opt/gcc-arm-none-eabi-9-2019-q4-major/bin/../lib/gcc/arm-none-eabi/9.2.1/thumb/v7e-m/nofp/libgcc.a(pr-support.o)
 .text          0x0000000000000000        0x0 /opt/gcc-arm-none-eabi-9-2019-q4-major/bin/../lib/gcc/arm-none-eabi/9.2.1/../../../../arm-none-eabi/lib/thumb/v7e-m/nofp/libc.a(lib_a-abort.o)
 .data          0x0000000000000000        0x0 /opt/gcc-arm-none-eabi-9-2019-q4-major/bin/../lib/gcc/arm-none-eabi/9.2.1/../../../../arm-none-eabi/lib/thumb/v7e-m/nofp/libc.a(lib_a-abort.o)
 .bss           0x0000000000000000        0x0 /opt/gcc-arm-none-eabi-9-2019-q4-major/bin/../lib/gcc/arm-none-eabi/9.2.1/../../../../arm-none-eabi/lib/thumb/v7e-m/nofp/libc.a(lib_a-abort.o)
 .debug_frame   0x0000000000000000       0x28 /opt/gcc-arm-none-eabi-9-2019-q4-major/bin/../lib/gcc/arm-none-eabi/9.2.1/../../../../arm-none-eabi/lib/thumb/v7e-m/nofp/libc.a(lib_a-abort.o)
 .ARM.attributes
                0x0000000000000000       0x2e /opt/gcc-arm-none-eabi-9-2019-q4-major/bin/../lib/gcc/arm-none-eabi/9.2.1/../../../../arm-none-eabi/lib/thumb/v7e-m/nofp/libc.a(lib_a-abort.o)
 .text          0x0000000000000000        0x0 /opt/gcc-arm-none-eabi-9-2019-q4-major/bin/../lib/gcc/arm-none-eabi/9.2.1/../../../../arm-none-eabi/lib/thumb/v7e-m/nofp/libc.a(lib_a-exit.o)
 .data          0x0000000000000000        0x0 /opt/gcc-arm-none-eabi-9-2019-q4-major/bin/../lib/gcc/arm-none-eabi/9.2.1/../../../../arm-none-eabi/lib/thumb/v7e-m/nofp/libc.a(lib_a-exit.o)
 .bss           0x0000000000000000        0x0 /opt/gcc-arm-none-eabi-9-2019-q4-major/bin/../lib/gcc/arm-none-eabi/9.2.1/../../../../arm-none-eabi/lib/thumb/v7e-m/nofp/libc.a(lib_a-exit.o)
 .text          0x0000000000000000        0x0 /opt/gcc-arm-none-eabi-9-2019-q4-major/bin/../lib/gcc/arm-none-eabi/9.2.1/../../../../arm-none-eabi/lib/thumb/v7e-m/nofp/libc.a(lib_a-impure.o)
 .data          0x0000000000000000        0x0 /opt/gcc-arm-none-eabi-9-2019-q4-major/bin/../lib/gcc/arm-none-eabi/9.2.1/../../../../arm-none-eabi/lib/thumb/v7e-m/nofp/libc.a(lib_a-impure.o)
 .bss           0x0000000000000000        0x0 /opt/gcc-arm-none-eabi-9-2019-q4-major/bin/../lib/gcc/arm-none-eabi/9.2.1/../../../../arm-none-eabi/lib/thumb/v7e-m/nofp/libc.a(lib_a-impure.o)
 .text          0x0000000000000000        0x0 /opt/gcc-arm-none-eabi-9-2019-q4-major/bin/../lib/gcc/arm-none-eabi/9.2.1/../../../../arm-none-eabi/lib/thumb/v7e-m/nofp/libc.a(lib_a-init.o)
 .data          0x0000000000000000        0x0 /opt/gcc-arm-none-eabi-9-2019-q4-major/bin/../lib/gcc/arm-none-eabi/9.2.1/../../../../arm-none-eabi/lib/thumb/v7e-m/nofp/libc.a(lib_a-init.o)
 .bss           0x0000000000000000        0x0 /opt/gcc-arm-none-eabi-9-2019-q4-major/bin/../lib/gcc/arm-none-eabi/9.2.1/../../../../arm-none-eabi/lib/thumb/v7e-m/nofp/libc.a(lib_a-init.o)
 .data          0x0000000000000000        0x0 /opt/gcc-arm-none-eabi-9-2019-q4-major/bin/../lib/gcc/arm-none-eabi/9.2.1/../../../../arm-none-eabi/lib/thumb/v7e-m/nofp/libc.a(lib_a-memcpy.o)
 .bss           0x0000000000000000        0x0 /opt/gcc-arm-none-eabi-9-2019-q4-major/bin/../lib/gcc/arm-none-eabi/9.2.1/../../../../arm-none-eabi/lib/thumb/v7e-m/nofp/libc.a(lib_a-memcpy.o)
 .ARM.attributes
                0x0000000000000000       0x1c /opt/gcc-arm-none-eabi-9-2019-q4-major/bin/../lib/gcc/arm-none-eabi/9.2.1/../../../../arm-none-eabi/lib/thumb/v7e-m/nofp/libc.a(lib_a-memcpy.o)
 .text          0x0000000000000000        0x0 /opt/gcc-arm-none-eabi-9-2019-q4-major/bin/../lib/gcc/arm-none-eabi/9.2.1/../../../../arm-none-eabi/lib/thumb/v7e-m/nofp/libc.a(lib_a-memset.o)
 .data          0x0000000000000000        0x0 /opt/gcc-arm-none-eabi-9-2019-q4-major/bin/../lib/gcc/arm-none-eabi/9.2.1/../../../../arm-none-eabi/lib/thumb/v7e-m/nofp/libc.a(lib_a-memset.o)
 .bss           0x0000000000000000        0x0 /opt/gcc-arm-none-eabi-9-2019-q4-major/bin/../lib/gcc/arm-none-eabi/9.2.1/../../../../arm-none-eabi/lib/thumb/v7e-m/nofp/libc.a(lib_a-memset.o)
 .text          0x0000000000000000        0x0 /opt/gcc-arm-none-eabi-9-2019-q4-major/bin/../lib/gcc/arm-none-eabi/9.2.1/../../../../arm-none-eabi/lib/thumb/v7e-m/nofp/libc.a(lib_a-signal.o)
 .data          0x0000000000000000        0x0 /opt/gcc-arm-none-eabi-9-2019-q4-major/bin/../lib/gcc/arm-none-eabi/9.2.1/../../../../arm-none-eabi/lib/thumb/v7e-m/nofp/libc.a(lib_a-signal.o)
 .bss           0x0000000000000000        0x0 /opt/gcc-arm-none-eabi-9-2019-q4-major/bin/../lib/gcc/arm-none-eabi/9.2.1/../../../../arm-none-eabi/lib/thumb/v7e-m/nofp/libc.a(lib_a-signal.o)
 .text._init_signal_r.part.0
                0x0000000000000000       0x2c /opt/gcc-arm-none-eabi-9-2019-q4-major/bin/../lib/gcc/arm-none-eabi/9.2.1/../../../../arm-none-eabi/lib/thumb/v7e-m/nofp/libc.a(lib_a-signal.o)
 .text._init_signal_r
                0x0000000000000000       0x10 /opt/gcc-arm-none-eabi-9-2019-q4-major/bin/../lib/gcc/arm-none-eabi/9.2.1/../../../../arm-none-eabi/lib/thumb/v7e-m/nofp/libc.a(lib_a-signal.o)
 .text._signal_r
                0x0000000000000000       0x38 /opt/gcc-arm-none-eabi-9-2019-q4-major/bin/../lib/gcc/arm-none-eabi/9.2.1/../../../../arm-none-eabi/lib/thumb/v7e-m/nofp/libc.a(lib_a-signal.o)
 .text.__sigtramp_r
                0x0000000000000000       0x54 /opt/gcc-arm-none-eabi-9-2019-q4-major/bin/../lib/gcc/arm-none-eabi/9.2.1/../../../../arm-none-eabi/lib/thumb/v7e-m/nofp/libc.a(lib_a-signal.o)
 .text.signal   0x0000000000000000       0x10 /opt/gcc-arm-none-eabi-9-2019-q4-major/bin/../lib/gcc/arm-none-eabi/9.2.1/../../../../arm-none-eabi/lib/thumb/v7e-m/nofp/libc.a(lib_a-signal.o)
 .text._init_signal
                0x0000000000000000       0x18 /opt/gcc-arm-none-eabi-9-2019-q4-major/bin/../lib/gcc/arm-none-eabi/9.2.1/../../../../arm-none-eabi/lib/thumb/v7e-m/nofp/libc.a(lib_a-signal.o)
 .text.__sigtramp
                0x0000000000000000       0x10 /opt/gcc-arm-none-eabi-9-2019-q4-major/bin/../lib/gcc/arm-none-eabi/9.2.1/../../../../arm-none-eabi/lib/thumb/v7e-m/nofp/libc.a(lib_a-signal.o)
 .debug_frame   0x0000000000000000       0xe0 /opt/gcc-arm-none-eabi-9-2019-q4-major/bin/../lib/gcc/arm-none-eabi/9.2.1/../../../../arm-none-eabi/lib/thumb/v7e-m/nofp/libc.a(lib_a-signal.o)
 .ARM.attributes
                0x0000000000000000       0x2e /opt/gcc-arm-none-eabi-9-2019-q4-major/bin/../lib/gcc/arm-none-eabi/9.2.1/../../../../arm-none-eabi/lib/thumb/v7e-m/nofp/libc.a(lib_a-signal.o)
 .text          0x0000000000000000        0x0 /opt/gcc-arm-none-eabi-9-2019-q4-major/bin/../lib/gcc/arm-none-eabi/9.2.1/../../../../arm-none-eabi/lib/thumb/v7e-m/nofp/libc.a(lib_a-signalr.o)
 .data          0x0000000000000000        0x0 /opt/gcc-arm-none-eabi-9-2019-q4-major/bin/../lib/gcc/arm-none-eabi/9.2.1/../../../../arm-none-eabi/lib/thumb/v7e-m/nofp/libc.a(lib_a-signalr.o)
 .bss           0x0000000000000000        0x0 /opt/gcc-arm-none-eabi-9-2019-q4-major/bin/../lib/gcc/arm-none-eabi/9.2.1/../../../../arm-none-eabi/lib/thumb/v7e-m/nofp/libc.a(lib_a-signalr.o)
 .debug_frame   0x0000000000000000       0x3c /opt/gcc-arm-none-eabi-9-2019-q4-major/bin/../lib/gcc/arm-none-eabi/9.2.1/../../../../arm-none-eabi/lib/thumb/v7e-m/nofp/libc.a(lib_a-signalr.o)
 .ARM.attributes
                0x0000000000000000       0x2e /opt/gcc-arm-none-eabi-9-2019-q4-major/bin/../lib/gcc/arm-none-eabi/9.2.1/../../../../arm-none-eabi/lib/thumb/v7e-m/nofp/libc.a(lib_a-signalr.o)
 .text          0x0000000000000000        0x0 /opt/gcc-arm-none-eabi-9-2019-q4-major/bin/../lib/gcc/arm-none-eabi/9.2.1/../../../../arm-none-eabi/lib/thumb/v7e-m/nofp/libc.a(lib_a-__call_atexit.o)
 .data          0x0000000000000000        0x0 /opt/gcc-arm-none-eabi-9-2019-q4-major/bin/../lib/gcc/arm-none-eabi/9.2.1/../../../../arm-none-eabi/lib/thumb/v7e-m/nofp/libc.a(lib_a-__call_atexit.o)
 .bss           0x0000000000000000        0x0 /opt/gcc-arm-none-eabi-9-2019-q4-major/bin/../lib/gcc/arm-none-eabi/9.2.1/../../../../arm-none-eabi/lib/thumb/v7e-m/nofp/libc.a(lib_a-__call_atexit.o)
 .text          0x0000000000000000        0x0 /opt/gcc-arm-none-eabi-9-2019-q4-major/bin/../lib/gcc/arm-none-eabi/9.2.1/../../../../arm-none-eabi/lib/thumb/v7e-m/nofp/libc.a(lib_a-atexit.o)
 .data          0x0000000000000000        0x0 /opt/gcc-arm-none-eabi-9-2019-q4-major/bin/../lib/gcc/arm-none-eabi/9.2.1/../../../../arm-none-eabi/lib/thumb/v7e-m/nofp/libc.a(lib_a-atexit.o)
 .bss           0x0000000000000000        0x0 /opt/gcc-arm-none-eabi-9-2019-q4-major/bin/../lib/gcc/arm-none-eabi/9.2.1/../../../../arm-none-eabi/lib/thumb/v7e-m/nofp/libc.a(lib_a-atexit.o)
 .text          0x0000000000000000        0x0 /opt/gcc-arm-none-eabi-9-2019-q4-major/bin/../lib/gcc/arm-none-eabi/9.2.1/../../../../arm-none-eabi/lib/thumb/v7e-m/nofp/libc.a(lib_a-fini.o)
 .data          0x0000000000000000        0x0 /opt/gcc-arm-none-eabi-9-2019-q4-major/bin/../lib/gcc/arm-none-eabi/9.2.1/../../../../arm-none-eabi/lib/thumb/v7e-m/nofp/libc.a(lib_a-fini.o)
 .bss           0x0000000000000000        0x0 /opt/gcc-arm-none-eabi-9-2019-q4-major/bin/../lib/gcc/arm-none-eabi/9.2.1/../../../../arm-none-eabi/lib/thumb/v7e-m/nofp/libc.a(lib_a-fini.o)
 .text          0x0000000000000000        0x0 /opt/gcc-arm-none-eabi-9-2019-q4-major/bin/../lib/gcc/arm-none-eabi/9.2.1/../../../../arm-none-eabi/lib/thumb/v7e-m/nofp/libc.a(lib_a-lock.o)
 .data          0x0000000000000000        0x0 /opt/gcc-arm-none-eabi-9-2019-q4-major/bin/../lib/gcc/arm-none-eabi/9.2.1/../../../../arm-none-eabi/lib/thumb/v7e-m/nofp/libc.a(lib_a-lock.o)
 .bss           0x0000000000000000        0x0 /opt/gcc-arm-none-eabi-9-2019-q4-major/bin/../lib/gcc/arm-none-eabi/9.2.1/../../../../arm-none-eabi/lib/thumb/v7e-m/nofp/libc.a(lib_a-lock.o)
 .text.__retarget_lock_init
                0x0000000000000000        0x4 /opt/gcc-arm-none-eabi-9-2019-q4-major/bin/../lib/gcc/arm-none-eabi/9.2.1/../../../../arm-none-eabi/lib/thumb/v7e-m/nofp/libc.a(lib_a-lock.o)
 .text.__retarget_lock_init_recursive
                0x0000000000000000        0x4 /opt/gcc-arm-none-eabi-9-2019-q4-major/bin/../lib/gcc/arm-none-eabi/9.2.1/../../../../arm-none-eabi/lib/thumb/v7e-m/nofp/libc.a(lib_a-lock.o)
 .text.__retarget_lock_close
                0x0000000000000000        0x4 /opt/gcc-arm-none-eabi-9-2019-q4-major/bin/../lib/gcc/arm-none-eabi/9.2.1/../../../../arm-none-eabi/lib/thumb/v7e-m/nofp/libc.a(lib_a-lock.o)
 .text.__retarget_lock_close_recursive
                0x0000000000000000        0x4 /opt/gcc-arm-none-eabi-9-2019-q4-major/bin/../lib/gcc/arm-none-eabi/9.2.1/../../../../arm-none-eabi/lib/thumb/v7e-m/nofp/libc.a(lib_a-lock.o)
 .text.__retarget_lock_acquire
                0x0000000000000000        0x4 /opt/gcc-arm-none-eabi-9-2019-q4-major/bin/../lib/gcc/arm-none-eabi/9.2.1/../../../../arm-none-eabi/lib/thumb/v7e-m/nofp/libc.a(lib_a-lock.o)
 .text.__retarget_lock_try_acquire
                0x0000000000000000        0x4 /opt/gcc-arm-none-eabi-9-2019-q4-major/bin/../lib/gcc/arm-none-eabi/9.2.1/../../../../arm-none-eabi/lib/thumb/v7e-m/nofp/libc.a(lib_a-lock.o)
 .text.__retarget_lock_try_acquire_recursive
                0x0000000000000000        0x4 /opt/gcc-arm-none-eabi-9-2019-q4-major/bin/../lib/gcc/arm-none-eabi/9.2.1/../../../../arm-none-eabi/lib/thumb/v7e-m/nofp/libc.a(lib_a-lock.o)
 .text.__retarget_lock_release
                0x0000000000000000        0x4 /opt/gcc-arm-none-eabi-9-2019-q4-major/bin/../lib/gcc/arm-none-eabi/9.2.1/../../../../arm-none-eabi/lib/thumb/v7e-m/nofp/libc.a(lib_a-lock.o)
 .text          0x0000000000000000        0x0 /opt/gcc-arm-none-eabi-9-2019-q4-major/bin/../lib/gcc/arm-none-eabi/9.2.1/../../../../arm-none-eabi/lib/thumb/v7e-m/nofp/libc.a(lib_a-mallocr.o)
 .data          0x0000000000000000        0x0 /opt/gcc-arm-none-eabi-9-2019-q4-major/bin/../lib/gcc/arm-none-eabi/9.2.1/../../../../arm-none-eabi/lib/thumb/v7e-m/nofp/libc.a(lib_a-mallocr.o)
 .bss           0x0000000000000000        0x0 /opt/gcc-arm-none-eabi-9-2019-q4-major/bin/../lib/gcc/arm-none-eabi/9.2.1/../../../../arm-none-eabi/lib/thumb/v7e-m/nofp/libc.a(lib_a-mallocr.o)
 .text._malloc_r
                0x0000000000000000      0x574 /opt/gcc-arm-none-eabi-9-2019-q4-major/bin/../lib/gcc/arm-none-eabi/9.2.1/../../../../arm-none-eabi/lib/thumb/v7e-m/nofp/libc.a(lib_a-mallocr.o)
 .bss.__malloc_current_mallinfo
                0x0000000000000000       0x28 /opt/gcc-arm-none-eabi-9-2019-q4-major/bin/../lib/gcc/arm-none-eabi/9.2.1/../../../../arm-none-eabi/lib/thumb/v7e-m/nofp/libc.a(lib_a-mallocr.o)
 .bss.__malloc_max_sbrked_mem
                0x0000000000000000        0x4 /opt/gcc-arm-none-eabi-9-2019-q4-major/bin/../lib/gcc/arm-none-eabi/9.2.1/../../../../arm-none-eabi/lib/thumb/v7e-m/nofp/libc.a(lib_a-mallocr.o)
 .bss.__malloc_max_total_mem
                0x0000000000000000        0x4 /opt/gcc-arm-none-eabi-9-2019-q4-major/bin/../lib/gcc/arm-none-eabi/9.2.1/../../../../arm-none-eabi/lib/thumb/v7e-m/nofp/libc.a(lib_a-mallocr.o)
 .bss.__malloc_top_pad
                0x0000000000000000        0x4 /opt/gcc-arm-none-eabi-9-2019-q4-major/bin/../lib/gcc/arm-none-eabi/9.2.1/../../../../arm-none-eabi/lib/thumb/v7e-m/nofp/libc.a(lib_a-mallocr.o)
 .data.__malloc_av_
                0x0000000000000000      0x408 /opt/gcc-arm-none-eabi-9-2019-q4-major/bin/../lib/gcc/arm-none-eabi/9.2.1/../../../../arm-none-eabi/lib/thumb/v7e-m/nofp/libc.a(lib_a-mallocr.o)
 .data.__malloc_sbrk_base
                0x0000000000000000        0x4 /opt/gcc-arm-none-eabi-9-2019-q4-major/bin/../lib/gcc/arm-none-eabi/9.2.1/../../../../arm-none-eabi/lib/thumb/v7e-m/nofp/libc.a(lib_a-mallocr.o)
 .data.__malloc_trim_threshold
                0x0000000000000000        0x4 /opt/gcc-arm-none-eabi-9-2019-q4-major/bin/../lib/gcc/arm-none-eabi/9.2.1/../../../../arm-none-eabi/lib/thumb/v7e-m/nofp/libc.a(lib_a-mallocr.o)
 .debug_frame   0x0000000000000000       0x4c /opt/gcc-arm-none-eabi-9-2019-q4-major/bin/../lib/gcc/arm-none-eabi/9.2.1/../../../../arm-none-eabi/lib/thumb/v7e-m/nofp/libc.a(lib_a-mallocr.o)
 .ARM.attributes
                0x0000000000000000       0x2e /opt/gcc-arm-none-eabi-9-2019-q4-major/bin/../lib/gcc/arm-none-eabi/9.2.1/../../../../arm-none-eabi/lib/thumb/v7e-m/nofp/libc.a(lib_a-mallocr.o)
 .text          0x0000000000000000        0x0 /opt/gcc-arm-none-eabi-9-2019-q4-major/bin/../lib/gcc/arm-none-eabi/9.2.1/../../../../arm-none-eabi/lib/thumb/v7e-m/nofp/libc.a(lib_a-mlock.o)
 .data          0x0000000000000000        0x0 /opt/gcc-arm-none-eabi-9-2019-q4-major/bin/../lib/gcc/arm-none-eabi/9.2.1/../../../../arm-none-eabi/lib/thumb/v7e-m/nofp/libc.a(lib_a-mlock.o)
 .bss           0x0000000000000000        0x0 /opt/gcc-arm-none-eabi-9-2019-q4-major/bin/../lib/gcc/arm-none-eabi/9.2.1/../../../../arm-none-eabi/lib/thumb/v7e-m/nofp/libc.a(lib_a-mlock.o)
 .text.__malloc_lock
                0x0000000000000000        0xc /opt/gcc-arm-none-eabi-9-2019-q4-major/bin/../lib/gcc/arm-none-eabi/9.2.1/../../../../arm-none-eabi/lib/thumb/v7e-m/nofp/libc.a(lib_a-mlock.o)
 .text.__malloc_unlock
                0x0000000000000000        0xc /opt/gcc-arm-none-eabi-9-2019-q4-major/bin/../lib/gcc/arm-none-eabi/9.2.1/../../../../arm-none-eabi/lib/thumb/v7e-m/nofp/libc.a(lib_a-mlock.o)
 .debug_frame   0x0000000000000000       0x30 /opt/gcc-arm-none-eabi-9-2019-q4-major/bin/../lib/gcc/arm-none-eabi/9.2.1/../../../../arm-none-eabi/lib/thumb/v7e-m/nofp/libc.a(lib_a-mlock.o)
 .ARM.attributes
                0x0000000000000000       0x2e /opt/gcc-arm-none-eabi-9-2019-q4-major/bin/../lib/gcc/arm-none-eabi/9.2.1/../../../../arm-none-eabi/lib/thumb/v7e-m/nofp/libc.a(lib_a-mlock.o)
 .text          0x0000000000000000        0x0 /opt/gcc-arm-none-eabi-9-2019-q4-major/bin/../lib/gcc/arm-none-eabi/9.2.1/../../../../arm-none-eabi/lib/thumb/v7e-m/nofp/libc.a(lib_a-reent.o)
 .data          0x0000000000000000        0x0 /opt/gcc-arm-none-eabi-9-2019-q4-major/bin/../lib/gcc/arm-none-eabi/9.2.1/../../../../arm-none-eabi/lib/thumb/v7e-m/nofp/libc.a(lib_a-reent.o)
 .bss           0x0000000000000000        0x0 /opt/gcc-arm-none-eabi-9-2019-q4-major/bin/../lib/gcc/arm-none-eabi/9.2.1/../../../../arm-none-eabi/lib/thumb/v7e-m/nofp/libc.a(lib_a-reent.o)
 .text.cleanup_glue
                0x0000000000000000       0x1c /opt/gcc-arm-none-eabi-9-2019-q4-major/bin/../lib/gcc/arm-none-eabi/9.2.1/../../../../arm-none-eabi/lib/thumb/v7e-m/nofp/libc.a(lib_a-reent.o)
 .text._reclaim_reent
                0x0000000000000000       0x84 /opt/gcc-arm-none-eabi-9-2019-q4-major/bin/../lib/gcc/arm-none-eabi/9.2.1/../../../../arm-none-eabi/lib/thumb/v7e-m/nofp/libc.a(lib_a-reent.o)
 .debug_frame   0x0000000000000000       0x60 /opt/gcc-arm-none-eabi-9-2019-q4-major/bin/../lib/gcc/arm-none-eabi/9.2.1/../../../../arm-none-eabi/lib/thumb/v7e-m/nofp/libc.a(lib_a-reent.o)
 .ARM.attributes
                0x0000000000000000       0x2e /opt/gcc-arm-none-eabi-9-2019-q4-major/bin/../lib/gcc/arm-none-eabi/9.2.1/../../../../arm-none-eabi/lib/thumb/v7e-m/nofp/libc.a(lib_a-reent.o)
 .text          0x0000000000000000        0x0 /opt/gcc-arm-none-eabi-9-2019-q4-major/bin/../lib/gcc/arm-none-eabi/9.2.1/../../../../arm-none-eabi/lib/thumb/v7e-m/nofp/libc.a(lib_a-sbrkr.o)
 .data          0x0000000000000000        0x0 /opt/gcc-arm-none-eabi-9-2019-q4-major/bin/../lib/gcc/arm-none-eabi/9.2.1/../../../../arm-none-eabi/lib/thumb/v7e-m/nofp/libc.a(lib_a-sbrkr.o)
 .bss           0x0000000000000000        0x0 /opt/gcc-arm-none-eabi-9-2019-q4-major/bin/../lib/gcc/arm-none-eabi/9.2.1/../../../../arm-none-eabi/lib/thumb/v7e-m/nofp/libc.a(lib_a-sbrkr.o)
 .text._sbrk_r  0x0000000000000000       0x24 /opt/gcc-arm-none-eabi-9-2019-q4-major/bin/../lib/gcc/arm-none-eabi/9.2.1/../../../../arm-none-eabi/lib/thumb/v7e-m/nofp/libc.a(lib_a-sbrkr.o)
 .debug_frame   0x0000000000000000       0x2c /opt/gcc-arm-none-eabi-9-2019-q4-major/bin/../lib/gcc/arm-none-eabi/9.2.1/../../../../arm-none-eabi/lib/thumb/v7e-m/nofp/libc.a(lib_a-sbrkr.o)
 .ARM.attributes
                0x0000000000000000       0x2e /opt/gcc-arm-none-eabi-9-2019-q4-major/bin/../lib/gcc/arm-none-eabi/9.2.1/../../../../arm-none-eabi/lib/thumb/v7e-m/nofp/libc.a(lib_a-sbrkr.o)
 .text          0x0000000000000000        0x0 /opt/gcc-arm-none-eabi-9-2019-q4-major/bin/../lib/gcc/arm-none-eabi/9.2.1/../../../../arm-none-eabi/lib/thumb/v7e-m/nofp/libc.a(lib_a-__atexit.o)
 .data          0x0000000000000000        0x0 /opt/gcc-arm-none-eabi-9-2019-q4-major/bin/../lib/gcc/arm-none-eabi/9.2.1/../../../../arm-none-eabi/lib/thumb/v7e-m/nofp/libc.a(lib_a-__atexit.o)
 .bss           0x0000000000000000        0x0 /opt/gcc-arm-none-eabi-9-2019-q4-major/bin/../lib/gcc/arm-none-eabi/9.2.1/../../../../arm-none-eabi/lib/thumb/v7e-m/nofp/libc.a(lib_a-__atexit.o)
 .text          0x0000000000000000        0x0 /opt/gcc-arm-none-eabi-9-2019-q4-major/bin/../lib/gcc/arm-none-eabi/9.2.1/../../../../arm-none-eabi/lib/thumb/v7e-m/nofp/libc.a(lib_a-freer.o)
 .data          0x0000000000000000        0x0 /opt/gcc-arm-none-eabi-9-2019-q4-major/bin/../lib/gcc/arm-none-eabi/9.2.1/../../../../arm-none-eabi/lib/thumb/v7e-m/nofp/libc.a(lib_a-freer.o)
 .bss           0x0000000000000000        0x0 /opt/gcc-arm-none-eabi-9-2019-q4-major/bin/../lib/gcc/arm-none-eabi/9.2.1/../../../../arm-none-eabi/lib/thumb/v7e-m/nofp/libc.a(lib_a-freer.o)
 .text._malloc_trim_r
                0x0000000000000000       0xa0 /opt/gcc-arm-none-eabi-9-2019-q4-major/bin/../lib/gcc/arm-none-eabi/9.2.1/../../../../arm-none-eabi/lib/thumb/v7e-m/nofp/libc.a(lib_a-freer.o)
 .text._free_r  0x0000000000000000      0x208 /opt/gcc-arm-none-eabi-9-2019-q4-major/bin/../lib/gcc/arm-none-eabi/9.2.1/../../../../arm-none-eabi/lib/thumb/v7e-m/nofp/libc.a(lib_a-freer.o)
 .debug_frame   0x0000000000000000       0x8c /opt/gcc-arm-none-eabi-9-2019-q4-major/bin/../lib/gcc/arm-none-eabi/9.2.1/../../../../arm-none-eabi/lib/thumb/v7e-m/nofp/libc.a(lib_a-freer.o)
 .ARM.attributes
                0x0000000000000000       0x2e /opt/gcc-arm-none-eabi-9-2019-q4-major/bin/../lib/gcc/arm-none-eabi/9.2.1/../../../../arm-none-eabi/lib/thumb/v7e-m/nofp/libc.a(lib_a-freer.o)
 .text          0x0000000000000000        0x0 /opt/gcc-arm-none-eabi-9-2019-q4-major/bin/../lib/gcc/arm-none-eabi/9.2.1/thumb/v7e-m/nofp/crtend.o
 .data          0x0000000000000000        0x0 /opt/gcc-arm-none-eabi-9-2019-q4-major/bin/../lib/gcc/arm-none-eabi/9.2.1/thumb/v7e-m/nofp/crtend.o
 .bss           0x0000000000000000        0x0 /opt/gcc-arm-none-eabi-9-2019-q4-major/bin/../lib/gcc/arm-none-eabi/9.2.1/thumb/v7e-m/nofp/crtend.o
 .text          0x0000000000000000        0x0 /opt/gcc-arm-none-eabi-9-2019-q4-major/bin/../lib/gcc/arm-none-eabi/9.2.1/thumb/v7e-m/nofp/crtn.o
 .data          0x0000000000000000        0x0 /opt/gcc-arm-none-eabi-9-2019-q4-major/bin/../lib/gcc/arm-none-eabi/9.2.1/thumb/v7e-m/nofp/crtn.o
 .bss           0x0000000000000000        0x0 /opt/gcc-arm-none-eabi-9-2019-q4-major/bin/../lib/gcc/arm-none-eabi/9.2.1/thumb/v7e-m/nofp/crtn.o
 .text          0x0000000000000000        0x0 /opt/gcc-arm-none-eabi-9-2019-q4-major/bin/../lib/gcc/arm-none-eabi/9.2.1/../../../../arm-none-eabi/lib/thumb/v7e-m/nofp/libnosys.a(getpid.o)
 .data          0x0000000000000000        0x0 /opt/gcc-arm-none-eabi-9-2019-q4-major/bin/../lib/gcc/arm-none-eabi/9.2.1/../../../../arm-none-eabi/lib/thumb/v7e-m/nofp/libnosys.a(getpid.o)
 .bss           0x0000000000000000        0x0 /opt/gcc-arm-none-eabi-9-2019-q4-major/bin/../lib/gcc/arm-none-eabi/9.2.1/../../../../arm-none-eabi/lib/thumb/v7e-m/nofp/libnosys.a(getpid.o)
 .stab          0x0000000000000000       0x24 /opt/gcc-arm-none-eabi-9-2019-q4-major/bin/../lib/gcc/arm-none-eabi/9.2.1/../../../../arm-none-eabi/lib/thumb/v7e-m/nofp/libnosys.a(getpid.o)
 .debug_frame   0x0000000000000000       0x20 /opt/gcc-arm-none-eabi-9-2019-q4-major/bin/../lib/gcc/arm-none-eabi/9.2.1/../../../../arm-none-eabi/lib/thumb/v7e-m/nofp/libnosys.a(getpid.o)
 .ARM.attributes
                0x0000000000000000       0x2e /opt/gcc-arm-none-eabi-9-2019-q4-major/bin/../lib/gcc/arm-none-eabi/9.2.1/../../../../arm-none-eabi/lib/thumb/v7e-m/nofp/libnosys.a(getpid.o)
 .text          0x0000000000000000        0x0 /opt/gcc-arm-none-eabi-9-2019-q4-major/bin/../lib/gcc/arm-none-eabi/9.2.1/../../../../arm-none-eabi/lib/thumb/v7e-m/nofp/libnosys.a(kill.o)
 .data          0x0000000000000000        0x0 /opt/gcc-arm-none-eabi-9-2019-q4-major/bin/../lib/gcc/arm-none-eabi/9.2.1/../../../../arm-none-eabi/lib/thumb/v7e-m/nofp/libnosys.a(kill.o)
 .bss           0x0000000000000000        0x0 /opt/gcc-arm-none-eabi-9-2019-q4-major/bin/../lib/gcc/arm-none-eabi/9.2.1/../../../../arm-none-eabi/lib/thumb/v7e-m/nofp/libnosys.a(kill.o)
 .stab          0x0000000000000000       0x18 /opt/gcc-arm-none-eabi-9-2019-q4-major/bin/../lib/gcc/arm-none-eabi/9.2.1/../../../../arm-none-eabi/lib/thumb/v7e-m/nofp/libnosys.a(kill.o)
                                         0x24 (size before relaxing)
 .debug_frame   0x0000000000000000       0x20 /opt/gcc-arm-none-eabi-9-2019-q4-major/bin/../lib/gcc/arm-none-eabi/9.2.1/../../../../arm-none-eabi/lib/thumb/v7e-m/nofp/libnosys.a(kill.o)
 .ARM.attributes
                0x0000000000000000       0x2e /opt/gcc-arm-none-eabi-9-2019-q4-major/bin/../lib/gcc/arm-none-eabi/9.2.1/../../../../arm-none-eabi/lib/thumb/v7e-m/nofp/libnosys.a(kill.o)
 .text          0x0000000000000000        0x0 /opt/gcc-arm-none-eabi-9-2019-q4-major/bin/../lib/gcc/arm-none-eabi/9.2.1/../../../../arm-none-eabi/lib/thumb/v7e-m/nofp/libnosys.a(sbrk.o)
 .data          0x0000000000000000        0x0 /opt/gcc-arm-none-eabi-9-2019-q4-major/bin/../lib/gcc/arm-none-eabi/9.2.1/../../../../arm-none-eabi/lib/thumb/v7e-m/nofp/libnosys.a(sbrk.o)
 .bss           0x0000000000000000        0x0 /opt/gcc-arm-none-eabi-9-2019-q4-major/bin/../lib/gcc/arm-none-eabi/9.2.1/../../../../arm-none-eabi/lib/thumb/v7e-m/nofp/libnosys.a(sbrk.o)
 .text._sbrk    0x0000000000000000       0x1c /opt/gcc-arm-none-eabi-9-2019-q4-major/bin/../lib/gcc/arm-none-eabi/9.2.1/../../../../arm-none-eabi/lib/thumb/v7e-m/nofp/libnosys.a(sbrk.o)
 .bss.heap_end.4144
                0x0000000000000000        0x4 /opt/gcc-arm-none-eabi-9-2019-q4-major/bin/../lib/gcc/arm-none-eabi/9.2.1/../../../../arm-none-eabi/lib/thumb/v7e-m/nofp/libnosys.a(sbrk.o)
 .debug_frame   0x0000000000000000       0x20 /opt/gcc-arm-none-eabi-9-2019-q4-major/bin/../lib/gcc/arm-none-eabi/9.2.1/../../../../arm-none-eabi/lib/thumb/v7e-m/nofp/libnosys.a(sbrk.o)
 .ARM.attributes
                0x0000000000000000       0x2e /opt/gcc-arm-none-eabi-9-2019-q4-major/bin/../lib/gcc/arm-none-eabi/9.2.1/../../../../arm-none-eabi/lib/thumb/v7e-m/nofp/libnosys.a(sbrk.o)
 .text          0x0000000000000000        0x0 /opt/gcc-arm-none-eabi-9-2019-q4-major/bin/../lib/gcc/arm-none-eabi/9.2.1/../../../../arm-none-eabi/lib/thumb/v7e-m/nofp/libnosys.a(_exit.o)
 .data          0x0000000000000000        0x0 /opt/gcc-arm-none-eabi-9-2019-q4-major/bin/../lib/gcc/arm-none-eabi/9.2.1/../../../../arm-none-eabi/lib/thumb/v7e-m/nofp/libnosys.a(_exit.o)
 .bss           0x0000000000000000        0x0 /opt/gcc-arm-none-eabi-9-2019-q4-major/bin/../lib/gcc/arm-none-eabi/9.2.1/../../../../arm-none-eabi/lib/thumb/v7e-m/nofp/libnosys.a(_exit.o)

Memory Configuration

Name             Origin             Length             Attributes
FLASH            0x0000000008000000 0x0000000000010000 xr
RAM              0x0000000020000000 0x0000000000003000 xrw
*default*        0x0000000000000000 0xffffffffffffffff

Linker script and memory map

LOAD /opt/gcc-arm-none-eabi-9-2019-q4-major/bin/../lib/gcc/arm-none-eabi/9.2.1/thumb/v7e-m/nofp/crti.o
LOAD /opt/gcc-arm-none-eabi-9-2019-q4-major/bin/../lib/gcc/arm-none-eabi/9.2.1/thumb/v7e-m/nofp/crtbegin.o
LOAD /opt/gcc-arm-none-eabi-9-2019-q4-major/bin/../lib/gcc/arm-none-eabi/9.2.1/../../../../arm-none-eabi/lib/thumb/v7e-m/nofp/crt0.o
LOAD CMakeFiles/lab2.dir/main.c.obj
LOAD CMakeFiles/lab2.dir/Users/epico/Downloads/coro-micro-tp-etu-master/lib/adc.c.obj
LOAD CMakeFiles/lab2.dir/Users/epico/Downloads/coro-micro-tp-etu-master/lib/pinAccess.c.obj
LOAD CMakeFiles/lab2.dir/Users/epico/Downloads/coro-micro-tp-etu-master/lib/spi.c.obj
LOAD CMakeFiles/lab2.dir/Users/epico/Downloads/coro-micro-tp-etu-master/lib/dummySerial.c.obj
LOAD CMakeFiles/lab2.dir/Users/epico/Downloads/coro-micro-tp-etu-master/lib/exti.c.obj
LOAD CMakeFiles/lab2.dir/Users/epico/Downloads/coro-micro-tp-etu-master/sys/startup_ARMCM4.c.obj
LOAD CMakeFiles/lab2.dir/Users/epico/Downloads/coro-micro-tp-etu-master/sys/startup_clock.c.obj
START GROUP
LOAD /opt/gcc-arm-none-eabi-9-2019-q4-major/bin/../lib/gcc/arm-none-eabi/9.2.1/../../../../arm-none-eabi/lib/thumb/v7e-m/nofp/libm.a
END GROUP
LOAD /opt/gcc-arm-none-eabi-9-2019-q4-major/bin/../lib/gcc/arm-none-eabi/9.2.1/../../../../arm-none-eabi/lib/thumb/v7e-m/nofp/libstdc++_nano.a
LOAD /opt/gcc-arm-none-eabi-9-2019-q4-major/bin/../lib/gcc/arm-none-eabi/9.2.1/../../../../arm-none-eabi/lib/thumb/v7e-m/nofp/libm.a
START GROUP
LOAD /opt/gcc-arm-none-eabi-9-2019-q4-major/bin/../lib/gcc/arm-none-eabi/9.2.1/thumb/v7e-m/nofp/libgcc.a
LOAD /opt/gcc-arm-none-eabi-9-2019-q4-major/bin/../lib/gcc/arm-none-eabi/9.2.1/../../../../arm-none-eabi/lib/thumb/v7e-m/nofp/libc.a
END GROUP
LOAD /opt/gcc-arm-none-eabi-9-2019-q4-major/bin/../lib/gcc/arm-none-eabi/9.2.1/thumb/v7e-m/nofp/crtend.o
LOAD /opt/gcc-arm-none-eabi-9-2019-q4-major/bin/../lib/gcc/arm-none-eabi/9.2.1/thumb/v7e-m/nofp/crtn.o
START GROUP
LOAD /opt/gcc-arm-none-eabi-9-2019-q4-major/bin/../lib/gcc/arm-none-eabi/9.2.1/thumb/v7e-m/nofp/libgcc.a
LOAD /opt/gcc-arm-none-eabi-9-2019-q4-major/bin/../lib/gcc/arm-none-eabi/9.2.1/../../../../arm-none-eabi/lib/thumb/v7e-m/nofp/libc.a
LOAD /opt/gcc-arm-none-eabi-9-2019-q4-major/bin/../lib/gcc/arm-none-eabi/9.2.1/../../../../arm-none-eabi/lib/thumb/v7e-m/nofp/libm.a
LOAD /opt/gcc-arm-none-eabi-9-2019-q4-major/bin/../lib/gcc/arm-none-eabi/9.2.1/../../../../arm-none-eabi/lib/thumb/v7e-m/nofp/libnosys.a
END GROUP

.text           0x0000000008000000     0x1a98
 *(.vectors)
 .vectors       0x0000000008000000      0x3c0 CMakeFiles/lab2.dir/Users/epico/Downloads/coro-micro-tp-etu-master/sys/startup_ARMCM4.c.obj
                0x0000000008000000                __Vectors
                0x00000000080003c0                __Vectors_End = .
                0x00000000080003c0                __Vectors_Size = (__Vectors_End - __Vectors)
                0x0000000020000488                __end__ = .
 *(.text*)
 .text          0x00000000080003c0       0x40 /opt/gcc-arm-none-eabi-9-2019-q4-major/bin/../lib/gcc/arm-none-eabi/9.2.1/thumb/v7e-m/nofp/crtbegin.o
 .text          0x0000000008000400       0x74 /opt/gcc-arm-none-eabi-9-2019-q4-major/bin/../lib/gcc/arm-none-eabi/9.2.1/../../../../arm-none-eabi/lib/thumb/v7e-m/nofp/crt0.o
                0x0000000008000400                _mainCRTStartup
                0x0000000008000400                _start
 .text.setup    0x0000000008000474       0x74 CMakeFiles/lab2.dir/main.c.obj
                0x0000000008000474                setup
 .text.stepCCW  0x00000000080004e8       0x5c CMakeFiles/lab2.dir/main.c.obj
                0x00000000080004e8                stepCCW
 .text.stepCW   0x0000000008000544       0x5c CMakeFiles/lab2.dir/main.c.obj
                0x0000000008000544                stepCW
 .text.setup_timer10HZ
                0x00000000080005a0       0x54 CMakeFiles/lab2.dir/main.c.obj
                0x00000000080005a0                setup_timer10HZ
 .text.main     0x00000000080005f4       0x44 CMakeFiles/lab2.dir/main.c.obj
                0x00000000080005f4                main
 .text.Reset_Handler
                0x0000000008000638       0x5c CMakeFiles/lab2.dir/Users/epico/Downloads/coro-micro-tp-etu-master/sys/startup_ARMCM4.c.obj
                0x0000000008000638                Reset_Handler
 .text.Default_Handler
                0x0000000008000694        0x6 CMakeFiles/lab2.dir/Users/epico/Downloads/coro-micro-tp-etu-master/sys/startup_ARMCM4.c.obj
                0x0000000008000694                TIM1_BRK_TIM15_IRQHandler
                0x0000000008000694                DebugMon_Handler
                0x0000000008000694                TIM1_CC_IRQHandler
                0x0000000008000694                HardFault_Handler
                0x0000000008000694                SysTick_Handler
                0x0000000008000694                PVD_IRQHandler
                0x0000000008000694                TAMP_STAMP_IRQHandler
                0x0000000008000694                PendSV_Handler
                0x0000000008000694                NMI_Handler
                0x0000000008000694                EXTI3_IRQHandler
                0x0000000008000694                EXTI0_IRQHandler
                0x0000000008000694                FPU_IRQHandler
                0x0000000008000694                CAN_TX_IRQHandler
                0x0000000008000694                TIM1_UP_TIM16_IRQHandler
                0x0000000008000694                UsageFault_Handler
                0x0000000008000694                ADC1_2_IRQHandler
                0x0000000008000694                SPI1_IRQHandler
                0x0000000008000694                CAN_SCE_IRQHandler
                0x0000000008000694                DMA1_Channel4_IRQHandler
                0x0000000008000694                USART3_IRQHandler
                0x0000000008000694                DMA1_Channel7_IRQHandler
                0x0000000008000694                TIM7_DAC2_IRQHandler
                0x0000000008000694                CAN_RX1_IRQHandler
                0x0000000008000694                I2C1_EV_IRQHandler
                0x0000000008000694                DMA1_Channel6_IRQHandler
                0x0000000008000694                TIM3_IRQHandler
                0x0000000008000694                RCC_IRQHandler
                0x0000000008000694                DMA1_Channel1_IRQHandler
                0x0000000008000694                Default_Handler
                0x0000000008000694                EXTI15_10_IRQHandler
                0x0000000008000694                COMP2_IRQHandler
                0x0000000008000694                TIM6_DAC1_IRQHandler
                0x0000000008000694                EXTI9_5_IRQHandler
                0x0000000008000694                RTC_WKUP_IRQHandler
                0x0000000008000694                MemManage_Handler
                0x0000000008000694                SVC_Handler
                0x0000000008000694                DMA1_Channel5_IRQHandler
                0x0000000008000694                EXTI4_IRQHandler
                0x0000000008000694                TIM1_TRG_COM_TIM17_IRQHandler
                0x0000000008000694                DMA1_Channel3_IRQHandler
                0x0000000008000694                WWDG_IRQHandler
                0x0000000008000694                TIM2_IRQHandler
                0x0000000008000694                EXTI1_IRQHandler
                0x0000000008000694                COMP4_6_IRQHandler
                0x0000000008000694                USART2_IRQHandler
                0x0000000008000694                DMA1_Channel2_IRQHandler
                0x0000000008000694                FLASH_IRQHandler
                0x0000000008000694                BusFault_Handler
                0x0000000008000694                USART1_IRQHandler
                0x0000000008000694                CAN_RX0_IRQHandler
                0x0000000008000694                I2C1_ER_IRQHandler
                0x0000000008000694                EXTI2_TSC_IRQHandler
                0x0000000008000694                RTC_Alarm_IRQHandler
 *fill*         0x000000000800069a        0x2 
 .text.SystemInit
                0x000000000800069c       0x84 CMakeFiles/lab2.dir/Users/epico/Downloads/coro-micro-tp-etu-master/sys/startup_clock.c.obj
                0x000000000800069c                SystemInit
 .text          0x0000000008000720      0x9b8 /opt/gcc-arm-none-eabi-9-2019-q4-major/bin/../lib/gcc/arm-none-eabi/9.2.1/thumb/v7e-m/nofp/libgcc.a(unwind-arm.o)
                0x00000000080009c8                _Unwind_GetCFA
                0x00000000080009cc                __gnu_Unwind_RaiseException
                0x0000000008000a2c                __gnu_Unwind_ForcedUnwind
                0x0000000008000a40                __gnu_Unwind_Resume
                0x0000000008000a84                __gnu_Unwind_Resume_or_Rethrow
                0x0000000008000a94                _Unwind_Complete
                0x0000000008000a98                _Unwind_DeleteException
                0x0000000008000aa4                _Unwind_VRS_Get
                0x0000000008000aec                _Unwind_VRS_Set
                0x0000000008000b34                __gnu_Unwind_Backtrace
                0x0000000008000e54                __aeabi_unwind_cpp_pr0
                0x0000000008000e58                __aeabi_unwind_cpp_pr1
                0x0000000008000e5c                __aeabi_unwind_cpp_pr2
                0x0000000008000e60                _Unwind_VRS_Pop
 .text          0x00000000080010d8      0x1ac /opt/gcc-arm-none-eabi-9-2019-q4-major/bin/../lib/gcc/arm-none-eabi/9.2.1/thumb/v7e-m/nofp/libgcc.a(libunwind.o)
                0x00000000080010d8                __restore_core_regs
                0x00000000080010d8                restore_core_regs
                0x00000000080010f0                __gnu_Unwind_Restore_VFP
                0x00000000080010f8                __gnu_Unwind_Save_VFP
                0x0000000008001100                __gnu_Unwind_Restore_VFP_D
                0x0000000008001108                __gnu_Unwind_Save_VFP_D
                0x0000000008001110                __gnu_Unwind_Restore_VFP_D_16_to_31
                0x0000000008001118                __gnu_Unwind_Save_VFP_D_16_to_31
                0x0000000008001120                __gnu_Unwind_Restore_WMMXD
                0x0000000008001164                __gnu_Unwind_Save_WMMXD
                0x00000000080011a8                __gnu_Unwind_Restore_WMMXC
                0x00000000080011bc                __gnu_Unwind_Save_WMMXC
                0x00000000080011d0                _Unwind_RaiseException
                0x00000000080011d0                ___Unwind_RaiseException
                0x00000000080011f4                ___Unwind_Resume
                0x00000000080011f4                _Unwind_Resume
                0x0000000008001218                ___Unwind_Resume_or_Rethrow
                0x0000000008001218                _Unwind_Resume_or_Rethrow
                0x000000000800123c                _Unwind_ForcedUnwind
                0x000000000800123c                ___Unwind_ForcedUnwind
                0x0000000008001260                _Unwind_Backtrace
                0x0000000008001260                ___Unwind_Backtrace
 .text          0x0000000008001284      0x340 /opt/gcc-arm-none-eabi-9-2019-q4-major/bin/../lib/gcc/arm-none-eabi/9.2.1/thumb/v7e-m/nofp/libgcc.a(pr-support.o)
                0x00000000080012dc                __gnu_unwind_execute
                0x0000000008001578                __gnu_unwind_frame
                0x00000000080015a4                _Unwind_GetRegionStart
                0x00000000080015b0                _Unwind_GetLanguageSpecificData
 .text.abort    0x00000000080015c4       0x10 /opt/gcc-arm-none-eabi-9-2019-q4-major/bin/../lib/gcc/arm-none-eabi/9.2.1/../../../../arm-none-eabi/lib/thumb/v7e-m/nofp/libc.a(lib_a-abort.o)
                0x00000000080015c4                abort
 .text.exit     0x00000000080015d4       0x20 /opt/gcc-arm-none-eabi-9-2019-q4-major/bin/../lib/gcc/arm-none-eabi/9.2.1/../../../../arm-none-eabi/lib/thumb/v7e-m/nofp/libc.a(lib_a-exit.o)
                0x00000000080015d4                exit
 .text.__libc_init_array
                0x00000000080015f4       0x48 /opt/gcc-arm-none-eabi-9-2019-q4-major/bin/../lib/gcc/arm-none-eabi/9.2.1/../../../../arm-none-eabi/lib/thumb/v7e-m/nofp/libc.a(lib_a-init.o)
                0x00000000080015f4                __libc_init_array
 .text          0x000000000800163c      0x134 /opt/gcc-arm-none-eabi-9-2019-q4-major/bin/../lib/gcc/arm-none-eabi/9.2.1/../../../../arm-none-eabi/lib/thumb/v7e-m/nofp/libc.a(lib_a-memcpy.o)
                0x000000000800163c                memcpy
 .text.memset   0x0000000008001770       0xa0 /opt/gcc-arm-none-eabi-9-2019-q4-major/bin/../lib/gcc/arm-none-eabi/9.2.1/../../../../arm-none-eabi/lib/thumb/v7e-m/nofp/libc.a(lib_a-memset.o)
                0x0000000008001770                memset
 .text._raise_r
                0x0000000008001810       0x58 /opt/gcc-arm-none-eabi-9-2019-q4-major/bin/../lib/gcc/arm-none-eabi/9.2.1/../../../../arm-none-eabi/lib/thumb/v7e-m/nofp/libc.a(lib_a-signal.o)
                0x0000000008001810                _raise_r
 .text.raise    0x0000000008001868       0x10 /opt/gcc-arm-none-eabi-9-2019-q4-major/bin/../lib/gcc/arm-none-eabi/9.2.1/../../../../arm-none-eabi/lib/thumb/v7e-m/nofp/libc.a(lib_a-signal.o)
                0x0000000008001868                raise
 .text._kill_r  0x0000000008001878       0x2c /opt/gcc-arm-none-eabi-9-2019-q4-major/bin/../lib/gcc/arm-none-eabi/9.2.1/../../../../arm-none-eabi/lib/thumb/v7e-m/nofp/libc.a(lib_a-signalr.o)
                0x0000000008001878                _kill_r
 .text._getpid_r
                0x00000000080018a4        0x4 /opt/gcc-arm-none-eabi-9-2019-q4-major/bin/../lib/gcc/arm-none-eabi/9.2.1/../../../../arm-none-eabi/lib/thumb/v7e-m/nofp/libc.a(lib_a-signalr.o)
                0x00000000080018a4                _getpid_r
 .text.startup.register_fini
                0x00000000080018a8       0x14 /opt/gcc-arm-none-eabi-9-2019-q4-major/bin/../lib/gcc/arm-none-eabi/9.2.1/../../../../arm-none-eabi/lib/thumb/v7e-m/nofp/libc.a(lib_a-__call_atexit.o)
 .text.__call_exitprocs
                0x00000000080018bc       0xc4 /opt/gcc-arm-none-eabi-9-2019-q4-major/bin/../lib/gcc/arm-none-eabi/9.2.1/../../../../arm-none-eabi/lib/thumb/v7e-m/nofp/libc.a(lib_a-__call_atexit.o)
                0x00000000080018bc                __call_exitprocs
 .text.atexit   0x0000000008001980        0xc /opt/gcc-arm-none-eabi-9-2019-q4-major/bin/../lib/gcc/arm-none-eabi/9.2.1/../../../../arm-none-eabi/lib/thumb/v7e-m/nofp/libc.a(lib_a-atexit.o)
                0x0000000008001980                atexit
 .text.__libc_fini_array
                0x000000000800198c       0x2c /opt/gcc-arm-none-eabi-9-2019-q4-major/bin/../lib/gcc/arm-none-eabi/9.2.1/../../../../arm-none-eabi/lib/thumb/v7e-m/nofp/libc.a(lib_a-fini.o)
                0x000000000800198c                __libc_fini_array
 .text.__retarget_lock_acquire_recursive
                0x00000000080019b8        0x4 /opt/gcc-arm-none-eabi-9-2019-q4-major/bin/../lib/gcc/arm-none-eabi/9.2.1/../../../../arm-none-eabi/lib/thumb/v7e-m/nofp/libc.a(lib_a-lock.o)
                0x00000000080019b8                __retarget_lock_acquire_recursive
 .text.__retarget_lock_release_recursive
                0x00000000080019bc        0x4 /opt/gcc-arm-none-eabi-9-2019-q4-major/bin/../lib/gcc/arm-none-eabi/9.2.1/../../../../arm-none-eabi/lib/thumb/v7e-m/nofp/libc.a(lib_a-lock.o)
                0x00000000080019bc                __retarget_lock_release_recursive
 .text.__register_exitproc
                0x00000000080019c0       0x8c /opt/gcc-arm-none-eabi-9-2019-q4-major/bin/../lib/gcc/arm-none-eabi/9.2.1/../../../../arm-none-eabi/lib/thumb/v7e-m/nofp/libc.a(lib_a-__atexit.o)
                0x00000000080019c0                __register_exitproc
 .text._getpid  0x0000000008001a4c       0x10 /opt/gcc-arm-none-eabi-9-2019-q4-major/bin/../lib/gcc/arm-none-eabi/9.2.1/../../../../arm-none-eabi/lib/thumb/v7e-m/nofp/libnosys.a(getpid.o)
                0x0000000008001a4c                _getpid
 .text._kill    0x0000000008001a5c       0x10 /opt/gcc-arm-none-eabi-9-2019-q4-major/bin/../lib/gcc/arm-none-eabi/9.2.1/../../../../arm-none-eabi/lib/thumb/v7e-m/nofp/libnosys.a(kill.o)
                0x0000000008001a5c                _kill
 .text._exit    0x0000000008001a6c        0x4 /opt/gcc-arm-none-eabi-9-2019-q4-major/bin/../lib/gcc/arm-none-eabi/9.2.1/../../../../arm-none-eabi/lib/thumb/v7e-m/nofp/libnosys.a(_exit.o)
                0x0000000008001a6c                _exit
 *(.init)
 .init          0x0000000008001a70        0x4 /opt/gcc-arm-none-eabi-9-2019-q4-major/bin/../lib/gcc/arm-none-eabi/9.2.1/thumb/v7e-m/nofp/crti.o
                0x0000000008001a70                _init
 .init          0x0000000008001a74        0x8 /opt/gcc-arm-none-eabi-9-2019-q4-major/bin/../lib/gcc/arm-none-eabi/9.2.1/thumb/v7e-m/nofp/crtn.o
 *(.fini)
 .fini          0x0000000008001a7c        0x4 /opt/gcc-arm-none-eabi-9-2019-q4-major/bin/../lib/gcc/arm-none-eabi/9.2.1/thumb/v7e-m/nofp/crti.o
                0x0000000008001a7c                _fini
 .fini          0x0000000008001a80        0x8 /opt/gcc-arm-none-eabi-9-2019-q4-major/bin/../lib/gcc/arm-none-eabi/9.2.1/thumb/v7e-m/nofp/crtn.o
 *crtbegin.o(.ctors)
 *crtbegin?.o(.ctors)
 *(EXCLUDE_FILE(*crtend.o *crtend?.o) .ctors)
 *(SORT_BY_NAME(.ctors.*))
 *(.ctors)
 *crtbegin.o(.dtors)
 *crtbegin?.o(.dtors)
 *(EXCLUDE_FILE(*crtend.o *crtend?.o) .dtors)
 *(SORT_BY_NAME(.dtors.*))
 *(.dtors)
 *(.rodata*)
 .rodata        0x0000000008001a88        0x8 CMakeFiles/lab2.dir/main.c.obj
                0x0000000008001a88                seq
 .rodata._global_impure_ptr
                0x0000000008001a90        0x4 /opt/gcc-arm-none-eabi-9-2019-q4-major/bin/../lib/gcc/arm-none-eabi/9.2.1/../../../../arm-none-eabi/lib/thumb/v7e-m/nofp/libc.a(lib_a-impure.o)
                0x0000000008001a90                _global_impure_ptr
 *(.eh_frame*)
 .eh_frame      0x0000000008001a94        0x0 /opt/gcc-arm-none-eabi-9-2019-q4-major/bin/../lib/gcc/arm-none-eabi/9.2.1/thumb/v7e-m/nofp/crtbegin.o
 .eh_frame      0x0000000008001a94        0x4 /opt/gcc-arm-none-eabi-9-2019-q4-major/bin/../lib/gcc/arm-none-eabi/9.2.1/thumb/v7e-m/nofp/crtend.o

.glue_7         0x0000000008001a98        0x0
 .glue_7        0x0000000008001a98        0x0 linker stubs

.glue_7t        0x0000000008001a98        0x0
 .glue_7t       0x0000000008001a98        0x0 linker stubs

.vfp11_veneer   0x0000000008001a98        0x0
 .vfp11_veneer  0x0000000008001a98        0x0 linker stubs

.v4_bx          0x0000000008001a98        0x0
 .v4_bx         0x0000000008001a98        0x0 linker stubs

.iplt           0x0000000008001a98        0x0
 .iplt          0x0000000008001a98        0x0 /opt/gcc-arm-none-eabi-9-2019-q4-major/bin/../lib/gcc/arm-none-eabi/9.2.1/thumb/v7e-m/nofp/crtbegin.o

.ARM.extab      0x0000000008001a98       0x24
 *(.ARM.extab* .gnu.linkonce.armextab.*)
 .ARM.extab.text.Reset_Handler
                0x0000000008001a98        0xc CMakeFiles/lab2.dir/Users/epico/Downloads/coro-micro-tp-etu-master/sys/startup_ARMCM4.c.obj
 .ARM.extab     0x0000000008001aa4       0x18 /opt/gcc-arm-none-eabi-9-2019-q4-major/bin/../lib/gcc/arm-none-eabi/9.2.1/thumb/v7e-m/nofp/libgcc.a(pr-support.o)
                0x0000000008001abc                __exidx_start = .

.ARM.exidx      0x0000000008001abc       0xc8
 *(.ARM.exidx* .gnu.linkonce.armexidx.*)
 .ARM.exidx     0x0000000008001abc        0x8 /opt/gcc-arm-none-eabi-9-2019-q4-major/bin/../lib/gcc/arm-none-eabi/9.2.1/../../../../arm-none-eabi/lib/thumb/v7e-m/nofp/crt0.o
 .ARM.exidx.text.setup
                0x0000000008001ac4        0x0 CMakeFiles/lab2.dir/main.c.obj
                                          0x8 (size before relaxing)
 .ARM.exidx.text.stepCCW
                0x0000000008001ac4        0x0 CMakeFiles/lab2.dir/main.c.obj
                                          0x8 (size before relaxing)
 .ARM.exidx.text.stepCW
                0x0000000008001ac4        0x0 CMakeFiles/lab2.dir/main.c.obj
                                          0x8 (size before relaxing)
 .ARM.exidx.text.setup_timer10HZ
                0x0000000008001ac4        0x0 CMakeFiles/lab2.dir/main.c.obj
                                          0x8 (size before relaxing)
 .ARM.exidx.text.main
                0x0000000008001ac4        0x0 CMakeFiles/lab2.dir/main.c.obj
                                          0x8 (size before relaxing)
 .ARM.exidx.text.Reset_Handler
                0x0000000008001ac4        0x8 CMakeFiles/lab2.dir/Users/epico/Downloads/coro-micro-tp-etu-master/sys/startup_ARMCM4.c.obj
 .ARM.exidx.text.Default_Handler
                0x0000000008001acc        0x8 CMakeFiles/lab2.dir/Users/epico/Downloads/coro-micro-tp-etu-master/sys/startup_ARMCM4.c.obj
 .ARM.exidx.text.SystemInit
                0x0000000008001ad4        0x0 CMakeFiles/lab2.dir/Users/epico/Downloads/coro-micro-tp-etu-master/sys/startup_clock.c.obj
                                          0x8 (size before relaxing)
 .ARM.exidx     0x0000000008001ad4       0x78 /opt/gcc-arm-none-eabi-9-2019-q4-major/bin/../lib/gcc/arm-none-eabi/9.2.1/thumb/v7e-m/nofp/libgcc.a(unwind-arm.o)
                                         0xd8 (size before relaxing)
 .ARM.exidx     0x0000000008001b4c       0x38 /opt/gcc-arm-none-eabi-9-2019-q4-major/bin/../lib/gcc/arm-none-eabi/9.2.1/thumb/v7e-m/nofp/libgcc.a(pr-support.o)
                0x0000000008001b84                __exidx_end = .
                0x0000000008001b84                __etext = .

.rel.dyn        0x0000000008001b84        0x0
 .rel.iplt      0x0000000008001b84        0x0 /opt/gcc-arm-none-eabi-9-2019-q4-major/bin/../lib/gcc/arm-none-eabi/9.2.1/thumb/v7e-m/nofp/crtbegin.o

.data           0x0000000020000000      0x440 load address 0x0000000008001b84
                0x0000000020000000                __data_start__ = .
 *(vtable)
 *(.data*)
 .data          0x0000000020000000        0x1 CMakeFiles/lab2.dir/main.c.obj
 *fill*         0x0000000020000001        0x3 
 .data._impure_ptr
                0x0000000020000004        0x4 /opt/gcc-arm-none-eabi-9-2019-q4-major/bin/../lib/gcc/arm-none-eabi/9.2.1/../../../../arm-none-eabi/lib/thumb/v7e-m/nofp/libc.a(lib_a-impure.o)
                0x0000000020000004                _impure_ptr
 .data.impure_data
                0x0000000020000008      0x428 /opt/gcc-arm-none-eabi-9-2019-q4-major/bin/../lib/gcc/arm-none-eabi/9.2.1/../../../../arm-none-eabi/lib/thumb/v7e-m/nofp/libc.a(lib_a-impure.o)
 .data.__atexit_recursive_mutex
                0x0000000020000430        0x4 /opt/gcc-arm-none-eabi-9-2019-q4-major/bin/../lib/gcc/arm-none-eabi/9.2.1/../../../../arm-none-eabi/lib/thumb/v7e-m/nofp/libc.a(lib_a-__call_atexit.o)
                0x0000000020000430                __atexit_recursive_mutex
                0x0000000020000434                . = ALIGN (0x4)
                0x0000000020000434                PROVIDE (__preinit_array_start = .)
 *(.preinit_array)
                0x0000000020000434                PROVIDE (__preinit_array_end = .)
                0x0000000020000434                . = ALIGN (0x4)
                0x0000000020000434                PROVIDE (__init_array_start = .)
 *(SORT_BY_NAME(.init_array.*))
 .init_array.00000
                0x0000000020000434        0x4 /opt/gcc-arm-none-eabi-9-2019-q4-major/bin/../lib/gcc/arm-none-eabi/9.2.1/../../../../arm-none-eabi/lib/thumb/v7e-m/nofp/libc.a(lib_a-__call_atexit.o)
 *(.init_array)
 .init_array    0x0000000020000438        0x4 /opt/gcc-arm-none-eabi-9-2019-q4-major/bin/../lib/gcc/arm-none-eabi/9.2.1/thumb/v7e-m/nofp/crtbegin.o
                0x000000002000043c                PROVIDE (__init_array_end = .)
                0x000000002000043c                . = ALIGN (0x4)
                0x000000002000043c                PROVIDE (__fini_array_start = .)
 *(SORT_BY_NAME(.fini_array.*))
 *(.fini_array)
 .fini_array    0x000000002000043c        0x4 /opt/gcc-arm-none-eabi-9-2019-q4-major/bin/../lib/gcc/arm-none-eabi/9.2.1/thumb/v7e-m/nofp/crtbegin.o
                0x0000000020000440                PROVIDE (__fini_array_end = .)
 *(.jcr*)
                0x0000000020000440                . = ALIGN (0x4)
                0x0000000020000440                __data_end__ = .

.igot.plt       0x0000000020000440        0x0 load address 0x0000000008001fc4
 .igot.plt      0x0000000020000440        0x0 /opt/gcc-arm-none-eabi-9-2019-q4-major/bin/../lib/gcc/arm-none-eabi/9.2.1/thumb/v7e-m/nofp/crtbegin.o

.bss            0x0000000020000440       0x48 load address 0x0000000008001fc4
                0x0000000020000440                . = ALIGN (0x4)
                0x0000000020000440                __bss_start__ = .
 *(.bss*)
 .bss           0x0000000020000440       0x1c /opt/gcc-arm-none-eabi-9-2019-q4-major/bin/../lib/gcc/arm-none-eabi/9.2.1/thumb/v7e-m/nofp/crtbegin.o
 .bss           0x000000002000045c        0x1 CMakeFiles/lab2.dir/main.c.obj
 *(COMMON)
 *fill*         0x000000002000045d        0x3 
 COMMON         0x0000000020000460       0x21 /opt/gcc-arm-none-eabi-9-2019-q4-major/bin/../lib/gcc/arm-none-eabi/9.2.1/../../../../arm-none-eabi/lib/thumb/v7e-m/nofp/libc.a(lib_a-lock.o)
                0x0000000020000460                __lock___atexit_recursive_mutex
                0x0000000020000464                __lock___arc4random_mutex
                0x0000000020000468                __lock___env_recursive_mutex
                0x000000002000046c                __lock___sinit_recursive_mutex
                0x0000000020000470                __lock___malloc_recursive_mutex
                0x0000000020000474                __lock___at_quick_exit_mutex
                0x0000000020000478                __lock___dd_hash_mutex
                0x000000002000047c                __lock___tz_mutex
                0x0000000020000480                __lock___sfp_recursive_mutex
 *fill*         0x0000000020000481        0x3 
 COMMON         0x0000000020000484        0x4 /opt/gcc-arm-none-eabi-9-2019-q4-major/bin/../lib/gcc/arm-none-eabi/9.2.1/../../../../arm-none-eabi/lib/thumb/v7e-m/nofp/libc.a(lib_a-reent.o)
                0x0000000020000484                errno
                0x0000000020000488                . = ALIGN (0x4)
                0x0000000020000488                __bss_end__ = .

.heap           0x0000000020000488      0xc00
                0x0000000020000488                __HeapBase = .
                0x0000000020000488                __end__ = .
                0x0000000020000488                end = __end__
 *(.heap*)
 .heap          0x0000000020000488      0xc00 CMakeFiles/lab2.dir/Users/epico/Downloads/coro-micro-tp-etu-master/sys/startup_ARMCM4.c.obj
                0x0000000020001088                __HeapLimit = .

.stack_dummy    0x0000000020001088      0x400
 *(.stack*)
 .stack         0x0000000020001088      0x400 CMakeFiles/lab2.dir/Users/epico/Downloads/coro-micro-tp-etu-master/sys/startup_ARMCM4.c.obj
                0x0000000020003000                __StackTop = (ORIGIN (RAM) + LENGTH (RAM))
                0x0000000020002c00                __StackLimit = (__StackTop - SIZEOF (.stack_dummy))
                0x0000000020003000                PROVIDE (__stack = __StackTop)
                0x0000000000000001                ASSERT ((__StackLimit >= __HeapLimit), region RAM overflowed with stack)
OUTPUT(lab2 elf32-littlearm)

.ARM.attributes
                0x0000000000000000       0x2a
 .ARM.attributes
                0x0000000000000000       0x1e /opt/gcc-arm-none-eabi-9-2019-q4-major/bin/../lib/gcc/arm-none-eabi/9.2.1/thumb/v7e-m/nofp/crti.o
 .ARM.attributes
                0x000000000000001e       0x2e /opt/gcc-arm-none-eabi-9-2019-q4-major/bin/../lib/gcc/arm-none-eabi/9.2.1/thumb/v7e-m/nofp/crtbegin.o
 .ARM.attributes
                0x000000000000004c       0x1c /opt/gcc-arm-none-eabi-9-2019-q4-major/bin/../lib/gcc/arm-none-eabi/9.2.1/../../../../arm-none-eabi/lib/thumb/v7e-m/nofp/crt0.o
 .ARM.attributes
                0x0000000000000068       0x2e CMakeFiles/lab2.dir/main.c.obj
 .ARM.attributes
                0x0000000000000096       0x2e CMakeFiles/lab2.dir/Users/epico/Downloads/coro-micro-tp-etu-master/sys/startup_ARMCM4.c.obj
 .ARM.attributes
                0x00000000000000c4       0x2e CMakeFiles/lab2.dir/Users/epico/Downloads/coro-micro-tp-etu-master/sys/startup_clock.c.obj
 .ARM.attributes
                0x00000000000000f2       0x2e /opt/gcc-arm-none-eabi-9-2019-q4-major/bin/../lib/gcc/arm-none-eabi/9.2.1/../../../../arm-none-eabi/lib/thumb/v7e-m/nofp/libc.a(lib_a-exit.o)
 .ARM.attributes
                0x0000000000000120       0x2e /opt/gcc-arm-none-eabi-9-2019-q4-major/bin/../lib/gcc/arm-none-eabi/9.2.1/../../../../arm-none-eabi/lib/thumb/v7e-m/nofp/libc.a(lib_a-impure.o)
 .ARM.attributes
                0x000000000000014e       0x2e /opt/gcc-arm-none-eabi-9-2019-q4-major/bin/../lib/gcc/arm-none-eabi/9.2.1/../../../../arm-none-eabi/lib/thumb/v7e-m/nofp/libc.a(lib_a-init.o)
 .ARM.attributes
                0x000000000000017c       0x2e /opt/gcc-arm-none-eabi-9-2019-q4-major/bin/../lib/gcc/arm-none-eabi/9.2.1/../../../../arm-none-eabi/lib/thumb/v7e-m/nofp/libc.a(lib_a-memset.o)
 .ARM.attributes
                0x00000000000001aa       0x2e /opt/gcc-arm-none-eabi-9-2019-q4-major/bin/../lib/gcc/arm-none-eabi/9.2.1/../../../../arm-none-eabi/lib/thumb/v7e-m/nofp/libc.a(lib_a-__call_atexit.o)
 .ARM.attributes
                0x00000000000001d8       0x2e /opt/gcc-arm-none-eabi-9-2019-q4-major/bin/../lib/gcc/arm-none-eabi/9.2.1/../../../../arm-none-eabi/lib/thumb/v7e-m/nofp/libc.a(lib_a-atexit.o)
 .ARM.attributes
                0x0000000000000206       0x2e /opt/gcc-arm-none-eabi-9-2019-q4-major/bin/../lib/gcc/arm-none-eabi/9.2.1/../../../../arm-none-eabi/lib/thumb/v7e-m/nofp/libc.a(lib_a-fini.o)
 .ARM.attributes
                0x0000000000000234       0x2e /opt/gcc-arm-none-eabi-9-2019-q4-major/bin/../lib/gcc/arm-none-eabi/9.2.1/../../../../arm-none-eabi/lib/thumb/v7e-m/nofp/libc.a(lib_a-lock.o)
 .ARM.attributes
                0x0000000000000262       0x2e /opt/gcc-arm-none-eabi-9-2019-q4-major/bin/../lib/gcc/arm-none-eabi/9.2.1/../../../../arm-none-eabi/lib/thumb/v7e-m/nofp/libc.a(lib_a-__atexit.o)
 .ARM.attributes
                0x0000000000000290       0x2e /opt/gcc-arm-none-eabi-9-2019-q4-major/bin/../lib/gcc/arm-none-eabi/9.2.1/thumb/v7e-m/nofp/crtend.o
 .ARM.attributes
                0x00000000000002be       0x1e /opt/gcc-arm-none-eabi-9-2019-q4-major/bin/../lib/gcc/arm-none-eabi/9.2.1/thumb/v7e-m/nofp/crtn.o
 .ARM.attributes
                0x00000000000002dc       0x2e /opt/gcc-arm-none-eabi-9-2019-q4-major/bin/../lib/gcc/arm-none-eabi/9.2.1/../../../../arm-none-eabi/lib/thumb/v7e-m/nofp/libnosys.a(_exit.o)

.comment        0x0000000000000000       0x79
 .comment       0x0000000000000000       0x79 CMakeFiles/lab2.dir/main.c.obj
                                         0x7a (size before relaxing)
 .comment       0x0000000000000079       0x7a CMakeFiles/lab2.dir/Users/epico/Downloads/coro-micro-tp-etu-master/sys/startup_ARMCM4.c.obj
 .comment       0x0000000000000079       0x7a CMakeFiles/lab2.dir/Users/epico/Downloads/coro-micro-tp-etu-master/sys/startup_clock.c.obj

.debug_info     0x0000000000000000      0x9e2
 .debug_info    0x0000000000000000      0x4e3 CMakeFiles/lab2.dir/main.c.obj
 .debug_info    0x00000000000004e3      0x26f CMakeFiles/lab2.dir/Users/epico/Downloads/coro-micro-tp-etu-master/sys/startup_ARMCM4.c.obj
 .debug_info    0x0000000000000752      0x290 CMakeFiles/lab2.dir/Users/epico/Downloads/coro-micro-tp-etu-master/sys/startup_clock.c.obj

.debug_abbrev   0x0000000000000000      0x326
 .debug_abbrev  0x0000000000000000      0x149 CMakeFiles/lab2.dir/main.c.obj
 .debug_abbrev  0x0000000000000149      0x104 CMakeFiles/lab2.dir/Users/epico/Downloads/coro-micro-tp-etu-master/sys/startup_ARMCM4.c.obj
 .debug_abbrev  0x000000000000024d       0xd9 CMakeFiles/lab2.dir/Users/epico/Downloads/coro-micro-tp-etu-master/sys/startup_clock.c.obj

.debug_aranges  0x0000000000000000       0x90
 .debug_aranges
                0x0000000000000000       0x48 CMakeFiles/lab2.dir/main.c.obj
 .debug_aranges
                0x0000000000000048       0x28 CMakeFiles/lab2.dir/Users/epico/Downloads/coro-micro-tp-etu-master/sys/startup_ARMCM4.c.obj
 .debug_aranges
                0x0000000000000070       0x20 CMakeFiles/lab2.dir/Users/epico/Downloads/coro-micro-tp-etu-master/sys/startup_clock.c.obj

.debug_ranges   0x0000000000000000       0x60
 .debug_ranges  0x0000000000000000       0x38 CMakeFiles/lab2.dir/main.c.obj
 .debug_ranges  0x0000000000000038       0x18 CMakeFiles/lab2.dir/Users/epico/Downloads/coro-micro-tp-etu-master/sys/startup_ARMCM4.c.obj
 .debug_ranges  0x0000000000000050       0x10 CMakeFiles/lab2.dir/Users/epico/Downloads/coro-micro-tp-etu-master/sys/startup_clock.c.obj

.debug_line     0x0000000000000000      0x78f
 .debug_line    0x0000000000000000      0x302 CMakeFiles/lab2.dir/main.c.obj
 .debug_line    0x0000000000000302      0x24e CMakeFiles/lab2.dir/Users/epico/Downloads/coro-micro-tp-etu-master/sys/startup_ARMCM4.c.obj
 .debug_line    0x0000000000000550      0x23f CMakeFiles/lab2.dir/Users/epico/Downloads/coro-micro-tp-etu-master/sys/startup_clock.c.obj

.debug_str      0x0000000000000000      0x487
 .debug_str     0x0000000000000000      0x2f2 CMakeFiles/lab2.dir/main.c.obj
                                        0x33f (size before relaxing)
 .debug_str     0x00000000000002f2      0x122 CMakeFiles/lab2.dir/Users/epico/Downloads/coro-micro-tp-etu-master/sys/startup_ARMCM4.c.obj
                                        0x31c (size before relaxing)
 .debug_str     0x0000000000000414       0x73 CMakeFiles/lab2.dir/Users/epico/Downloads/coro-micro-tp-etu-master/sys/startup_clock.c.obj
                                        0x2c5 (size before relaxing)

.debug_frame    0x0000000000000000      0x38c
 .debug_frame   0x0000000000000000       0xd4 CMakeFiles/lab2.dir/main.c.obj
 .debug_frame   0x00000000000000d4       0x48 CMakeFiles/lab2.dir/Users/epico/Downloads/coro-micro-tp-etu-master/sys/startup_ARMCM4.c.obj
 .debug_frame   0x000000000000011c       0x30 CMakeFiles/lab2.dir/Users/epico/Downloads/coro-micro-tp-etu-master/sys/startup_clock.c.obj
 .debug_frame   0x000000000000014c       0x28 /opt/gcc-arm-none-eabi-9-2019-q4-major/bin/../lib/gcc/arm-none-eabi/9.2.1/../../../../arm-none-eabi/lib/thumb/v7e-m/nofp/libc.a(lib_a-exit.o)
 .debug_frame   0x0000000000000174       0x2c /opt/gcc-arm-none-eabi-9-2019-q4-major/bin/../lib/gcc/arm-none-eabi/9.2.1/../../../../arm-none-eabi/lib/thumb/v7e-m/nofp/libc.a(lib_a-init.o)
 .debug_frame   0x00000000000001a0       0x38 /opt/gcc-arm-none-eabi-9-2019-q4-major/bin/../lib/gcc/arm-none-eabi/9.2.1/../../../../arm-none-eabi/lib/thumb/v7e-m/nofp/libc.a(lib_a-memset.o)
 .debug_frame   0x00000000000001d8       0x5c /opt/gcc-arm-none-eabi-9-2019-q4-major/bin/../lib/gcc/arm-none-eabi/9.2.1/../../../../arm-none-eabi/lib/thumb/v7e-m/nofp/libc.a(lib_a-__call_atexit.o)
 .debug_frame   0x0000000000000234       0x20 /opt/gcc-arm-none-eabi-9-2019-q4-major/bin/../lib/gcc/arm-none-eabi/9.2.1/../../../../arm-none-eabi/lib/thumb/v7e-m/nofp/libc.a(lib_a-atexit.o)
 .debug_frame   0x0000000000000254       0x34 /opt/gcc-arm-none-eabi-9-2019-q4-major/bin/../lib/gcc/arm-none-eabi/9.2.1/../../../../arm-none-eabi/lib/thumb/v7e-m/nofp/libc.a(lib_a-fini.o)
 .debug_frame   0x0000000000000288       0xb0 /opt/gcc-arm-none-eabi-9-2019-q4-major/bin/../lib/gcc/arm-none-eabi/9.2.1/../../../../arm-none-eabi/lib/thumb/v7e-m/nofp/libc.a(lib_a-lock.o)
 .debug_frame   0x0000000000000338       0x34 /opt/gcc-arm-none-eabi-9-2019-q4-major/bin/../lib/gcc/arm-none-eabi/9.2.1/../../../../arm-none-eabi/lib/thumb/v7e-m/nofp/libc.a(lib_a-__atexit.o)
 .debug_frame   0x000000000000036c       0x20 /opt/gcc-arm-none-eabi-9-2019-q4-major/bin/../lib/gcc/arm-none-eabi/9.2.1/../../../../arm-none-eabi/lib/thumb/v7e-m/nofp/libnosys.a(_exit.o)

.stabstr        0x0000000000000000       0x76
 .stabstr       0x0000000000000000       0x76 /opt/gcc-arm-none-eabi-9-2019-q4-major/bin/../lib/gcc/arm-none-eabi/9.2.1/../../../../arm-none-eabi/lib/thumb/v7e-m/nofp/libnosys.a(getpid.o)
