Archive member included to satisfy reference by file (symbol)

/opt/gcc-arm-none-eabi-9-2019-q4-major/bin/../lib/gcc/arm-none-eabi/9.2.1/../../../../arm-none-eabi/lib/thumb/v7e-m/nofp/libstdc++_nano.a(pure.o)
                              CMakeFiles/lab3.dir/Users/epico/Documents/coro-micro-tp-etu-master/lib/tft/arduinoCore/Print.cpp.obj (__cxa_pure_virtual)
/opt/gcc-arm-none-eabi-9-2019-q4-major/bin/../lib/gcc/arm-none-eabi/9.2.1/../../../../arm-none-eabi/lib/thumb/v7e-m/nofp/libstdc++_nano.a(eh_terminate.o)
                              /opt/gcc-arm-none-eabi-9-2019-q4-major/bin/../lib/gcc/arm-none-eabi/9.2.1/../../../../arm-none-eabi/lib/thumb/v7e-m/nofp/libstdc++_nano.a(pure.o) (std::terminate())
/opt/gcc-arm-none-eabi-9-2019-q4-major/bin/../lib/gcc/arm-none-eabi/9.2.1/../../../../arm-none-eabi/lib/thumb/v7e-m/nofp/libstdc++_nano.a(eh_unex_handler.o)
                              /opt/gcc-arm-none-eabi-9-2019-q4-major/bin/../lib/gcc/arm-none-eabi/9.2.1/../../../../arm-none-eabi/lib/thumb/v7e-m/nofp/libstdc++_nano.a(eh_terminate.o) (__cxxabiv1::__unexpected_handler)
/opt/gcc-arm-none-eabi-9-2019-q4-major/bin/../lib/gcc/arm-none-eabi/9.2.1/../../../../arm-none-eabi/lib/thumb/v7e-m/nofp/libstdc++_nano.a(eh_term_handler.o)
                              /opt/gcc-arm-none-eabi-9-2019-q4-major/bin/../lib/gcc/arm-none-eabi/9.2.1/../../../../arm-none-eabi/lib/thumb/v7e-m/nofp/libstdc++_nano.a(eh_terminate.o) (__cxxabiv1::__terminate_handler)
/opt/gcc-arm-none-eabi-9-2019-q4-major/bin/../lib/gcc/arm-none-eabi/9.2.1/thumb/v7e-m/nofp/libgcc.a(_arm_muldf3.o)
                              CMakeFiles/lab3.dir/Users/epico/Documents/coro-micro-tp-etu-master/lib/tft/arduinoCore/Print.cpp.obj (__aeabi_dmul)
/opt/gcc-arm-none-eabi-9-2019-q4-major/bin/../lib/gcc/arm-none-eabi/9.2.1/thumb/v7e-m/nofp/libgcc.a(_arm_addsubdf3.o)
                              CMakeFiles/lab3.dir/Users/epico/Documents/coro-micro-tp-etu-master/lib/tft/arduinoCore/Print.cpp.obj (__aeabi_dsub)
/opt/gcc-arm-none-eabi-9-2019-q4-major/bin/../lib/gcc/arm-none-eabi/9.2.1/thumb/v7e-m/nofp/libgcc.a(_arm_muldivdf3.o)
                              CMakeFiles/lab3.dir/Users/epico/Documents/coro-micro-tp-etu-master/lib/tft/arduinoCore/Print.cpp.obj (__aeabi_ddiv)
/opt/gcc-arm-none-eabi-9-2019-q4-major/bin/../lib/gcc/arm-none-eabi/9.2.1/thumb/v7e-m/nofp/libgcc.a(_arm_cmpdf2.o)
                              CMakeFiles/lab3.dir/Users/epico/Documents/coro-micro-tp-etu-master/lib/tft/arduinoCore/Print.cpp.obj (__aeabi_dcmplt)
/opt/gcc-arm-none-eabi-9-2019-q4-major/bin/../lib/gcc/arm-none-eabi/9.2.1/thumb/v7e-m/nofp/libgcc.a(_arm_unorddf2.o)
                              CMakeFiles/lab3.dir/Users/epico/Documents/coro-micro-tp-etu-master/lib/tft/arduinoCore/Print.cpp.obj (__aeabi_dcmpun)
/opt/gcc-arm-none-eabi-9-2019-q4-major/bin/../lib/gcc/arm-none-eabi/9.2.1/thumb/v7e-m/nofp/libgcc.a(_arm_fixdfsi.o)
                              CMakeFiles/lab3.dir/Users/epico/Documents/coro-micro-tp-etu-master/lib/tft/arduinoCore/Print.cpp.obj (__aeabi_d2iz)
/opt/gcc-arm-none-eabi-9-2019-q4-major/bin/../lib/gcc/arm-none-eabi/9.2.1/thumb/v7e-m/nofp/libgcc.a(_arm_fixunsdfsi.o)
                              CMakeFiles/lab3.dir/Users/epico/Documents/coro-micro-tp-etu-master/lib/tft/arduinoCore/Print.cpp.obj (__aeabi_d2uiz)
/opt/gcc-arm-none-eabi-9-2019-q4-major/bin/../lib/gcc/arm-none-eabi/9.2.1/thumb/v7e-m/nofp/libgcc.a(_aeabi_uldivmod.o)
                              CMakeFiles/lab3.dir/Users/epico/Documents/coro-micro-tp-etu-master/lib/tft/arduinoCore/Print.cpp.obj (__aeabi_uldivmod)
/opt/gcc-arm-none-eabi-9-2019-q4-major/bin/../lib/gcc/arm-none-eabi/9.2.1/thumb/v7e-m/nofp/libgcc.a(_udivmoddi4.o)
                              /opt/gcc-arm-none-eabi-9-2019-q4-major/bin/../lib/gcc/arm-none-eabi/9.2.1/thumb/v7e-m/nofp/libgcc.a(_aeabi_uldivmod.o) (__udivmoddi4)
/opt/gcc-arm-none-eabi-9-2019-q4-major/bin/../lib/gcc/arm-none-eabi/9.2.1/thumb/v7e-m/nofp/libgcc.a(unwind-arm.o)
                              CMakeFiles/lab3.dir/Users/epico/Documents/coro-micro-tp-etu-master/lib/tft/Adafruit-GFX-Library/Adafruit_GFX.cpp.obj (__aeabi_unwind_cpp_pr0)
/opt/gcc-arm-none-eabi-9-2019-q4-major/bin/../lib/gcc/arm-none-eabi/9.2.1/thumb/v7e-m/nofp/libgcc.a(libunwind.o)
                              /opt/gcc-arm-none-eabi-9-2019-q4-major/bin/../lib/gcc/arm-none-eabi/9.2.1/thumb/v7e-m/nofp/libgcc.a(unwind-arm.o) (restore_core_regs)
/opt/gcc-arm-none-eabi-9-2019-q4-major/bin/../lib/gcc/arm-none-eabi/9.2.1/thumb/v7e-m/nofp/libgcc.a(pr-support.o)
                              /opt/gcc-arm-none-eabi-9-2019-q4-major/bin/../lib/gcc/arm-none-eabi/9.2.1/thumb/v7e-m/nofp/libgcc.a(unwind-arm.o) (__gnu_unwind_execute)
/opt/gcc-arm-none-eabi-9-2019-q4-major/bin/../lib/gcc/arm-none-eabi/9.2.1/thumb/v7e-m/nofp/libgcc.a(_dvmd_tls.o)
                              /opt/gcc-arm-none-eabi-9-2019-q4-major/bin/../lib/gcc/arm-none-eabi/9.2.1/thumb/v7e-m/nofp/libgcc.a(_aeabi_uldivmod.o) (__aeabi_ldiv0)
[...]
Memory Configuration

Name             Origin             Length             Attributes
FLASH            0x0000000008000000 0x0000000000010000 xr
RAM              0x0000000020000000 0x0000000000003000 xrw
*default*        0x0000000000000000 0xffffffffffffffff

Linker script and memory map

LOAD /opt/gcc-arm-none-eabi-9-2019-q4-major/bin/../lib/gcc/arm-none-eabi/9.2.1/thumb/v7e-m/nofp/crti.o
LOAD /opt/gcc-arm-none-eabi-9-2019-q4-major/bin/../lib/gcc/arm-none-eabi/9.2.1/thumb/v7e-m/nofp/crtbegin.o
LOAD /opt/gcc-arm-none-eabi-9-2019-q4-major/bin/../lib/gcc/arm-none-eabi/9.2.1/../../../../arm-none-eabi/lib/thumb/v7e-m/nofp/crt0.o
LOAD CMakeFiles/lab3.dir/main.cpp.obj
LOAD CMakeFiles/lab3.dir/Users/epico/Documents/coro-micro-tp-etu-master/lib/adc.c.obj
LOAD CMakeFiles/lab3.dir/Users/epico/Documents/coro-micro-tp-etu-master/lib/pinAccess.c.obj
LOAD CMakeFiles/lab3.dir/Users/epico/Documents/coro-micro-tp-etu-master/lib/spi.c.obj
LOAD CMakeFiles/lab3.dir/Users/epico/Documents/coro-micro-tp-etu-master/lib/dummySerial.c.obj
LOAD CMakeFiles/lab3.dir/Users/epico/Documents/coro-micro-tp-etu-master/lib/exti.c.obj
LOAD CMakeFiles/lab3.dir/Users/epico/Documents/coro-micro-tp-etu-master/lib/tft/tft.cpp.obj
LOAD CMakeFiles/lab3.dir/Users/epico/Documents/coro-micro-tp-etu-master/lib/tft/arduinoCore/Print.cpp.obj
LOAD CMakeFiles/lab3.dir/Users/epico/Documents/coro-micro-tp-etu-master/lib/tft/Adafruit-GFX-Library/Adafruit_GFX.cpp.obj
LOAD CMakeFiles/lab3.dir/Users/epico/Documents/coro-micro-tp-etu-master/lib/tft/Adafruit-GFX-Library/Adafruit_SPITFT.cpp.obj
LOAD CMakeFiles/lab3.dir/Users/epico/Documents/coro-micro-tp-etu-master/lib/tft/Adafruit-ST7735-Library/Adafruit_ST7735.cpp.obj
LOAD CMakeFiles/lab3.dir/Users/epico/Documents/coro-micro-tp-etu-master/lib/tft/Adafruit-ST7735-Library/Adafruit_ST77xx.cpp.obj
LOAD CMakeFiles/lab3.dir/Users/epico/Documents/coro-micro-tp-etu-master/sys/startup_ARMCM4.c.obj
LOAD CMakeFiles/lab3.dir/Users/epico/Documents/coro-micro-tp-etu-master/sys/startup_clock.c.obj
START GROUP
END GROUP
LOAD /opt/gcc-arm-none-eabi-9-2019-q4-major/bin/../lib/gcc/arm-none-eabi/9.2.1/../../../../arm-none-eabi/lib/thumb/v7e-m/nofp/libstdc++_nano.a
LOAD /opt/gcc-arm-none-eabi-9-2019-q4-major/bin/../lib/gcc/arm-none-eabi/9.2.1/../../../../arm-none-eabi/lib/thumb/v7e-m/nofp/libm.a
LOAD /opt/gcc-arm-none-eabi-9-2019-q4-major/bin/../lib/gcc/arm-none-eabi/9.2.1/../../../../arm-none-eabi/lib/thumb/v7e-m/nofp/libstdc++.a
LOAD /opt/gcc-arm-none-eabi-9-2019-q4-major/bin/../lib/gcc/arm-none-eabi/9.2.1/../../../../arm-none-eabi/lib/thumb/v7e-m/nofp/libm.a
START GROUP
LOAD /opt/gcc-arm-none-eabi-9-2019-q4-major/bin/../lib/gcc/arm-none-eabi/9.2.1/thumb/v7e-m/nofp/libgcc.a
LOAD /opt/gcc-arm-none-eabi-9-2019-q4-major/bin/../lib/gcc/arm-none-eabi/9.2.1/../../../../arm-none-eabi/lib/thumb/v7e-m/nofp/libc.a
END GROUP
LOAD /opt/gcc-arm-none-eabi-9-2019-q4-major/bin/../lib/gcc/arm-none-eabi/9.2.1/thumb/v7e-m/nofp/crtend.o
LOAD /opt/gcc-arm-none-eabi-9-2019-q4-major/bin/../lib/gcc/arm-none-eabi/9.2.1/thumb/v7e-m/nofp/crtn.o
START GROUP
LOAD /opt/gcc-arm-none-eabi-9-2019-q4-major/bin/../lib/gcc/arm-none-eabi/9.2.1/thumb/v7e-m/nofp/libgcc.a
LOAD /opt/gcc-arm-none-eabi-9-2019-q4-major/bin/../lib/gcc/arm-none-eabi/9.2.1/../../../../arm-none-eabi/lib/thumb/v7e-m/nofp/libc.a
LOAD /opt/gcc-arm-none-eabi-9-2019-q4-major/bin/../lib/gcc/arm-none-eabi/9.2.1/../../../../arm-none-eabi/lib/thumb/v7e-m/nofp/libm.a
LOAD /opt/gcc-arm-none-eabi-9-2019-q4-major/bin/../lib/gcc/arm-none-eabi/9.2.1/../../../../arm-none-eabi/lib/thumb/v7e-m/nofp/libnosys.a
END GROUP

.text           0x0000000008000000     0x51e4
 *(.vectors)
 .vectors       0x0000000008000000      0x3c0 CMakeFiles/lab3.dir/Users/epico/Documents/coro-micro-tp-etu-master/sys/startup_ARMCM4.c.obj
                0x0000000008000000                __Vectors
                0x00000000080003c0                __Vectors_End = .
                0x00000000080003c0                __Vectors_Size = (__Vectors_End - __Vectors)
                0x00000000200004c0                __end__ = .
 *(.text*)
 .text          0x00000000080003c0       0x40 /opt/gcc-arm-none-eabi-9-2019-q4-major/bin/../lib/gcc/arm-none-eabi/9.2.1/thumb/v7e-m/nofp/crtbegin.o
 .text          0x0000000008000400       0x74 /opt/gcc-arm-none-eabi-9-2019-q4-major/bin/../lib/gcc/arm-none-eabi/9.2.1/../../../../arm-none-eabi/lib/thumb/v7e-m/nofp/crt0.o
                0x0000000008000400                _mainCRTStartup
                0x0000000008000400                _start
 .text.NVIC_EnableIRQ
                0x0000000008000474       0x34 CMakeFiles/lab3.dir/main.cpp.obj
 .text.NVIC_DisableIRQ
                0x00000000080004a8       0x34 CMakeFiles/lab3.dir/main.cpp.obj
 .text.NVIC_SetPriority
                0x00000000080004dc       0x54 CMakeFiles/lab3.dir/main.cpp.obj
 .text.setup_GPIO
                0x0000000008000530       0x60 CMakeFiles/lab3.dir/main.cpp.obj
                0x0000000008000530                setup_GPIO
 .text.wait     0x0000000008000590       0x30 CMakeFiles/lab3.dir/main.cpp.obj
                0x0000000008000590                wait
 .text.setup_timer10HZ
                0x00000000080005c0       0x64 CMakeFiles/lab3.dir/main.cpp.obj
                0x00000000080005c0                setup_timer10HZ
 .text.timer7_10HZ
                0x0000000008000624       0x68 CMakeFiles/lab3.dir/main.cpp.obj
                0x0000000008000624                timer7_10HZ
 .text.TIM6_DAC1_IRQHandler
                0x000000000800068c       0x78 CMakeFiles/lab3.dir/main.cpp.obj
                0x000000000800068c                TIM6_DAC1_IRQHandler
 .text.TIM7_DAC2_IRQHandler
                0x0000000008000704       0x30 CMakeFiles/lab3.dir/main.cpp.obj
                0x0000000008000704                TIM7_DAC2_IRQHandler
 .text.EXTI15_10_IRQHandler
                0x0000000008000734       0xb0 CMakeFiles/lab3.dir/main.cpp.obj
                0x0000000008000734                EXTI15_10_IRQHandler
 .text.main     0x00000000080007e4       0xac CMakeFiles/lab3.dir/main.cpp.obj
                0x00000000080007e4                main
 .text.setupSPI
                0x0000000008000890       0xb4 CMakeFiles/lab3.dir/Users/epico/Documents/coro-micro-tp-etu-master/lib/spi.c.obj
                0x0000000008000890                setupSPI
 .text.transfer8
                0x0000000008000944       0x60 CMakeFiles/lab3.dir/Users/epico/Documents/coro-micro-tp-etu-master/lib/spi.c.obj
                0x0000000008000944                transfer8
 .text._ZN15Adafruit_ST7735C2Ev
                0x00000000080009a4       0x24 CMakeFiles/lab3.dir/Users/epico/Documents/coro-micro-tp-etu-master/lib/tft/tft.cpp.obj
                0x00000000080009a4                Adafruit_ST7735::Adafruit_ST7735()
                0x00000000080009a4                Adafruit_ST7735::Adafruit_ST7735()
 .text._ZN3tftC2Ev
                0x00000000080009c8       0x24 CMakeFiles/lab3.dir/Users/epico/Documents/coro-micro-tp-etu-master/lib/tft/tft.cpp.obj
                0x00000000080009c8                tft::tft()
                0x00000000080009c8                tft::tft()
 .text._ZN3tft5eraseEv
                0x00000000080009ec       0x2c CMakeFiles/lab3.dir/Users/epico/Documents/coro-micro-tp-etu-master/lib/tft/tft.cpp.obj
                0x00000000080009ec                tft::erase()
 .text._ZN3tft5setupEv
                0x0000000008000a18       0x3c CMakeFiles/lab3.dir/Users/epico/Documents/coro-micro-tp-etu-master/lib/tft/tft.cpp.obj
                0x0000000008000a18                tft::setup()
 .text._ZN3tft13setTextCursorEjj
                0x0000000008000a54       0x60 CMakeFiles/lab3.dir/Users/epico/Documents/coro-micro-tp-etu-master/lib/tft/tft.cpp.obj
                0x0000000008000a54                tft::setTextCursor(unsigned int, unsigned int)
 .text._ZN3tft12getTextWidthEv
                0x0000000008000ab4       0x30 CMakeFiles/lab3.dir/Users/epico/Documents/coro-micro-tp-etu-master/lib/tft/tft.cpp.obj
                0x0000000008000ab4                tft::getTextWidth()
 .text._ZN3tft13getTextHeightEv
                0x0000000008000ae4       0x30 CMakeFiles/lab3.dir/Users/epico/Documents/coro-micro-tp-etu-master/lib/tft/tft.cpp.obj
                0x0000000008000ae4                tft::getTextHeight()
 .text._ZN3tft9eraseTextEj
                0x0000000008000b14       0x8e CMakeFiles/lab3.dir/Users/epico/Documents/coro-micro-tp-etu-master/lib/tft/tft.cpp.obj
                0x0000000008000b14                tft::eraseText(unsigned int)
 *fill*         0x0000000008000ba2        0x2 
 .text._Z41__static_initialization_and_destruction_0ii
                0x0000000008000ba4       0x2c CMakeFiles/lab3.dir/Users/epico/Documents/coro-micro-tp-etu-master/lib/tft/tft.cpp.obj
 .text._GLOBAL__sub_I__ZN3tft5eraseEv
                0x0000000008000bd0       0x10 CMakeFiles/lab3.dir/Users/epico/Documents/coro-micro-tp-etu-master/lib/tft/tft.cpp.obj
 .text._ZN5Print5writeEPKc
                0x0000000008000be0       0x38 CMakeFiles/lab3.dir/Users/epico/Documents/coro-micro-tp-etu-master/lib/tft/arduinoCore/Print.cpp.obj
                0x0000000008000be0                Print::write(char const*)
 .text._ZN5Print5writeEPKhj
                0x0000000008000c18       0x5c CMakeFiles/lab3.dir/Users/epico/Documents/coro-micro-tp-etu-master/lib/tft/arduinoCore/Print.cpp.obj
                0x0000000008000c18                Print::write(unsigned char const*, unsigned int)
 .text._ZN5Print5printEPKc
                0x0000000008000c74       0x1c CMakeFiles/lab3.dir/Users/epico/Documents/coro-micro-tp-etu-master/lib/tft/arduinoCore/Print.cpp.obj
                0x0000000008000c74                Print::print(char const*)
 .text._ZN5Print5printEc
                0x0000000008000c90       0x24 CMakeFiles/lab3.dir/Users/epico/Documents/coro-micro-tp-etu-master/lib/tft/arduinoCore/Print.cpp.obj
                0x0000000008000c90                Print::print(char)
 .text._ZN5Print5printEii
                0x0000000008000cb4       0x20 CMakeFiles/lab3.dir/Users/epico/Documents/coro-micro-tp-etu-master/lib/tft/arduinoCore/Print.cpp.obj
                0x0000000008000cb4                Print::print(int, int)
 .text._ZN5Print5printEli
                0x0000000008000cd4       0x82 CMakeFiles/lab3.dir/Users/epico/Documents/coro-micro-tp-etu-master/lib/tft/arduinoCore/Print.cpp.obj
                0x0000000008000cd4                Print::print(long, int)
 *fill*         0x0000000008000d56        0x2 
 .text._ZN5Print7printlnEv
                0x0000000008000d58       0x20 CMakeFiles/lab3.dir/Users/epico/Documents/coro-micro-tp-etu-master/lib/tft/arduinoCore/Print.cpp.obj
                0x0000000008000d58                Print::println()
 .text._ZN5Print7printlnEPKc
                0x0000000008000d78       0x2e CMakeFiles/lab3.dir/Users/epico/Documents/coro-micro-tp-etu-master/lib/tft/arduinoCore/Print.cpp.obj
                0x0000000008000d78                Print::println(char const*)
 .text._ZN5Print7printlnEii
                0x0000000008000da6       0x32 CMakeFiles/lab3.dir/Users/epico/Documents/coro-micro-tp-etu-master/lib/tft/arduinoCore/Print.cpp.obj
                0x0000000008000da6                Print::println(int, int)
 .text._ZN5Print11printNumberEmh
                0x0000000008000dd8       0x88 CMakeFiles/lab3.dir/Users/epico/Documents/coro-micro-tp-etu-master/lib/tft/arduinoCore/Print.cpp.obj
                0x0000000008000dd8                Print::printNumber(unsigned long, unsigned char)
 .text._ZN5PrintC2Ev
                0x0000000008000e60       0x24 CMakeFiles/lab3.dir/Users/epico/Documents/coro-micro-tp-etu-master/lib/tft/Adafruit-GFX-Library/Adafruit_GFX.cpp.obj
                0x0000000008000e60                Print::Print()
                0x0000000008000e60                Print::Print()
 .text._ZN12Adafruit_GFXC2Ess
                0x0000000008000e84       0x8c CMakeFiles/lab3.dir/Users/epico/Documents/coro-micro-tp-etu-master/lib/tft/Adafruit-GFX-Library/Adafruit_GFX.cpp.obj
                0x0000000008000e84                Adafruit_GFX::Adafruit_GFX(short, short)
                0x0000000008000e84                Adafruit_GFX::Adafruit_GFX(short, short)
 .text._ZN12Adafruit_GFX9writeLineEsssst
                0x0000000008000f10      0x14a CMakeFiles/lab3.dir/Users/epico/Documents/coro-micro-tp-etu-master/lib/tft/Adafruit-GFX-Library/Adafruit_GFX.cpp.obj
                0x0000000008000f10                Adafruit_GFX::writeLine(short, short, short, short, unsigned short)
 .text._ZN12Adafruit_GFX10startWriteEv
                0x000000000800105a       0x12 CMakeFiles/lab3.dir/Users/epico/Documents/coro-micro-tp-etu-master/lib/tft/Adafruit-GFX-Library/Adafruit_GFX.cpp.obj
                0x000000000800105a                Adafruit_GFX::startWrite()
 .text._ZN12Adafruit_GFX10writePixelEsst
                0x000000000800106c       0x38 CMakeFiles/lab3.dir/Users/epico/Documents/coro-micro-tp-etu-master/lib/tft/Adafruit-GFX-Library/Adafruit_GFX.cpp.obj
                0x000000000800106c                Adafruit_GFX::writePixel(short, short, unsigned short)
 .text._ZN12Adafruit_GFX14writeFastVLineEssst
                0x00000000080010a4       0x40 CMakeFiles/lab3.dir/Users/epico/Documents/coro-micro-tp-etu-master/lib/tft/Adafruit-GFX-Library/Adafruit_GFX.cpp.obj
                0x00000000080010a4                Adafruit_GFX::writeFastVLine(short, short, short, unsigned short)
 .text._ZN12Adafruit_GFX14writeFastHLineEssst
                0x00000000080010e4       0x40 CMakeFiles/lab3.dir/Users/epico/Documents/coro-micro-tp-etu-master/lib/tft/Adafruit-GFX-Library/Adafruit_GFX.cpp.obj
                0x00000000080010e4                Adafruit_GFX::writeFastHLine(short, short, short, unsigned short)
 .text._ZN12Adafruit_GFX13writeFillRectEsssst
                0x0000000008001124       0x46 CMakeFiles/lab3.dir/Users/epico/Documents/coro-micro-tp-etu-master/lib/tft/Adafruit-GFX-Library/Adafruit_GFX.cpp.obj
                0x0000000008001124                Adafruit_GFX::writeFillRect(short, short, short, short, unsigned short)
 .text._ZN12Adafruit_GFX8endWriteEv
                0x000000000800116a       0x12 CMakeFiles/lab3.dir/Users/epico/Documents/coro-micro-tp-etu-master/lib/tft/Adafruit-GFX-Library/Adafruit_GFX.cpp.obj
                0x000000000800116a                Adafruit_GFX::endWrite()
 .text._ZN12Adafruit_GFX13drawFastVLineEssst
                0x000000000800117c       0x6a CMakeFiles/lab3.dir/Users/epico/Documents/coro-micro-tp-etu-master/lib/tft/Adafruit-GFX-Library/Adafruit_GFX.cpp.obj
                0x000000000800117c                Adafruit_GFX::drawFastVLine(short, short, short, unsigned short)
 .text._ZN12Adafruit_GFX13drawFastHLineEssst
                0x00000000080011e6       0x68 CMakeFiles/lab3.dir/Users/epico/Documents/coro-micro-tp-etu-master/lib/tft/Adafruit-GFX-Library/Adafruit_GFX.cpp.obj
                0x00000000080011e6                Adafruit_GFX::drawFastHLine(short, short, short, unsigned short)
 .text._ZN12Adafruit_GFX8fillRectEsssst
                0x000000000800124e       0x7c CMakeFiles/lab3.dir/Users/epico/Documents/coro-micro-tp-etu-master/lib/tft/Adafruit-GFX-Library/Adafruit_GFX.cpp.obj
                0x000000000800124e                Adafruit_GFX::fillRect(short, short, short, short, unsigned short)
 .text._ZN12Adafruit_GFX10fillScreenEt
                0x00000000080012ca       0x38 CMakeFiles/lab3.dir/Users/epico/Documents/coro-micro-tp-etu-master/lib/tft/Adafruit-GFX-Library/Adafruit_GFX.cpp.obj
                0x00000000080012ca                Adafruit_GFX::fillScreen(unsigned short)
 .text._ZN12Adafruit_GFX8drawLineEsssst
                0x0000000008001302       0xfa CMakeFiles/lab3.dir/Users/epico/Documents/coro-micro-tp-etu-master/lib/tft/Adafruit-GFX-Library/Adafruit_GFX.cpp.obj
                0x0000000008001302                Adafruit_GFX::drawLine(short, short, short, short, unsigned short)
 .text._ZN12Adafruit_GFX8drawRectEsssst
                0x00000000080013fc       0xc6 CMakeFiles/lab3.dir/Users/epico/Documents/coro-micro-tp-etu-master/lib/tft/Adafruit-GFX-Library/Adafruit_GFX.cpp.obj
                0x00000000080013fc                Adafruit_GFX::drawRect(short, short, short, short, unsigned short)
 *fill*         0x00000000080014c2        0x2 
 .text._ZN12Adafruit_GFX8drawCharEsshtth
                0x00000000080014c4      0x478 CMakeFiles/lab3.dir/Users/epico/Documents/coro-micro-tp-etu-master/lib/tft/Adafruit-GFX-Library/Adafruit_GFX.cpp.obj
                0x00000000080014c4                Adafruit_GFX::drawChar(short, short, unsigned char, unsigned short, unsigned short, unsigned char)
 .text._ZN12Adafruit_GFX5writeEh
                0x000000000800193c      0x232 CMakeFiles/lab3.dir/Users/epico/Documents/coro-micro-tp-etu-master/lib/tft/Adafruit-GFX-Library/Adafruit_GFX.cpp.obj
                0x000000000800193c                Adafruit_GFX::write(unsigned char)
 .text._ZN12Adafruit_GFX9setCursorEss
                0x0000000008001b6e       0x26 CMakeFiles/lab3.dir/Users/epico/Documents/coro-micro-tp-etu-master/lib/tft/Adafruit-GFX-Library/Adafruit_GFX.cpp.obj
                0x0000000008001b6e                Adafruit_GFX::setCursor(short, short)
 .text._ZNK12Adafruit_GFX10getCursorXEv
                0x0000000008001b94       0x18 CMakeFiles/lab3.dir/Users/epico/Documents/coro-micro-tp-etu-master/lib/tft/Adafruit-GFX-Library/Adafruit_GFX.cpp.obj
                0x0000000008001b94                Adafruit_GFX::getCursorX() const
 .text._ZNK12Adafruit_GFX10getCursorYEv
                0x0000000008001bac       0x18 CMakeFiles/lab3.dir/Users/epico/Documents/coro-micro-tp-etu-master/lib/tft/Adafruit-GFX-Library/Adafruit_GFX.cpp.obj
                0x0000000008001bac                Adafruit_GFX::getCursorY() const
 .text._ZN12Adafruit_GFX12setTextColorEt
                0x0000000008001bc4       0x24 CMakeFiles/lab3.dir/Users/epico/Documents/coro-micro-tp-etu-master/lib/tft/Adafruit-GFX-Library/Adafruit_GFX.cpp.obj
                0x0000000008001bc4                Adafruit_GFX::setTextColor(unsigned short)
 .text._ZN12Adafruit_GFX11setRotationEh
                0x0000000008001be8       0x70 CMakeFiles/lab3.dir/Users/epico/Documents/coro-micro-tp-etu-master/lib/tft/Adafruit-GFX-Library/Adafruit_GFX.cpp.obj
                0x0000000008001be8                Adafruit_GFX::setRotation(unsigned char)
 .text._ZN12Adafruit_GFX7setFontEPK7GFXfont
                0x0000000008001c58       0x56 CMakeFiles/lab3.dir/Users/epico/Documents/coro-micro-tp-etu-master/lib/tft/Adafruit-GFX-Library/Adafruit_GFX.cpp.obj
                0x0000000008001c58                Adafruit_GFX::setFont(GFXfont const*)
 .text._ZNK12Adafruit_GFX5widthEv
                0x0000000008001cae       0x18 CMakeFiles/lab3.dir/Users/epico/Documents/coro-micro-tp-etu-master/lib/tft/Adafruit-GFX-Library/Adafruit_GFX.cpp.obj
                0x0000000008001cae                Adafruit_GFX::width() const
 .text._ZNK12Adafruit_GFX6heightEv
                0x0000000008001cc6       0x18 CMakeFiles/lab3.dir/Users/epico/Documents/coro-micro-tp-etu-master/lib/tft/Adafruit-GFX-Library/Adafruit_GFX.cpp.obj
                0x0000000008001cc6                Adafruit_GFX::height() const
 .text._ZN12Adafruit_GFX13invertDisplayEb
                0x0000000008001cde       0x16 CMakeFiles/lab3.dir/Users/epico/Documents/coro-micro-tp-etu-master/lib/tft/Adafruit-GFX-Library/Adafruit_GFX.cpp.obj
                0x0000000008001cde                Adafruit_GFX::invertDisplay(bool)
 .text._ZN10GFXcanvas19drawPixelEsst
                0x0000000008001cf4      0x158 CMakeFiles/lab3.dir/Users/epico/Documents/coro-micro-tp-etu-master/lib/tft/Adafruit-GFX-Library/Adafruit_GFX.cpp.obj
                0x0000000008001cf4                GFXcanvas1::drawPixel(short, short, unsigned short)
 .text._ZN10GFXcanvas110fillScreenEt
                0x0000000008001e4c       0x54 CMakeFiles/lab3.dir/Users/epico/Documents/coro-micro-tp-etu-master/lib/tft/Adafruit-GFX-Library/Adafruit_GFX.cpp.obj
                0x0000000008001e4c                GFXcanvas1::fillScreen(unsigned short)
 .text._ZN10GFXcanvas89drawPixelEsst
                0x0000000008001ea0       0xf6 CMakeFiles/lab3.dir/Users/epico/Documents/coro-micro-tp-etu-master/lib/tft/Adafruit-GFX-Library/Adafruit_GFX.cpp.obj
                0x0000000008001ea0                GFXcanvas8::drawPixel(short, short, unsigned short)
 .text._ZN10GFXcanvas810fillScreenEt
                0x0000000008001f96       0x3a CMakeFiles/lab3.dir/Users/epico/Documents/coro-micro-tp-etu-master/lib/tft/Adafruit-GFX-Library/Adafruit_GFX.cpp.obj
                0x0000000008001f96                GFXcanvas8::fillScreen(unsigned short)
 .text._ZN10GFXcanvas814writeFastHLineEssst
                0x0000000008001fd0      0x13a CMakeFiles/lab3.dir/Users/epico/Documents/coro-micro-tp-etu-master/lib/tft/Adafruit-GFX-Library/Adafruit_GFX.cpp.obj
                0x0000000008001fd0                GFXcanvas8::writeFastHLine(short, short, short, unsigned short)
 .text._ZN11GFXcanvas169drawPixelEsst
                0x000000000800210a       0xf6 CMakeFiles/lab3.dir/Users/epico/Documents/coro-micro-tp-etu-master/lib/tft/Adafruit-GFX-Library/Adafruit_GFX.cpp.obj
                0x000000000800210a                GFXcanvas16::drawPixel(short, short, unsigned short)
 .text._ZN11GFXcanvas1610fillScreenEt
                0x0000000008002200       0x86 CMakeFiles/lab3.dir/Users/epico/Documents/coro-micro-tp-etu-master/lib/tft/Adafruit-GFX-Library/Adafruit_GFX.cpp.obj
                0x0000000008002200                GFXcanvas16::fillScreen(unsigned short)
 .text._ZN15Adafruit_SPITFT10writePixelEt
                0x0000000008002286       0x2a CMakeFiles/lab3.dir/Users/epico/Documents/coro-micro-tp-etu-master/lib/tft/Adafruit-GFX-Library/Adafruit_SPITFT.cpp.obj
                0x0000000008002286                Adafruit_SPITFT::writePixel(unsigned short)
 .text._ZN15Adafruit_SPITFTC2Ett
                0x00000000080022b0       0x50 CMakeFiles/lab3.dir/Users/epico/Documents/coro-micro-tp-etu-master/lib/tft/Adafruit-GFX-Library/Adafruit_SPITFT.cpp.obj
                0x00000000080022b0                Adafruit_SPITFT::Adafruit_SPITFT(unsigned short, unsigned short)
                0x00000000080022b0                Adafruit_SPITFT::Adafruit_SPITFT(unsigned short, unsigned short)
 .text._ZN15Adafruit_SPITFT7initSPIEm
                0x0000000008002300       0x30 CMakeFiles/lab3.dir/Users/epico/Documents/coro-micro-tp-etu-master/lib/tft/Adafruit-GFX-Library/Adafruit_SPITFT.cpp.obj
                0x0000000008002300                Adafruit_SPITFT::initSPI(unsigned long)
 .text._ZN15Adafruit_SPITFT8spiWriteEh
                0x0000000008002330       0x1c CMakeFiles/lab3.dir/Users/epico/Documents/coro-micro-tp-etu-master/lib/tft/Adafruit-GFX-Library/Adafruit_SPITFT.cpp.obj
                0x0000000008002330                Adafruit_SPITFT::spiWrite(unsigned char)
 .text._ZN15Adafruit_SPITFT10startWriteEv
                0x000000000800234c       0x1c CMakeFiles/lab3.dir/Users/epico/Documents/coro-micro-tp-etu-master/lib/tft/Adafruit-GFX-Library/Adafruit_SPITFT.cpp.obj
                0x000000000800234c                Adafruit_SPITFT::startWrite()
 .text._ZN15Adafruit_SPITFT8endWriteEv
                0x0000000008002368       0x1a CMakeFiles/lab3.dir/Users/epico/Documents/coro-micro-tp-etu-master/lib/tft/Adafruit-GFX-Library/Adafruit_SPITFT.cpp.obj
                0x0000000008002368                Adafruit_SPITFT::endWrite()
 .text._ZN15Adafruit_SPITFT12writeCommandEh
                0x0000000008002382       0x32 CMakeFiles/lab3.dir/Users/epico/Documents/coro-micro-tp-etu-master/lib/tft/Adafruit-GFX-Library/Adafruit_SPITFT.cpp.obj
                0x0000000008002382                Adafruit_SPITFT::writeCommand(unsigned char)
 .text._ZN15Adafruit_SPITFT10writeColorEtm
                0x00000000080023b4       0x42 CMakeFiles/lab3.dir/Users/epico/Documents/coro-micro-tp-etu-master/lib/tft/Adafruit-GFX-Library/Adafruit_SPITFT.cpp.obj
                0x00000000080023b4                Adafruit_SPITFT::writeColor(unsigned short, unsigned long)
 .text._ZN15Adafruit_SPITFT10writePixelEsst
                0x00000000080023f6       0x70 CMakeFiles/lab3.dir/Users/epico/Documents/coro-micro-tp-etu-master/lib/tft/Adafruit-GFX-Library/Adafruit_SPITFT.cpp.obj
                0x00000000080023f6                Adafruit_SPITFT::writePixel(short, short, unsigned short)
 .text._ZN15Adafruit_SPITFT13writeFillRectEsssst
                0x0000000008002466      0x106 CMakeFiles/lab3.dir/Users/epico/Documents/coro-micro-tp-etu-master/lib/tft/Adafruit-GFX-Library/Adafruit_SPITFT.cpp.obj
                0x0000000008002466                Adafruit_SPITFT::writeFillRect(short, short, short, short, unsigned short)
 .text._ZN15Adafruit_SPITFT14writeFastVLineEssst
                0x000000000800256c       0x42 CMakeFiles/lab3.dir/Users/epico/Documents/coro-micro-tp-etu-master/lib/tft/Adafruit-GFX-Library/Adafruit_SPITFT.cpp.obj
                0x000000000800256c                Adafruit_SPITFT::writeFastVLine(short, short, short, unsigned short)
 .text._ZN15Adafruit_SPITFT14writeFastHLineEssst
                0x00000000080025ae       0x44 CMakeFiles/lab3.dir/Users/epico/Documents/coro-micro-tp-etu-master/lib/tft/Adafruit-GFX-Library/Adafruit_SPITFT.cpp.obj
                0x00000000080025ae                Adafruit_SPITFT::writeFastHLine(short, short, short, unsigned short)
 .text._ZN15Adafruit_SPITFT9drawPixelEsst
                0x00000000080025f2       0x50 CMakeFiles/lab3.dir/Users/epico/Documents/coro-micro-tp-etu-master/lib/tft/Adafruit-GFX-Library/Adafruit_SPITFT.cpp.obj
                0x00000000080025f2                Adafruit_SPITFT::drawPixel(short, short, unsigned short)
 .text._ZN15Adafruit_SPITFT13drawFastVLineEssst
                0x0000000008002642       0x58 CMakeFiles/lab3.dir/Users/epico/Documents/coro-micro-tp-etu-master/lib/tft/Adafruit-GFX-Library/Adafruit_SPITFT.cpp.obj
                0x0000000008002642                Adafruit_SPITFT::drawFastVLine(short, short, short, unsigned short)
 .text._ZN15Adafruit_SPITFT13drawFastHLineEssst
                0x000000000800269a       0x58 CMakeFiles/lab3.dir/Users/epico/Documents/coro-micro-tp-etu-master/lib/tft/Adafruit-GFX-Library/Adafruit_SPITFT.cpp.obj
                0x000000000800269a                Adafruit_SPITFT::drawFastHLine(short, short, short, unsigned short)
 .text._ZN15Adafruit_SPITFT8fillRectEsssst
                0x00000000080026f2       0x5e CMakeFiles/lab3.dir/Users/epico/Documents/coro-micro-tp-etu-master/lib/tft/Adafruit-GFX-Library/Adafruit_SPITFT.cpp.obj
                0x00000000080026f2                Adafruit_SPITFT::fillRect(short, short, short, short, unsigned short)
 .text._ZN15Adafruit_SPITFT13invertDisplayEb
                0x0000000008002750       0x48 CMakeFiles/lab3.dir/Users/epico/Documents/coro-micro-tp-etu-master/lib/tft/Adafruit-GFX-Library/Adafruit_SPITFT.cpp.obj
                0x0000000008002750                Adafruit_SPITFT::invertDisplay(bool)
 .text._ZN15Adafruit_ST77355initREh
                0x0000000008002798      0x11c CMakeFiles/lab3.dir/Users/epico/Documents/coro-micro-tp-etu-master/lib/tft/Adafruit-ST7735-Library/Adafruit_ST7735.cpp.obj
                0x0000000008002798                Adafruit_ST7735::initR(unsigned char)
 .text._ZN15Adafruit_ST773511setRotationEh
                0x00000000080028b4      0x248 CMakeFiles/lab3.dir/Users/epico/Documents/coro-micro-tp-etu-master/lib/tft/Adafruit-ST7735-Library/Adafruit_ST7735.cpp.obj
                0x00000000080028b4                Adafruit_ST7735::setRotation(unsigned char)
 .text._ZN15Adafruit_ST77xxC2Ev
                0x0000000008002afc       0x38 CMakeFiles/lab3.dir/Users/epico/Documents/coro-micro-tp-etu-master/lib/tft/Adafruit-ST7735-Library/Adafruit_ST77xx.cpp.obj
                0x0000000008002afc                Adafruit_ST77xx::Adafruit_ST77xx()
                0x0000000008002afc                Adafruit_ST77xx::Adafruit_ST77xx()
 .text._ZN15Adafruit_ST77xx11displayInitEPKh
                0x0000000008002b34       0xee CMakeFiles/lab3.dir/Users/epico/Documents/coro-micro-tp-etu-master/lib/tft/Adafruit-ST7735-Library/Adafruit_ST77xx.cpp.obj
                0x0000000008002b34                Adafruit_ST77xx::displayInit(unsigned char const*)
 *fill*         0x0000000008002c22        0x2 
 .text._ZN15Adafruit_ST77xx5beginEm
                0x0000000008002c24       0x40 CMakeFiles/lab3.dir/Users/epico/Documents/coro-micro-tp-etu-master/lib/tft/Adafruit-ST7735-Library/Adafruit_ST77xx.cpp.obj
                0x0000000008002c24                Adafruit_ST77xx::begin(unsigned long)
 .text._ZN15Adafruit_ST77xx10commonInitEPKh
                0x0000000008002c64       0x2e CMakeFiles/lab3.dir/Users/epico/Documents/coro-micro-tp-etu-master/lib/tft/Adafruit-ST7735-Library/Adafruit_ST77xx.cpp.obj
                0x0000000008002c64                Adafruit_ST77xx::commonInit(unsigned char const*)
 .text._ZN15Adafruit_ST77xx13setAddrWindowEtttt
                0x0000000008002c92       0xd8 CMakeFiles/lab3.dir/Users/epico/Documents/coro-micro-tp-etu-master/lib/tft/Adafruit-ST7735-Library/Adafruit_ST77xx.cpp.obj
                0x0000000008002c92                Adafruit_ST77xx::setAddrWindow(unsigned short, unsigned short, unsigned short, unsigned short)
 *fill*         0x0000000008002d6a        0x2 
 .text._ZN15Adafruit_ST77xx11setRotationEh
                0x0000000008002d6c       0xf0 CMakeFiles/lab3.dir/Users/epico/Documents/coro-micro-tp-etu-master/lib/tft/Adafruit-ST7735-Library/Adafruit_ST77xx.cpp.obj
                0x0000000008002d6c                Adafruit_ST77xx::setRotation(unsigned char)
 .text.Reset_Handler
                0x0000000008002e5c       0x5c CMakeFiles/lab3.dir/Users/epico/Documents/coro-micro-tp-etu-master/sys/startup_ARMCM4.c.obj
                0x0000000008002e5c                Reset_Handler
 .text.Default_Handler
                0x0000000008002eb8        0x6 CMakeFiles/lab3.dir/Users/epico/Documents/coro-micro-tp-etu-master/sys/startup_ARMCM4.c.obj
                0x0000000008002eb8                TIM1_BRK_TIM15_IRQHandler
                0x0000000008002eb8                DebugMon_Handler
                0x0000000008002eb8                TIM1_CC_IRQHandler
                0x0000000008002eb8                HardFault_Handler
                0x0000000008002eb8                SysTick_Handler
                0x0000000008002eb8                PVD_IRQHandler
                0x0000000008002eb8                TAMP_STAMP_IRQHandler
                0x0000000008002eb8                PendSV_Handler
                0x0000000008002eb8                NMI_Handler
                0x0000000008002eb8                EXTI3_IRQHandler
                0x0000000008002eb8                EXTI0_IRQHandler
                0x0000000008002eb8                FPU_IRQHandler
                0x0000000008002eb8                CAN_TX_IRQHandler
                0x0000000008002eb8                TIM1_UP_TIM16_IRQHandler
                0x0000000008002eb8                UsageFault_Handler
                0x0000000008002eb8                ADC1_2_IRQHandler
                0x0000000008002eb8                SPI1_IRQHandler
                0x0000000008002eb8                CAN_SCE_IRQHandler
                0x0000000008002eb8                DMA1_Channel4_IRQHandler
                0x0000000008002eb8                USART3_IRQHandler
                0x0000000008002eb8                DMA1_Channel7_IRQHandler
                0x0000000008002eb8                CAN_RX1_IRQHandler
                0x0000000008002eb8                I2C1_EV_IRQHandler
                0x0000000008002eb8                DMA1_Channel6_IRQHandler
                0x0000000008002eb8                TIM3_IRQHandler
                0x0000000008002eb8                RCC_IRQHandler
                0x0000000008002eb8                DMA1_Channel1_IRQHandler
                0x0000000008002eb8                Default_Handler
                0x0000000008002eb8                COMP2_IRQHandler
                0x0000000008002eb8                EXTI9_5_IRQHandler
                0x0000000008002eb8                RTC_WKUP_IRQHandler
                0x0000000008002eb8                MemManage_Handler
                0x0000000008002eb8                SVC_Handler
                0x0000000008002eb8                DMA1_Channel5_IRQHandler
                0x0000000008002eb8                EXTI4_IRQHandler
                0x0000000008002eb8                TIM1_TRG_COM_TIM17_IRQHandler
                0x0000000008002eb8                DMA1_Channel3_IRQHandler
                0x0000000008002eb8                WWDG_IRQHandler
                0x0000000008002eb8                TIM2_IRQHandler
                0x0000000008002eb8                EXTI1_IRQHandler
                0x0000000008002eb8                COMP4_6_IRQHandler
                0x0000000008002eb8                USART2_IRQHandler
                0x0000000008002eb8                DMA1_Channel2_IRQHandler
                0x0000000008002eb8                FLASH_IRQHandler
                0x0000000008002eb8                BusFault_Handler
                0x0000000008002eb8                USART1_IRQHandler
                0x0000000008002eb8                CAN_RX0_IRQHandler
                0x0000000008002eb8                I2C1_ER_IRQHandler
                0x0000000008002eb8                EXTI2_TSC_IRQHandler
                0x0000000008002eb8                RTC_Alarm_IRQHandler
 *fill*         0x0000000008002ebe        0x2 
 .text.SystemInit
                0x0000000008002ec0       0x84 CMakeFiles/lab3.dir/Users/epico/Documents/coro-micro-tp-etu-master/sys/startup_clock.c.obj
                0x0000000008002ec0                SystemInit
 .text.__cxa_pure_virtual
                0x0000000008002f44        0x6 /opt/gcc-arm-none-eabi-9-2019-q4-major/bin/../lib/gcc/arm-none-eabi/9.2.1/../../../../arm-none-eabi/lib/thumb/v7e-m/nofp/libstdc++_nano.a(pure.o)
                0x0000000008002f44                __cxa_pure_virtual
 .text._ZN10__cxxabiv111__terminateEPFvvE
                0x0000000008002f4a        0x8 /opt/gcc-arm-none-eabi-9-2019-q4-major/bin/../lib/gcc/arm-none-eabi/9.2.1/../../../../arm-none-eabi/lib/thumb/v7e-m/nofp/libstdc++_nano.a(eh_terminate.o)
                0x0000000008002f4a                __cxxabiv1::__terminate(void (*)())
 *fill*         0x0000000008002f52        0x2 
 .text._ZSt13get_terminatev
                0x0000000008002f54       0x10 /opt/gcc-arm-none-eabi-9-2019-q4-major/bin/../lib/gcc/arm-none-eabi/9.2.1/../../../../arm-none-eabi/lib/thumb/v7e-m/nofp/libstdc++_nano.a(eh_terminate.o)
                0x0000000008002f54                std::get_terminate()
 .text._ZSt9terminatev
                0x0000000008002f64        0xa /opt/gcc-arm-none-eabi-9-2019-q4-major/bin/../lib/gcc/arm-none-eabi/9.2.1/../../../../arm-none-eabi/lib/thumb/v7e-m/nofp/libstdc++_nano.a(eh_terminate.o)
                0x0000000008002f64                std::terminate()
 *fill*         0x0000000008002f6e        0x2 
 .text          0x0000000008002f70      0x9b8 /opt/gcc-arm-none-eabi-9-2019-q4-major/bin/../lib/gcc/arm-none-eabi/9.2.1/thumb/v7e-m/nofp/libgcc.a(unwind-arm.o)
                0x0000000008003218                _Unwind_GetCFA
                0x000000000800321c                __gnu_Unwind_RaiseException
                0x000000000800327c                __gnu_Unwind_ForcedUnwind
                0x0000000008003290                __gnu_Unwind_Resume
                0x00000000080032d4                __gnu_Unwind_Resume_or_Rethrow
                0x00000000080032e4                _Unwind_Complete
                0x00000000080032e8                _Unwind_DeleteException
                0x00000000080032f4                _Unwind_VRS_Get
                0x000000000800333c                _Unwind_VRS_Set
                0x0000000008003384                __gnu_Unwind_Backtrace
                0x00000000080036a4                __aeabi_unwind_cpp_pr0
                0x00000000080036a8                __aeabi_unwind_cpp_pr1
                0x00000000080036ac                __aeabi_unwind_cpp_pr2
                0x00000000080036b0                _Unwind_VRS_Pop
 .text          0x0000000008003928      0x1ac /opt/gcc-arm-none-eabi-9-2019-q4-major/bin/../lib/gcc/arm-none-eabi/9.2.1/thumb/v7e-m/nofp/libgcc.a(libunwind.o)
                0x0000000008003928                __restore_core_regs
                0x0000000008003928                restore_core_regs
                0x0000000008003940                __gnu_Unwind_Restore_VFP
                0x0000000008003948                __gnu_Unwind_Save_VFP
                0x0000000008003950                __gnu_Unwind_Restore_VFP_D
                0x0000000008003958                __gnu_Unwind_Save_VFP_D
                0x0000000008003960                __gnu_Unwind_Restore_VFP_D_16_to_31
                0x0000000008003968                __gnu_Unwind_Save_VFP_D_16_to_31
                0x0000000008003970                __gnu_Unwind_Restore_WMMXD
                0x00000000080039b4                __gnu_Unwind_Save_WMMXD
                0x00000000080039f8                __gnu_Unwind_Restore_WMMXC
                0x0000000008003a0c                __gnu_Unwind_Save_WMMXC
                0x0000000008003a20                _Unwind_RaiseException
                0x0000000008003a20                ___Unwind_RaiseException
                0x0000000008003a44                ___Unwind_Resume
                0x0000000008003a44                _Unwind_Resume
                0x0000000008003a68                ___Unwind_Resume_or_Rethrow
                0x0000000008003a68                _Unwind_Resume_or_Rethrow
                0x0000000008003a8c                _Unwind_ForcedUnwind
                0x0000000008003a8c                ___Unwind_ForcedUnwind
                0x0000000008003ab0                _Unwind_Backtrace
                0x0000000008003ab0                ___Unwind_Backtrace
 .text          0x0000000008003ad4      0x340 /opt/gcc-arm-none-eabi-9-2019-q4-major/bin/../lib/gcc/arm-none-eabi/9.2.1/thumb/v7e-m/nofp/libgcc.a(pr-support.o)
                0x0000000008003b2c                __gnu_unwind_execute
                0x0000000008003dc8                __gnu_unwind_frame
                0x0000000008003df4                _Unwind_GetRegionStart
                0x0000000008003e00                _Unwind_GetLanguageSpecificData
 .text.abort    0x0000000008003e14       0x10 /opt/gcc-arm-none-eabi-9-2019-q4-major/bin/../lib/gcc/arm-none-eabi/9.2.1/../../../../arm-none-eabi/lib/thumb/v7e-m/nofp/libc.a(lib_a-abort.o)
                0x0000000008003e14                abort
 .text.exit     0x0000000008003e24       0x20 /opt/gcc-arm-none-eabi-9-2019-q4-major/bin/../lib/gcc/arm-none-eabi/9.2.1/../../../../arm-none-eabi/lib/thumb/v7e-m/nofp/libc.a(lib_a-exit.o)
                0x0000000008003e24                exit
 .text.__libc_init_array
                0x0000000008003e44       0x48 /opt/gcc-arm-none-eabi-9-2019-q4-major/bin/../lib/gcc/arm-none-eabi/9.2.1/../../../../arm-none-eabi/lib/thumb/v7e-m/nofp/libc.a(lib_a-init.o)
                0x0000000008003e44                __libc_init_array
 .text          0x0000000008003e8c      0x134 /opt/gcc-arm-none-eabi-9-2019-q4-major/bin/../lib/gcc/arm-none-eabi/9.2.1/../../../../arm-none-eabi/lib/thumb/v7e-m/nofp/libc.a(lib_a-memcpy.o)
                0x0000000008003e8c                memcpy
 .text.memset   0x0000000008003fc0       0xa0 /opt/gcc-arm-none-eabi-9-2019-q4-major/bin/../lib/gcc/arm-none-eabi/9.2.1/../../../../arm-none-eabi/lib/thumb/v7e-m/nofp/libc.a(lib_a-memset.o)
                0x0000000008003fc0                memset
 .text._raise_r
                0x0000000008004060       0x58 /opt/gcc-arm-none-eabi-9-2019-q4-major/bin/../lib/gcc/arm-none-eabi/9.2.1/../../../../arm-none-eabi/lib/thumb/v7e-m/nofp/libc.a(lib_a-signal.o)
                0x0000000008004060                _raise_r
 .text.raise    0x00000000080040b8       0x10 /opt/gcc-arm-none-eabi-9-2019-q4-major/bin/../lib/gcc/arm-none-eabi/9.2.1/../../../../arm-none-eabi/lib/thumb/v7e-m/nofp/libc.a(lib_a-signal.o)
                0x00000000080040b8                raise
 .text._kill_r  0x00000000080040c8       0x2c /opt/gcc-arm-none-eabi-9-2019-q4-major/bin/../lib/gcc/arm-none-eabi/9.2.1/../../../../arm-none-eabi/lib/thumb/v7e-m/nofp/libc.a(lib_a-signalr.o)
                0x00000000080040c8                _kill_r
 .text._getpid_r
                0x00000000080040f4        0x4 /opt/gcc-arm-none-eabi-9-2019-q4-major/bin/../lib/gcc/arm-none-eabi/9.2.1/../../../../arm-none-eabi/lib/thumb/v7e-m/nofp/libc.a(lib_a-signalr.o)
                0x00000000080040f4                _getpid_r
 *fill*         0x00000000080040f8        0x8 
 .text          0x0000000008004100       0xdc /opt/gcc-arm-none-eabi-9-2019-q4-major/bin/../lib/gcc/arm-none-eabi/9.2.1/../../../../arm-none-eabi/lib/thumb/v7e-m/nofp/libc.a(lib_a-strlen.o)
                0x0000000008004100                strlen
 .text.startup.register_fini
                0x00000000080041dc       0x14 /opt/gcc-arm-none-eabi-9-2019-q4-major/bin/../lib/gcc/arm-none-eabi/9.2.1/../../../../arm-none-eabi/lib/thumb/v7e-m/nofp/libc.a(lib_a-__call_atexit.o)
 .text.__call_exitprocs
                0x00000000080041f0       0xc4 /opt/gcc-arm-none-eabi-9-2019-q4-major/bin/../lib/gcc/arm-none-eabi/9.2.1/../../../../arm-none-eabi/lib/thumb/v7e-m/nofp/libc.a(lib_a-__call_atexit.o)
                0x00000000080041f0                __call_exitprocs
 .text.atexit   0x00000000080042b4        0xc /opt/gcc-arm-none-eabi-9-2019-q4-major/bin/../lib/gcc/arm-none-eabi/9.2.1/../../../../arm-none-eabi/lib/thumb/v7e-m/nofp/libc.a(lib_a-atexit.o)
                0x00000000080042b4                atexit
 .text.__libc_fini_array
                0x00000000080042c0       0x2c /opt/gcc-arm-none-eabi-9-2019-q4-major/bin/../lib/gcc/arm-none-eabi/9.2.1/../../../../arm-none-eabi/lib/thumb/v7e-m/nofp/libc.a(lib_a-fini.o)
                0x00000000080042c0                __libc_fini_array
 .text.__retarget_lock_acquire_recursive
                0x00000000080042ec        0x4 /opt/gcc-arm-none-eabi-9-2019-q4-major/bin/../lib/gcc/arm-none-eabi/9.2.1/../../../../arm-none-eabi/lib/thumb/v7e-m/nofp/libc.a(lib_a-lock.o)
                0x00000000080042ec                __retarget_lock_acquire_recursive
 .text.__retarget_lock_release_recursive
                0x00000000080042f0        0x4 /opt/gcc-arm-none-eabi-9-2019-q4-major/bin/../lib/gcc/arm-none-eabi/9.2.1/../../../../arm-none-eabi/lib/thumb/v7e-m/nofp/libc.a(lib_a-lock.o)
                0x00000000080042f0                __retarget_lock_release_recursive
 .text.__register_exitproc
                0x00000000080042f4       0x8c /opt/gcc-arm-none-eabi-9-2019-q4-major/bin/../lib/gcc/arm-none-eabi/9.2.1/../../../../arm-none-eabi/lib/thumb/v7e-m/nofp/libc.a(lib_a-__atexit.o)
                0x00000000080042f4                __register_exitproc
 .text._getpid  0x0000000008004380       0x10 /opt/gcc-arm-none-eabi-9-2019-q4-major/bin/../lib/gcc/arm-none-eabi/9.2.1/../../../../arm-none-eabi/lib/thumb/v7e-m/nofp/libnosys.a(getpid.o)
                0x0000000008004380                _getpid
 .text._kill    0x0000000008004390       0x10 /opt/gcc-arm-none-eabi-9-2019-q4-major/bin/../lib/gcc/arm-none-eabi/9.2.1/../../../../arm-none-eabi/lib/thumb/v7e-m/nofp/libnosys.a(kill.o)
                0x0000000008004390                _kill
 .text._exit    0x00000000080043a0        0x4 /opt/gcc-arm-none-eabi-9-2019-q4-major/bin/../lib/gcc/arm-none-eabi/9.2.1/../../../../arm-none-eabi/lib/thumb/v7e-m/nofp/libnosys.a(_exit.o)
                0x00000000080043a0                _exit
 *(.init)
 .init          0x00000000080043a4        0x4 /opt/gcc-arm-none-eabi-9-2019-q4-major/bin/../lib/gcc/arm-none-eabi/9.2.1/thumb/v7e-m/nofp/crti.o
                0x00000000080043a4                _init
 .init          0x00000000080043a8        0x8 /opt/gcc-arm-none-eabi-9-2019-q4-major/bin/../lib/gcc/arm-none-eabi/9.2.1/thumb/v7e-m/nofp/crtn.o
 *(.fini)
 .fini          0x00000000080043b0        0x4 /opt/gcc-arm-none-eabi-9-2019-q4-major/bin/../lib/gcc/arm-none-eabi/9.2.1/thumb/v7e-m/nofp/crti.o
                0x00000000080043b0                _fini
 .fini          0x00000000080043b4        0x8 /opt/gcc-arm-none-eabi-9-2019-q4-major/bin/../lib/gcc/arm-none-eabi/9.2.1/thumb/v7e-m/nofp/crtn.o
 *crtbegin.o(.ctors)
 *crtbegin?.o(.ctors)
 *(EXCLUDE_FILE(*crtend.o *crtend?.o) .ctors)
 *(SORT_BY_NAME(.ctors.*))
 *(.ctors)
 *crtbegin.o(.dtors)
 *crtbegin?.o(.dtors)
 *(EXCLUDE_FILE(*crtend.o *crtend?.o) .dtors)
 *(SORT_BY_NAME(.dtors.*))
 *(.dtors)
 *(.rodata*)
 .rodata        0x00000000080043bc       0x26 CMakeFiles/lab3.dir/main.cpp.obj
 *fill*         0x00000000080043e2        0x2 
 .rodata        0x00000000080043e4      0x524 CMakeFiles/lab3.dir/Users/epico/Documents/coro-micro-tp-etu-master/lib/tft/tft.cpp.obj
 .rodata._ZTV3tft
                0x0000000008004908       0x58 CMakeFiles/lab3.dir/Users/epico/Documents/coro-micro-tp-etu-master/lib/tft/tft.cpp.obj
                0x0000000008004908                vtable for tft
 .rodata        0x0000000008004960       0x24 CMakeFiles/lab3.dir/Users/epico/Documents/coro-micro-tp-etu-master/lib/tft/arduinoCore/Print.cpp.obj
                0x0000000008004974                vtable for Print
 .rodata        0x0000000008004984      0x640 CMakeFiles/lab3.dir/Users/epico/Documents/coro-micro-tp-etu-master/lib/tft/Adafruit-GFX-Library/Adafruit_GFX.cpp.obj
                0x0000000008004e84                vtable for GFXcanvas16
                0x0000000008004ed4                vtable for GFXcanvas8
                0x0000000008004f24                vtable for GFXcanvas1
                0x0000000008004f74                vtable for Adafruit_GFX
 .rodata        0x0000000008004fc4       0x58 CMakeFiles/lab3.dir/Users/epico/Documents/coro-micro-tp-etu-master/lib/tft/Adafruit-GFX-Library/Adafruit_SPITFT.cpp.obj
                0x0000000008004fc4                vtable for Adafruit_SPITFT
 .rodata        0x000000000800501c      0x168 CMakeFiles/lab3.dir/Users/epico/Documents/coro-micro-tp-etu-master/lib/tft/Adafruit-ST7735-Library/Adafruit_ST7735.cpp.obj
                0x000000000800512c                vtable for Adafruit_ST7735
 .rodata        0x0000000008005184       0x58 CMakeFiles/lab3.dir/Users/epico/Documents/coro-micro-tp-etu-master/lib/tft/Adafruit-ST7735-Library/Adafruit_ST77xx.cpp.obj
                0x0000000008005184                vtable for Adafruit_ST77xx
 .rodata._global_impure_ptr
                0x00000000080051dc        0x4 /opt/gcc-arm-none-eabi-9-2019-q4-major/bin/../lib/gcc/arm-none-eabi/9.2.1/../../../../arm-none-eabi/lib/thumb/v7e-m/nofp/libc.a(lib_a-impure.o)
                0x00000000080051dc                _global_impure_ptr
 *(.eh_frame*)
 .eh_frame      0x00000000080051e0        0x0 /opt/gcc-arm-none-eabi-9-2019-q4-major/bin/../lib/gcc/arm-none-eabi/9.2.1/thumb/v7e-m/nofp/crtbegin.o
 .eh_frame      0x00000000080051e0        0x4 /opt/gcc-arm-none-eabi-9-2019-q4-major/bin/../lib/gcc/arm-none-eabi/9.2.1/thumb/v7e-m/nofp/crtend.o

.glue_7         0x00000000080051e4        0x0
 .glue_7        0x00000000080051e4        0x0 linker stubs

.glue_7t        0x00000000080051e4        0x0
 .glue_7t       0x00000000080051e4        0x0 linker stubs

.vfp11_veneer   0x00000000080051e4        0x0
 .vfp11_veneer  0x00000000080051e4        0x0 linker stubs

.v4_bx          0x00000000080051e4        0x0
 .v4_bx         0x00000000080051e4        0x0 linker stubs

.iplt           0x00000000080051e4        0x0
 .iplt          0x00000000080051e4        0x0 /opt/gcc-arm-none-eabi-9-2019-q4-major/bin/../lib/gcc/arm-none-eabi/9.2.1/thumb/v7e-m/nofp/crtbegin.o

.ARM.extab      0x00000000080051e4      0x2b8
 *(.ARM.extab* .gnu.linkonce.armextab.*)
 .ARM.extab.text.main
                0x00000000080051e4        0xc CMakeFiles/lab3.dir/main.cpp.obj
 .ARM.extab.text._ZN15Adafruit_ST7735C2Ev
                0x00000000080051f0        0xc CMakeFiles/lab3.dir/Users/epico/Documents/coro-micro-tp-etu-master/lib/tft/tft.cpp.obj
 .ARM.extab.text._ZN3tftC2Ev
                0x00000000080051fc        0xc CMakeFiles/lab3.dir/Users/epico/Documents/coro-micro-tp-etu-master/lib/tft/tft.cpp.obj
 .ARM.extab.text._ZN3tft5eraseEv
                0x0000000008005208        0xc CMakeFiles/lab3.dir/Users/epico/Documents/coro-micro-tp-etu-master/lib/tft/tft.cpp.obj
 .ARM.extab.text._ZN3tft5setupEv
                0x0000000008005214        0xc CMakeFiles/lab3.dir/Users/epico/Documents/coro-micro-tp-etu-master/lib/tft/tft.cpp.obj
 .ARM.extab.text._ZN3tft13setTextCursorEjj
                0x0000000008005220        0xc CMakeFiles/lab3.dir/Users/epico/Documents/coro-micro-tp-etu-master/lib/tft/tft.cpp.obj
 .ARM.extab.text._ZN3tft12getTextWidthEv
                0x000000000800522c        0xc CMakeFiles/lab3.dir/Users/epico/Documents/coro-micro-tp-etu-master/lib/tft/tft.cpp.obj
 .ARM.extab.text._ZN3tft13getTextHeightEv
                0x0000000008005238        0xc CMakeFiles/lab3.dir/Users/epico/Documents/coro-micro-tp-etu-master/lib/tft/tft.cpp.obj
 .ARM.extab.text._ZN3tft9eraseTextEj
                0x0000000008005244        0xc CMakeFiles/lab3.dir/Users/epico/Documents/coro-micro-tp-etu-master/lib/tft/tft.cpp.obj
 .ARM.extab.text._ZN5Print5writeEPKc
                0x0000000008005250        0xc CMakeFiles/lab3.dir/Users/epico/Documents/coro-micro-tp-etu-master/lib/tft/arduinoCore/Print.cpp.obj
 .ARM.extab.text._ZN5Print5writeEPKhj
                0x000000000800525c        0xc CMakeFiles/lab3.dir/Users/epico/Documents/coro-micro-tp-etu-master/lib/tft/arduinoCore/Print.cpp.obj
 .ARM.extab.text._ZN5Print5printEPKc
                0x0000000008005268        0xc CMakeFiles/lab3.dir/Users/epico/Documents/coro-micro-tp-etu-master/lib/tft/arduinoCore/Print.cpp.obj
 .ARM.extab.text._ZN5Print5printEc
                0x0000000008005274        0xc CMakeFiles/lab3.dir/Users/epico/Documents/coro-micro-tp-etu-master/lib/tft/arduinoCore/Print.cpp.obj
 .ARM.extab.text._ZN5Print5printEii
                0x0000000008005280        0xc CMakeFiles/lab3.dir/Users/epico/Documents/coro-micro-tp-etu-master/lib/tft/arduinoCore/Print.cpp.obj
 .ARM.extab.text._ZN5Print5printEli
                0x000000000800528c        0xc CMakeFiles/lab3.dir/Users/epico/Documents/coro-micro-tp-etu-master/lib/tft/arduinoCore/Print.cpp.obj
 .ARM.extab.text._ZN5Print7printlnEv
                0x0000000008005298        0xc CMakeFiles/lab3.dir/Users/epico/Documents/coro-micro-tp-etu-master/lib/tft/arduinoCore/Print.cpp.obj
 .ARM.extab.text._ZN5Print7printlnEPKc
                0x00000000080052a4        0xc CMakeFiles/lab3.dir/Users/epico/Documents/coro-micro-tp-etu-master/lib/tft/arduinoCore/Print.cpp.obj
 .ARM.extab.text._ZN5Print7printlnEii
                0x00000000080052b0        0xc CMakeFiles/lab3.dir/Users/epico/Documents/coro-micro-tp-etu-master/lib/tft/arduinoCore/Print.cpp.obj
 .ARM.extab.text._ZN5Print11printNumberEmh
                0x00000000080052bc        0xc CMakeFiles/lab3.dir/Users/epico/Documents/coro-micro-tp-etu-master/lib/tft/arduinoCore/Print.cpp.obj
 .ARM.extab.text._ZN5PrintC2Ev
                0x00000000080052c8        0x0 CMakeFiles/lab3.dir/Users/epico/Documents/coro-micro-tp-etu-master/lib/tft/Adafruit-GFX-Library/Adafruit_GFX.cpp.obj
 .ARM.extab.text._ZN12Adafruit_GFX9writeLineEsssst
                0x00000000080052c8        0xc CMakeFiles/lab3.dir/Users/epico/Documents/coro-micro-tp-etu-master/lib/tft/Adafruit-GFX-Library/Adafruit_GFX.cpp.obj
 .ARM.extab.text._ZN12Adafruit_GFX10writePixelEsst
                0x00000000080052d4        0xc CMakeFiles/lab3.dir/Users/epico/Documents/coro-micro-tp-etu-master/lib/tft/Adafruit-GFX-Library/Adafruit_GFX.cpp.obj
 .ARM.extab.text._ZN12Adafruit_GFX14writeFastVLineEssst
                0x00000000080052e0        0xc CMakeFiles/lab3.dir/Users/epico/Documents/coro-micro-tp-etu-master/lib/tft/Adafruit-GFX-Library/Adafruit_GFX.cpp.obj
 .ARM.extab.text._ZN12Adafruit_GFX14writeFastHLineEssst
                0x00000000080052ec        0xc CMakeFiles/lab3.dir/Users/epico/Documents/coro-micro-tp-etu-master/lib/tft/Adafruit-GFX-Library/Adafruit_GFX.cpp.obj
 .ARM.extab.text._ZN12Adafruit_GFX13writeFillRectEsssst
                0x00000000080052f8        0xc CMakeFiles/lab3.dir/Users/epico/Documents/coro-micro-tp-etu-master/lib/tft/Adafruit-GFX-Library/Adafruit_GFX.cpp.obj
 .ARM.extab.text._ZN12Adafruit_GFX13drawFastVLineEssst
                0x0000000008005304        0xc CMakeFiles/lab3.dir/Users/epico/Documents/coro-micro-tp-etu-master/lib/tft/Adafruit-GFX-Library/Adafruit_GFX.cpp.obj
 .ARM.extab.text._ZN12Adafruit_GFX13drawFastHLineEssst
                0x0000000008005310        0xc CMakeFiles/lab3.dir/Users/epico/Documents/coro-micro-tp-etu-master/lib/tft/Adafruit-GFX-Library/Adafruit_GFX.cpp.obj
 .ARM.extab.text._ZN12Adafruit_GFX8fillRectEsssst
                0x000000000800531c        0xc CMakeFiles/lab3.dir/Users/epico/Documents/coro-micro-tp-etu-master/lib/tft/Adafruit-GFX-Library/Adafruit_GFX.cpp.obj
 .ARM.extab.text._ZN12Adafruit_GFX10fillScreenEt
                0x0000000008005328        0xc CMakeFiles/lab3.dir/Users/epico/Documents/coro-micro-tp-etu-master/lib/tft/Adafruit-GFX-Library/Adafruit_GFX.cpp.obj
 .ARM.extab.text._ZN12Adafruit_GFX8drawLineEsssst
                0x0000000008005334        0xc CMakeFiles/lab3.dir/Users/epico/Documents/coro-micro-tp-etu-master/lib/tft/Adafruit-GFX-Library/Adafruit_GFX.cpp.obj
 .ARM.extab.text._ZN12Adafruit_GFX8drawRectEsssst
                0x0000000008005340        0xc CMakeFiles/lab3.dir/Users/epico/Documents/coro-micro-tp-etu-master/lib/tft/Adafruit-GFX-Library/Adafruit_GFX.cpp.obj
 .ARM.extab.text._ZN12Adafruit_GFX8drawCharEsshtth
                0x000000000800534c        0xc CMakeFiles/lab3.dir/Users/epico/Documents/coro-micro-tp-etu-master/lib/tft/Adafruit-GFX-Library/Adafruit_GFX.cpp.obj
 .ARM.extab.text._ZN12Adafruit_GFX5writeEh
                0x0000000008005358        0xc CMakeFiles/lab3.dir/Users/epico/Documents/coro-micro-tp-etu-master/lib/tft/Adafruit-GFX-Library/Adafruit_GFX.cpp.obj
 .ARM.extab.text._ZN15Adafruit_SPITFT10writePixelEt
                0x0000000008005364        0xc CMakeFiles/lab3.dir/Users/epico/Documents/coro-micro-tp-etu-master/lib/tft/Adafruit-GFX-Library/Adafruit_SPITFT.cpp.obj
 .ARM.extab.text._ZN15Adafruit_SPITFTC2Ett
                0x0000000008005370        0xc CMakeFiles/lab3.dir/Users/epico/Documents/coro-micro-tp-etu-master/lib/tft/Adafruit-GFX-Library/Adafruit_SPITFT.cpp.obj
 .ARM.extab.text._ZN15Adafruit_SPITFT7initSPIEm
                0x000000000800537c        0xc CMakeFiles/lab3.dir/Users/epico/Documents/coro-micro-tp-etu-master/lib/tft/Adafruit-GFX-Library/Adafruit_SPITFT.cpp.obj
 .ARM.extab.text._ZN15Adafruit_SPITFT8spiWriteEh
                0x0000000008005388        0xc CMakeFiles/lab3.dir/Users/epico/Documents/coro-micro-tp-etu-master/lib/tft/Adafruit-GFX-Library/Adafruit_SPITFT.cpp.obj
 .ARM.extab.text._ZN15Adafruit_SPITFT10startWriteEv
                0x0000000008005394        0x0 CMakeFiles/lab3.dir/Users/epico/Documents/coro-micro-tp-etu-master/lib/tft/Adafruit-GFX-Library/Adafruit_SPITFT.cpp.obj
 .ARM.extab.text._ZN15Adafruit_SPITFT8endWriteEv
                0x0000000008005394        0x0 CMakeFiles/lab3.dir/Users/epico/Documents/coro-micro-tp-etu-master/lib/tft/Adafruit-GFX-Library/Adafruit_SPITFT.cpp.obj
 .ARM.extab.text._ZN15Adafruit_SPITFT12writeCommandEh
                0x0000000008005394        0xc CMakeFiles/lab3.dir/Users/epico/Documents/coro-micro-tp-etu-master/lib/tft/Adafruit-GFX-Library/Adafruit_SPITFT.cpp.obj
 .ARM.extab.text._ZN15Adafruit_SPITFT10writeColorEtm
                0x00000000080053a0        0xc CMakeFiles/lab3.dir/Users/epico/Documents/coro-micro-tp-etu-master/lib/tft/Adafruit-GFX-Library/Adafruit_SPITFT.cpp.obj
 .ARM.extab.text._ZN15Adafruit_SPITFT10writePixelEsst
                0x00000000080053ac        0xc CMakeFiles/lab3.dir/Users/epico/Documents/coro-micro-tp-etu-master/lib/tft/Adafruit-GFX-Library/Adafruit_SPITFT.cpp.obj
 .ARM.extab.text._ZN15Adafruit_SPITFT13writeFillRectEsssst
                0x00000000080053b8        0xc CMakeFiles/lab3.dir/Users/epico/Documents/coro-micro-tp-etu-master/lib/tft/Adafruit-GFX-Library/Adafruit_SPITFT.cpp.obj
 .ARM.extab.text._ZN15Adafruit_SPITFT14writeFastVLineEssst
                0x00000000080053c4        0xc CMakeFiles/lab3.dir/Users/epico/Documents/coro-micro-tp-etu-master/lib/tft/Adafruit-GFX-Library/Adafruit_SPITFT.cpp.obj
 .ARM.extab.text._ZN15Adafruit_SPITFT14writeFastHLineEssst
                0x00000000080053d0        0xc CMakeFiles/lab3.dir/Users/epico/Documents/coro-micro-tp-etu-master/lib/tft/Adafruit-GFX-Library/Adafruit_SPITFT.cpp.obj
 .ARM.extab.text._ZN15Adafruit_SPITFT9drawPixelEsst
                0x00000000080053dc        0xc CMakeFiles/lab3.dir/Users/epico/Documents/coro-micro-tp-etu-master/lib/tft/Adafruit-GFX-Library/Adafruit_SPITFT.cpp.obj
 .ARM.extab.text._ZN15Adafruit_SPITFT13drawFastVLineEssst
                0x00000000080053e8        0xc CMakeFiles/lab3.dir/Users/epico/Documents/coro-micro-tp-etu-master/lib/tft/Adafruit-GFX-Library/Adafruit_SPITFT.cpp.obj
 .ARM.extab.text._ZN15Adafruit_SPITFT13drawFastHLineEssst
                0x00000000080053f4        0xc CMakeFiles/lab3.dir/Users/epico/Documents/coro-micro-tp-etu-master/lib/tft/Adafruit-GFX-Library/Adafruit_SPITFT.cpp.obj
 .ARM.extab.text._ZN15Adafruit_SPITFT8fillRectEsssst
                0x0000000008005400        0xc CMakeFiles/lab3.dir/Users/epico/Documents/coro-micro-tp-etu-master/lib/tft/Adafruit-GFX-Library/Adafruit_SPITFT.cpp.obj
 .ARM.extab.text._ZN15Adafruit_SPITFT13invertDisplayEb
                0x000000000800540c        0xc CMakeFiles/lab3.dir/Users/epico/Documents/coro-micro-tp-etu-master/lib/tft/Adafruit-GFX-Library/Adafruit_SPITFT.cpp.obj
 .ARM.extab.text._ZN15Adafruit_ST77355initREh
                0x0000000008005418        0xc CMakeFiles/lab3.dir/Users/epico/Documents/coro-micro-tp-etu-master/lib/tft/Adafruit-ST7735-Library/Adafruit_ST7735.cpp.obj
 .ARM.extab.text._ZN15Adafruit_ST773511setRotationEh
                0x0000000008005424        0xc CMakeFiles/lab3.dir/Users/epico/Documents/coro-micro-tp-etu-master/lib/tft/Adafruit-ST7735-Library/Adafruit_ST7735.cpp.obj
 .ARM.extab.text._ZN15Adafruit_ST77xxC2Ev
                0x0000000008005430        0xc CMakeFiles/lab3.dir/Users/epico/Documents/coro-micro-tp-etu-master/lib/tft/Adafruit-ST7735-Library/Adafruit_ST77xx.cpp.obj
 .ARM.extab.text._ZN15Adafruit_ST77xx11displayInitEPKh
                0x000000000800543c        0xc CMakeFiles/lab3.dir/Users/epico/Documents/coro-micro-tp-etu-master/lib/tft/Adafruit-ST7735-Library/Adafruit_ST77xx.cpp.obj
 .ARM.extab.text._ZN15Adafruit_ST77xx5beginEm
                0x0000000008005448        0xc CMakeFiles/lab3.dir/Users/epico/Documents/coro-micro-tp-etu-master/lib/tft/Adafruit-ST7735-Library/Adafruit_ST77xx.cpp.obj
 .ARM.extab.text._ZN15Adafruit_ST77xx10commonInitEPKh
                0x0000000008005454        0xc CMakeFiles/lab3.dir/Users/epico/Documents/coro-micro-tp-etu-master/lib/tft/Adafruit-ST7735-Library/Adafruit_ST77xx.cpp.obj
 .ARM.extab.text._ZN15Adafruit_ST77xx13setAddrWindowEtttt
                0x0000000008005460        0xc CMakeFiles/lab3.dir/Users/epico/Documents/coro-micro-tp-etu-master/lib/tft/Adafruit-ST7735-Library/Adafruit_ST77xx.cpp.obj
 .ARM.extab.text._ZN15Adafruit_ST77xx11setRotationEh
                0x000000000800546c        0xc CMakeFiles/lab3.dir/Users/epico/Documents/coro-micro-tp-etu-master/lib/tft/Adafruit-ST7735-Library/Adafruit_ST77xx.cpp.obj
 .ARM.extab.text.Reset_Handler
                0x0000000008005478        0xc CMakeFiles/lab3.dir/Users/epico/Documents/coro-micro-tp-etu-master/sys/startup_ARMCM4.c.obj
 .ARM.extab     0x0000000008005484       0x18 /opt/gcc-arm-none-eabi-9-2019-q4-major/bin/../lib/gcc/arm-none-eabi/9.2.1/thumb/v7e-m/nofp/libgcc.a(pr-support.o)
                0x000000000800549c                __exidx_start = .

.ARM.exidx      0x000000000800549c      0x2b8
 *(.ARM.exidx* .gnu.linkonce.armexidx.*)
 .ARM.exidx     0x000000000800549c        0x8 /opt/gcc-arm-none-eabi-9-2019-q4-major/bin/../lib/gcc/arm-none-eabi/9.2.1/../../../../arm-none-eabi/lib/thumb/v7e-m/nofp/crt0.o
 .ARM.exidx.text.NVIC_EnableIRQ
                0x00000000080054a4        0x0 CMakeFiles/lab3.dir/main.cpp.obj
                                          0x8 (size before relaxing)
 .ARM.exidx.text.NVIC_DisableIRQ
                0x00000000080054a4        0x0 CMakeFiles/lab3.dir/main.cpp.obj
                                          0x8 (size before relaxing)
 .ARM.exidx.text.NVIC_SetPriority
                0x00000000080054a4        0x0 CMakeFiles/lab3.dir/main.cpp.obj
                                          0x8 (size before relaxing)
 .ARM.exidx.text.setup_GPIO
                0x00000000080054a4        0x0 CMakeFiles/lab3.dir/main.cpp.obj
                                          0x8 (size before relaxing)
 .ARM.exidx.text.wait
                0x00000000080054a4        0x0 CMakeFiles/lab3.dir/main.cpp.obj
                                          0x8 (size before relaxing)
 .ARM.exidx.text.setup_timer10HZ
                0x00000000080054a4        0x0 CMakeFiles/lab3.dir/main.cpp.obj
                                          0x8 (size before relaxing)
 .ARM.exidx.text.timer7_10HZ
                0x00000000080054a4        0x0 CMakeFiles/lab3.dir/main.cpp.obj
                                          0x8 (size before relaxing)
 .ARM.exidx.text.TIM6_DAC1_IRQHandler
                0x00000000080054a4        0x0 CMakeFiles/lab3.dir/main.cpp.obj
                                          0x8 (size before relaxing)
 .ARM.exidx.text.TIM7_DAC2_IRQHandler
                0x00000000080054a4        0x0 CMakeFiles/lab3.dir/main.cpp.obj
                                          0x8 (size before relaxing)
 .ARM.exidx.text.EXTI15_10_IRQHandler
                0x00000000080054a4        0x0 CMakeFiles/lab3.dir/main.cpp.obj
                                          0x8 (size before relaxing)
 .ARM.exidx.text.main
                0x00000000080054a4        0x8 CMakeFiles/lab3.dir/main.cpp.obj
 .ARM.exidx.text.setupSPI
                0x00000000080054ac        0x8 CMakeFiles/lab3.dir/Users/epico/Documents/coro-micro-tp-etu-master/lib/spi.c.obj
 .ARM.exidx.text.transfer8
                0x00000000080054b4        0x0 CMakeFiles/lab3.dir/Users/epico/Documents/coro-micro-tp-etu-master/lib/spi.c.obj
                                          0x8 (size before relaxing)
 .ARM.exidx.text._ZN15Adafruit_ST7735C2Ev
                0x00000000080054b4        0x8 CMakeFiles/lab3.dir/Users/epico/Documents/coro-micro-tp-etu-master/lib/tft/tft.cpp.obj
 .ARM.exidx.text._ZN3tftC2Ev
                0x00000000080054bc        0x8 CMakeFiles/lab3.dir/Users/epico/Documents/coro-micro-tp-etu-master/lib/tft/tft.cpp.obj
 .ARM.exidx.text._ZN3tft5eraseEv
                0x00000000080054c4        0x8 CMakeFiles/lab3.dir/Users/epico/Documents/coro-micro-tp-etu-master/lib/tft/tft.cpp.obj
 .ARM.exidx.text._ZN3tft5setupEv
                0x00000000080054cc        0x8 CMakeFiles/lab3.dir/Users/epico/Documents/coro-micro-tp-etu-master/lib/tft/tft.cpp.obj
 .ARM.exidx.text._ZN3tft13setTextCursorEjj
                0x00000000080054d4        0x8 CMakeFiles/lab3.dir/Users/epico/Documents/coro-micro-tp-etu-master/lib/tft/tft.cpp.obj
 .ARM.exidx.text._ZN3tft12getTextWidthEv
                0x00000000080054dc        0x8 CMakeFiles/lab3.dir/Users/epico/Documents/coro-micro-tp-etu-master/lib/tft/tft.cpp.obj
 .ARM.exidx.text._ZN3tft13getTextHeightEv
                0x00000000080054e4        0x8 CMakeFiles/lab3.dir/Users/epico/Documents/coro-micro-tp-etu-master/lib/tft/tft.cpp.obj
 .ARM.exidx.text._ZN3tft9eraseTextEj
                0x00000000080054ec        0x8 CMakeFiles/lab3.dir/Users/epico/Documents/coro-micro-tp-etu-master/lib/tft/tft.cpp.obj
 .ARM.exidx.text._Z41__static_initialization_and_destruction_0ii
                0x00000000080054f4        0x8 CMakeFiles/lab3.dir/Users/epico/Documents/coro-micro-tp-etu-master/lib/tft/tft.cpp.obj
 .ARM.exidx.text._GLOBAL__sub_I__ZN3tft5eraseEv
                0x00000000080054fc        0x0 CMakeFiles/lab3.dir/Users/epico/Documents/coro-micro-tp-etu-master/lib/tft/tft.cpp.obj
                                          0x8 (size before relaxing)
 .ARM.exidx.text._ZN5Print5writeEPKc
                0x00000000080054fc        0x8 CMakeFiles/lab3.dir/Users/epico/Documents/coro-micro-tp-etu-master/lib/tft/arduinoCore/Print.cpp.obj
 .ARM.exidx.text._ZN5Print5writeEPKhj
                0x0000000008005504        0x8 CMakeFiles/lab3.dir/Users/epico/Documents/coro-micro-tp-etu-master/lib/tft/arduinoCore/Print.cpp.obj
 .ARM.exidx.text._ZN5Print5printEPKc
                0x000000000800550c        0x8 CMakeFiles/lab3.dir/Users/epico/Documents/coro-micro-tp-etu-master/lib/tft/arduinoCore/Print.cpp.obj
 .ARM.exidx.text._ZN5Print5printEc
                0x0000000008005514        0x8 CMakeFiles/lab3.dir/Users/epico/Documents/coro-micro-tp-etu-master/lib/tft/arduinoCore/Print.cpp.obj
 .ARM.exidx.text._ZN5Print5printEii
                0x000000000800551c        0x8 CMakeFiles/lab3.dir/Users/epico/Documents/coro-micro-tp-etu-master/lib/tft/arduinoCore/Print.cpp.obj
 .ARM.exidx.text._ZN5Print5printEli
                0x0000000008005524        0x8 CMakeFiles/lab3.dir/Users/epico/Documents/coro-micro-tp-etu-master/lib/tft/arduinoCore/Print.cpp.obj
 .ARM.exidx.text._ZN5Print7printlnEv
                0x000000000800552c        0x8 CMakeFiles/lab3.dir/Users/epico/Documents/coro-micro-tp-etu-master/lib/tft/arduinoCore/Print.cpp.obj
 .ARM.exidx.text._ZN5Print7printlnEPKc
                0x0000000008005534        0x8 CMakeFiles/lab3.dir/Users/epico/Documents/coro-micro-tp-etu-master/lib/tft/arduinoCore/Print.cpp.obj
 .ARM.exidx.text._ZN5Print7printlnEii
                0x000000000800553c        0x8 CMakeFiles/lab3.dir/Users/epico/Documents/coro-micro-tp-etu-master/lib/tft/arduinoCore/Print.cpp.obj
 .ARM.exidx.text._ZN5Print11printNumberEmh
                0x0000000008005544        0x8 CMakeFiles/lab3.dir/Users/epico/Documents/coro-micro-tp-etu-master/lib/tft/arduinoCore/Print.cpp.obj
 .ARM.exidx.text._ZN5PrintC2Ev
                0x000000000800554c        0x8 CMakeFiles/lab3.dir/Users/epico/Documents/coro-micro-tp-etu-master/lib/tft/Adafruit-GFX-Library/Adafruit_GFX.cpp.obj
 .ARM.exidx.text._ZN12Adafruit_GFXC2Ess
                0x0000000008005554        0x0 CMakeFiles/lab3.dir/Users/epico/Documents/coro-micro-tp-etu-master/lib/tft/Adafruit-GFX-Library/Adafruit_GFX.cpp.obj
                                          0x8 (size before relaxing)
 .ARM.exidx.text._ZN12Adafruit_GFX9writeLineEsssst
                0x0000000008005554        0x8 CMakeFiles/lab3.dir/Users/epico/Documents/coro-micro-tp-etu-master/lib/tft/Adafruit-GFX-Library/Adafruit_GFX.cpp.obj
 .ARM.exidx.text._ZN12Adafruit_GFX10startWriteEv
                0x000000000800555c        0x8 CMakeFiles/lab3.dir/Users/epico/Documents/coro-micro-tp-etu-master/lib/tft/Adafruit-GFX-Library/Adafruit_GFX.cpp.obj
 .ARM.exidx.text._ZN12Adafruit_GFX10writePixelEsst
                0x0000000008005564        0x8 CMakeFiles/lab3.dir/Users/epico/Documents/coro-micro-tp-etu-master/lib/tft/Adafruit-GFX-Library/Adafruit_GFX.cpp.obj
 .ARM.exidx.text._ZN12Adafruit_GFX14writeFastVLineEssst
                0x000000000800556c        0x8 CMakeFiles/lab3.dir/Users/epico/Documents/coro-micro-tp-etu-master/lib/tft/Adafruit-GFX-Library/Adafruit_GFX.cpp.obj
 .ARM.exidx.text._ZN12Adafruit_GFX14writeFastHLineEssst
                0x0000000008005574        0x8 CMakeFiles/lab3.dir/Users/epico/Documents/coro-micro-tp-etu-master/lib/tft/Adafruit-GFX-Library/Adafruit_GFX.cpp.obj
 .ARM.exidx.text._ZN12Adafruit_GFX13writeFillRectEsssst
                0x000000000800557c        0x8 CMakeFiles/lab3.dir/Users/epico/Documents/coro-micro-tp-etu-master/lib/tft/Adafruit-GFX-Library/Adafruit_GFX.cpp.obj
 .ARM.exidx.text._ZN12Adafruit_GFX8endWriteEv
                0x0000000008005584        0x8 CMakeFiles/lab3.dir/Users/epico/Documents/coro-micro-tp-etu-master/lib/tft/Adafruit-GFX-Library/Adafruit_GFX.cpp.obj
 .ARM.exidx.text._ZN12Adafruit_GFX13drawFastVLineEssst
                0x000000000800558c        0x8 CMakeFiles/lab3.dir/Users/epico/Documents/coro-micro-tp-etu-master/lib/tft/Adafruit-GFX-Library/Adafruit_GFX.cpp.obj
 .ARM.exidx.text._ZN12Adafruit_GFX13drawFastHLineEssst
                0x0000000008005594        0x8 CMakeFiles/lab3.dir/Users/epico/Documents/coro-micro-tp-etu-master/lib/tft/Adafruit-GFX-Library/Adafruit_GFX.cpp.obj
 .ARM.exidx.text._ZN12Adafruit_GFX8fillRectEsssst
                0x000000000800559c        0x8 CMakeFiles/lab3.dir/Users/epico/Documents/coro-micro-tp-etu-master/lib/tft/Adafruit-GFX-Library/Adafruit_GFX.cpp.obj
 .ARM.exidx.text._ZN12Adafruit_GFX10fillScreenEt
                0x00000000080055a4        0x8 CMakeFiles/lab3.dir/Users/epico/Documents/coro-micro-tp-etu-master/lib/tft/Adafruit-GFX-Library/Adafruit_GFX.cpp.obj
 .ARM.exidx.text._ZN12Adafruit_GFX8drawLineEsssst
                0x00000000080055ac        0x8 CMakeFiles/lab3.dir/Users/epico/Documents/coro-micro-tp-etu-master/lib/tft/Adafruit-GFX-Library/Adafruit_GFX.cpp.obj
 .ARM.exidx.text._ZN12Adafruit_GFX8drawRectEsssst
                0x00000000080055b4        0x8 CMakeFiles/lab3.dir/Users/epico/Documents/coro-micro-tp-etu-master/lib/tft/Adafruit-GFX-Library/Adafruit_GFX.cpp.obj
 .ARM.exidx.text._ZN12Adafruit_GFX8drawCharEsshtth
                0x00000000080055bc        0x8 CMakeFiles/lab3.dir/Users/epico/Documents/coro-micro-tp-etu-master/lib/tft/Adafruit-GFX-Library/Adafruit_GFX.cpp.obj
 .ARM.exidx.text._ZN12Adafruit_GFX5writeEh
                0x00000000080055c4        0x8 CMakeFiles/lab3.dir/Users/epico/Documents/coro-micro-tp-etu-master/lib/tft/Adafruit-GFX-Library/Adafruit_GFX.cpp.obj
 .ARM.exidx.text._ZN12Adafruit_GFX9setCursorEss
                0x00000000080055cc        0x8 CMakeFiles/lab3.dir/Users/epico/Documents/coro-micro-tp-etu-master/lib/tft/Adafruit-GFX-Library/Adafruit_GFX.cpp.obj
 .ARM.exidx.text._ZNK12Adafruit_GFX10getCursorXEv
                0x00000000080055d4        0x0 CMakeFiles/lab3.dir/Users/epico/Documents/coro-micro-tp-etu-master/lib/tft/Adafruit-GFX-Library/Adafruit_GFX.cpp.obj
                                          0x8 (size before relaxing)
 .ARM.exidx.text._ZNK12Adafruit_GFX10getCursorYEv
                0x00000000080055d4        0x0 CMakeFiles/lab3.dir/Users/epico/Documents/coro-micro-tp-etu-master/lib/tft/Adafruit-GFX-Library/Adafruit_GFX.cpp.obj
                                          0x8 (size before relaxing)
 .ARM.exidx.text._ZN12Adafruit_GFX12setTextColorEt
                0x00000000080055d4        0x0 CMakeFiles/lab3.dir/Users/epico/Documents/coro-micro-tp-etu-master/lib/tft/Adafruit-GFX-Library/Adafruit_GFX.cpp.obj
                                          0x8 (size before relaxing)
 .ARM.exidx.text._ZN12Adafruit_GFX11setRotationEh
                0x00000000080055d4        0x0 CMakeFiles/lab3.dir/Users/epico/Documents/coro-micro-tp-etu-master/lib/tft/Adafruit-GFX-Library/Adafruit_GFX.cpp.obj
                                          0x8 (size before relaxing)
 .ARM.exidx.text._ZN12Adafruit_GFX7setFontEPK7GFXfont
                0x00000000080055d4        0x0 CMakeFiles/lab3.dir/Users/epico/Documents/coro-micro-tp-etu-master/lib/tft/Adafruit-GFX-Library/Adafruit_GFX.cpp.obj
                                          0x8 (size before relaxing)
 .ARM.exidx.text._ZNK12Adafruit_GFX5widthEv
                0x00000000080055d4        0x0 CMakeFiles/lab3.dir/Users/epico/Documents/coro-micro-tp-etu-master/lib/tft/Adafruit-GFX-Library/Adafruit_GFX.cpp.obj
                                          0x8 (size before relaxing)
 .ARM.exidx.text._ZNK12Adafruit_GFX6heightEv
                0x00000000080055d4        0x0 CMakeFiles/lab3.dir/Users/epico/Documents/coro-micro-tp-etu-master/lib/tft/Adafruit-GFX-Library/Adafruit_GFX.cpp.obj
                                          0x8 (size before relaxing)
 .ARM.exidx.text._ZN12Adafruit_GFX13invertDisplayEb
                0x00000000080055d4        0x0 CMakeFiles/lab3.dir/Users/epico/Documents/coro-micro-tp-etu-master/lib/tft/Adafruit-GFX-Library/Adafruit_GFX.cpp.obj
                                          0x8 (size before relaxing)
 .ARM.exidx.text._ZN10GFXcanvas19drawPixelEsst
                0x00000000080055d4        0x0 CMakeFiles/lab3.dir/Users/epico/Documents/coro-micro-tp-etu-master/lib/tft/Adafruit-GFX-Library/Adafruit_GFX.cpp.obj
                                          0x8 (size before relaxing)
 .ARM.exidx.text._ZN10GFXcanvas110fillScreenEt
                0x00000000080055d4        0x0 CMakeFiles/lab3.dir/Users/epico/Documents/coro-micro-tp-etu-master/lib/tft/Adafruit-GFX-Library/Adafruit_GFX.cpp.obj
                                          0x8 (size before relaxing)
 .ARM.exidx.text._ZN10GFXcanvas89drawPixelEsst
                0x00000000080055d4        0x0 CMakeFiles/lab3.dir/Users/epico/Documents/coro-micro-tp-etu-master/lib/tft/Adafruit-GFX-Library/Adafruit_GFX.cpp.obj
                                          0x8 (size before relaxing)
 .ARM.exidx.text._ZN10GFXcanvas810fillScreenEt
                0x00000000080055d4        0x0 CMakeFiles/lab3.dir/Users/epico/Documents/coro-micro-tp-etu-master/lib/tft/Adafruit-GFX-Library/Adafruit_GFX.cpp.obj
                                          0x8 (size before relaxing)
 .ARM.exidx.text._ZN10GFXcanvas814writeFastHLineEssst
                0x00000000080055d4        0x0 CMakeFiles/lab3.dir/Users/epico/Documents/coro-micro-tp-etu-master/lib/tft/Adafruit-GFX-Library/Adafruit_GFX.cpp.obj
                                          0x8 (size before relaxing)
 .ARM.exidx.text._ZN11GFXcanvas169drawPixelEsst
                0x00000000080055d4        0x0 CMakeFiles/lab3.dir/Users/epico/Documents/coro-micro-tp-etu-master/lib/tft/Adafruit-GFX-Library/Adafruit_GFX.cpp.obj
                                          0x8 (size before relaxing)
 .ARM.exidx.text._ZN11GFXcanvas1610fillScreenEt
                0x00000000080055d4        0x0 CMakeFiles/lab3.dir/Users/epico/Documents/coro-micro-tp-etu-master/lib/tft/Adafruit-GFX-Library/Adafruit_GFX.cpp.obj
                                          0x8 (size before relaxing)
 .ARM.exidx.text._ZN15Adafruit_SPITFT10writePixelEt
                0x00000000080055d4        0x8 CMakeFiles/lab3.dir/Users/epico/Documents/coro-micro-tp-etu-master/lib/tft/Adafruit-GFX-Library/Adafruit_SPITFT.cpp.obj
 .ARM.exidx.text._ZN15Adafruit_SPITFTC2Ett
                0x00000000080055dc        0x8 CMakeFiles/lab3.dir/Users/epico/Documents/coro-micro-tp-etu-master/lib/tft/Adafruit-GFX-Library/Adafruit_SPITFT.cpp.obj
 .ARM.exidx.text._ZN15Adafruit_SPITFT7initSPIEm
                0x00000000080055e4        0x8 CMakeFiles/lab3.dir/Users/epico/Documents/coro-micro-tp-etu-master/lib/tft/Adafruit-GFX-Library/Adafruit_SPITFT.cpp.obj
 .ARM.exidx.text._ZN15Adafruit_SPITFT8spiWriteEh
                0x00000000080055ec        0x8 CMakeFiles/lab3.dir/Users/epico/Documents/coro-micro-tp-etu-master/lib/tft/Adafruit-GFX-Library/Adafruit_SPITFT.cpp.obj
 .ARM.exidx.text._ZN15Adafruit_SPITFT10startWriteEv
                0x00000000080055f4        0x8 CMakeFiles/lab3.dir/Users/epico/Documents/coro-micro-tp-etu-master/lib/tft/Adafruit-GFX-Library/Adafruit_SPITFT.cpp.obj
 .ARM.exidx.text._ZN15Adafruit_SPITFT8endWriteEv
                0x00000000080055fc        0x0 CMakeFiles/lab3.dir/Users/epico/Documents/coro-micro-tp-etu-master/lib/tft/Adafruit-GFX-Library/Adafruit_SPITFT.cpp.obj
                                          0x8 (size before relaxing)
 .ARM.exidx.text._ZN15Adafruit_SPITFT12writeCommandEh
                0x00000000080055fc        0x8 CMakeFiles/lab3.dir/Users/epico/Documents/coro-micro-tp-etu-master/lib/tft/Adafruit-GFX-Library/Adafruit_SPITFT.cpp.obj
 .ARM.exidx.text._ZN15Adafruit_SPITFT10writeColorEtm
                0x0000000008005604        0x8 CMakeFiles/lab3.dir/Users/epico/Documents/coro-micro-tp-etu-master/lib/tft/Adafruit-GFX-Library/Adafruit_SPITFT.cpp.obj
 .ARM.exidx.text._ZN15Adafruit_SPITFT10writePixelEsst
                0x000000000800560c        0x8 CMakeFiles/lab3.dir/Users/epico/Documents/coro-micro-tp-etu-master/lib/tft/Adafruit-GFX-Library/Adafruit_SPITFT.cpp.obj
 .ARM.exidx.text._ZN15Adafruit_SPITFT13writeFillRectEsssst
                0x0000000008005614        0x8 CMakeFiles/lab3.dir/Users/epico/Documents/coro-micro-tp-etu-master/lib/tft/Adafruit-GFX-Library/Adafruit_SPITFT.cpp.obj
 .ARM.exidx.text._ZN15Adafruit_SPITFT14writeFastVLineEssst
                0x000000000800561c        0x8 CMakeFiles/lab3.dir/Users/epico/Documents/coro-micro-tp-etu-master/lib/tft/Adafruit-GFX-Library/Adafruit_SPITFT.cpp.obj
 .ARM.exidx.text._ZN15Adafruit_SPITFT14writeFastHLineEssst
                0x0000000008005624        0x8 CMakeFiles/lab3.dir/Users/epico/Documents/coro-micro-tp-etu-master/lib/tft/Adafruit-GFX-Library/Adafruit_SPITFT.cpp.obj
 .ARM.exidx.text._ZN15Adafruit_SPITFT9drawPixelEsst
                0x000000000800562c        0x8 CMakeFiles/lab3.dir/Users/epico/Documents/coro-micro-tp-etu-master/lib/tft/Adafruit-GFX-Library/Adafruit_SPITFT.cpp.obj
 .ARM.exidx.text._ZN15Adafruit_SPITFT13drawFastVLineEssst
                0x0000000008005634        0x8 CMakeFiles/lab3.dir/Users/epico/Documents/coro-micro-tp-etu-master/lib/tft/Adafruit-GFX-Library/Adafruit_SPITFT.cpp.obj
 .ARM.exidx.text._ZN15Adafruit_SPITFT13drawFastHLineEssst
                0x000000000800563c        0x8 CMakeFiles/lab3.dir/Users/epico/Documents/coro-micro-tp-etu-master/lib/tft/Adafruit-GFX-Library/Adafruit_SPITFT.cpp.obj
 .ARM.exidx.text._ZN15Adafruit_SPITFT8fillRectEsssst
                0x0000000008005644        0x8 CMakeFiles/lab3.dir/Users/epico/Documents/coro-micro-tp-etu-master/lib/tft/Adafruit-GFX-Library/Adafruit_SPITFT.cpp.obj
 .ARM.exidx.text._ZN15Adafruit_SPITFT13invertDisplayEb
                0x000000000800564c        0x8 CMakeFiles/lab3.dir/Users/epico/Documents/coro-micro-tp-etu-master/lib/tft/Adafruit-GFX-Library/Adafruit_SPITFT.cpp.obj
 .ARM.exidx.text._ZN15Adafruit_ST77355initREh
                0x0000000008005654        0x8 CMakeFiles/lab3.dir/Users/epico/Documents/coro-micro-tp-etu-master/lib/tft/Adafruit-ST7735-Library/Adafruit_ST7735.cpp.obj
 .ARM.exidx.text._ZN15Adafruit_ST773511setRotationEh
                0x000000000800565c        0x8 CMakeFiles/lab3.dir/Users/epico/Documents/coro-micro-tp-etu-master/lib/tft/Adafruit-ST7735-Library/Adafruit_ST7735.cpp.obj
 .ARM.exidx.text._ZN15Adafruit_ST77xxC2Ev
                0x0000000008005664        0x8 CMakeFiles/lab3.dir/Users/epico/Documents/coro-micro-tp-etu-master/lib/tft/Adafruit-ST7735-Library/Adafruit_ST77xx.cpp.obj
 .ARM.exidx.text._ZN15Adafruit_ST77xx11displayInitEPKh
                0x000000000800566c        0x8 CMakeFiles/lab3.dir/Users/epico/Documents/coro-micro-tp-etu-master/lib/tft/Adafruit-ST7735-Library/Adafruit_ST77xx.cpp.obj
 .ARM.exidx.text._ZN15Adafruit_ST77xx5beginEm
                0x0000000008005674        0x8 CMakeFiles/lab3.dir/Users/epico/Documents/coro-micro-tp-etu-master/lib/tft/Adafruit-ST7735-Library/Adafruit_ST77xx.cpp.obj
 .ARM.exidx.text._ZN15Adafruit_ST77xx10commonInitEPKh
                0x000000000800567c        0x8 CMakeFiles/lab3.dir/Users/epico/Documents/coro-micro-tp-etu-master/lib/tft/Adafruit-ST7735-Library/Adafruit_ST77xx.cpp.obj
 .ARM.exidx.text._ZN15Adafruit_ST77xx13setAddrWindowEtttt
                0x0000000008005684        0x8 CMakeFiles/lab3.dir/Users/epico/Documents/coro-micro-tp-etu-master/lib/tft/Adafruit-ST7735-Library/Adafruit_ST77xx.cpp.obj
 .ARM.exidx.text._ZN15Adafruit_ST77xx11setRotationEh
                0x000000000800568c        0x8 CMakeFiles/lab3.dir/Users/epico/Documents/coro-micro-tp-etu-master/lib/tft/Adafruit-ST7735-Library/Adafruit_ST77xx.cpp.obj
 .ARM.exidx.text.Reset_Handler
                0x0000000008005694        0x8 CMakeFiles/lab3.dir/Users/epico/Documents/coro-micro-tp-etu-master/sys/startup_ARMCM4.c.obj
 .ARM.exidx.text.Default_Handler
                0x000000000800569c        0x8 CMakeFiles/lab3.dir/Users/epico/Documents/coro-micro-tp-etu-master/sys/startup_ARMCM4.c.obj
 .ARM.exidx.text.SystemInit
                0x00000000080056a4        0x0 CMakeFiles/lab3.dir/Users/epico/Documents/coro-micro-tp-etu-master/sys/startup_clock.c.obj
                                          0x8 (size before relaxing)
 .ARM.exidx     0x00000000080056a4       0x78 /opt/gcc-arm-none-eabi-9-2019-q4-major/bin/../lib/gcc/arm-none-eabi/9.2.1/thumb/v7e-m/nofp/libgcc.a(unwind-arm.o)
                                         0xd8 (size before relaxing)
 .ARM.exidx     0x000000000800571c       0x38 /opt/gcc-arm-none-eabi-9-2019-q4-major/bin/../lib/gcc/arm-none-eabi/9.2.1/thumb/v7e-m/nofp/libgcc.a(pr-support.o)
                0x0000000008005754                __exidx_end = .
                0x0000000008005754                __etext = .

.rel.dyn        0x0000000008005754        0x0
 .rel.iplt      0x0000000008005754        0x0 /opt/gcc-arm-none-eabi-9-2019-q4-major/bin/../lib/gcc/arm-none-eabi/9.2.1/thumb/v7e-m/nofp/crtbegin.o

.data           0x0000000020000000      0x444 load address 0x0000000008005754
                0x0000000020000000                __data_start__ = .
 *(vtable)
 *(.data*)
 .data._ZN10__cxxabiv119__terminate_handlerE
                0x0000000020000000        0x4 /opt/gcc-arm-none-eabi-9-2019-q4-major/bin/../lib/gcc/arm-none-eabi/9.2.1/../../../../arm-none-eabi/lib/thumb/v7e-m/nofp/libstdc++_nano.a(eh_term_handler.o)
                0x0000000020000000                __cxxabiv1::__terminate_handler
 .data._impure_ptr
                0x0000000020000004        0x4 /opt/gcc-arm-none-eabi-9-2019-q4-major/bin/../lib/gcc/arm-none-eabi/9.2.1/../../../../arm-none-eabi/lib/thumb/v7e-m/nofp/libc.a(lib_a-impure.o)
                0x0000000020000004                _impure_ptr
 .data.impure_data
                0x0000000020000008      0x428 /opt/gcc-arm-none-eabi-9-2019-q4-major/bin/../lib/gcc/arm-none-eabi/9.2.1/../../../../arm-none-eabi/lib/thumb/v7e-m/nofp/libc.a(lib_a-impure.o)
 .data.__atexit_recursive_mutex
                0x0000000020000430        0x4 /opt/gcc-arm-none-eabi-9-2019-q4-major/bin/../lib/gcc/arm-none-eabi/9.2.1/../../../../arm-none-eabi/lib/thumb/v7e-m/nofp/libc.a(lib_a-__call_atexit.o)
                0x0000000020000430                __atexit_recursive_mutex
                0x0000000020000434                . = ALIGN (0x4)
                0x0000000020000434                PROVIDE (__preinit_array_start = .)
 *(.preinit_array)
                0x0000000020000434                PROVIDE (__preinit_array_end = .)
                0x0000000020000434                . = ALIGN (0x4)
                0x0000000020000434                PROVIDE (__init_array_start = .)
 *(SORT_BY_NAME(.init_array.*))
 .init_array.00000
                0x0000000020000434        0x4 /opt/gcc-arm-none-eabi-9-2019-q4-major/bin/../lib/gcc/arm-none-eabi/9.2.1/../../../../arm-none-eabi/lib/thumb/v7e-m/nofp/libc.a(lib_a-__call_atexit.o)
 *(.init_array)
 .init_array    0x0000000020000438        0x4 /opt/gcc-arm-none-eabi-9-2019-q4-major/bin/../lib/gcc/arm-none-eabi/9.2.1/thumb/v7e-m/nofp/crtbegin.o
 .init_array    0x000000002000043c        0x4 CMakeFiles/lab3.dir/Users/epico/Documents/coro-micro-tp-etu-master/lib/tft/tft.cpp.obj
                0x0000000020000440                PROVIDE (__init_array_end = .)
                0x0000000020000440                . = ALIGN (0x4)
                0x0000000020000440                PROVIDE (__fini_array_start = .)
 *(SORT_BY_NAME(.fini_array.*))
 *(.fini_array)
 .fini_array    0x0000000020000440        0x4 /opt/gcc-arm-none-eabi-9-2019-q4-major/bin/../lib/gcc/arm-none-eabi/9.2.1/thumb/v7e-m/nofp/crtbegin.o
                0x0000000020000444                PROVIDE (__fini_array_end = .)
 *(.jcr*)
                0x0000000020000444                . = ALIGN (0x4)
                0x0000000020000444                __data_end__ = .

.igot.plt       0x0000000020000444        0x0 load address 0x0000000008005b98
 .igot.plt      0x0000000020000444        0x0 /opt/gcc-arm-none-eabi-9-2019-q4-major/bin/../lib/gcc/arm-none-eabi/9.2.1/thumb/v7e-m/nofp/crtbegin.o

.bss            0x0000000020000444       0x7c load address 0x0000000008005b98
                0x0000000020000444                . = ALIGN (0x4)
                0x0000000020000444                __bss_start__ = .
 *(.bss*)
 .bss           0x0000000020000444       0x1c /opt/gcc-arm-none-eabi-9-2019-q4-major/bin/../lib/gcc/arm-none-eabi/9.2.1/thumb/v7e-m/nofp/crtbegin.o
 .bss           0x0000000020000460        0x5 CMakeFiles/lab3.dir/main.cpp.obj
                0x0000000020000464                isOk
 *fill*         0x0000000020000465        0x3 
 .bss           0x0000000020000468       0x30 CMakeFiles/lab3.dir/Users/epico/Documents/coro-micro-tp-etu-master/lib/tft/tft.cpp.obj
                0x0000000020000468                Tft
 *(COMMON)
 COMMON         0x0000000020000498       0x21 /opt/gcc-arm-none-eabi-9-2019-q4-major/bin/../lib/gcc/arm-none-eabi/9.2.1/../../../../arm-none-eabi/lib/thumb/v7e-m/nofp/libc.a(lib_a-lock.o)
                0x0000000020000498                __lock___atexit_recursive_mutex
                0x000000002000049c                __lock___arc4random_mutex
                0x00000000200004a0                __lock___env_recursive_mutex
                0x00000000200004a4                __lock___sinit_recursive_mutex
                0x00000000200004a8                __lock___malloc_recursive_mutex
                0x00000000200004ac                __lock___at_quick_exit_mutex
                0x00000000200004b0                __lock___dd_hash_mutex
                0x00000000200004b4                __lock___tz_mutex
                0x00000000200004b8                __lock___sfp_recursive_mutex
 *fill*         0x00000000200004b9        0x3 
 COMMON         0x00000000200004bc        0x4 /opt/gcc-arm-none-eabi-9-2019-q4-major/bin/../lib/gcc/arm-none-eabi/9.2.1/../../../../arm-none-eabi/lib/thumb/v7e-m/nofp/libc.a(lib_a-reent.o)
                0x00000000200004bc                errno
                0x00000000200004c0                . = ALIGN (0x4)
                0x00000000200004c0                __bss_end__ = .

.heap           0x00000000200004c0      0xc00
                0x00000000200004c0                __HeapBase = .
                0x00000000200004c0                __end__ = .
                0x00000000200004c0                end = __end__
 *(.heap*)
 .heap          0x00000000200004c0      0xc00 CMakeFiles/lab3.dir/Users/epico/Documents/coro-micro-tp-etu-master/sys/startup_ARMCM4.c.obj
                0x00000000200010c0                __HeapLimit = .

.stack_dummy    0x00000000200010c0      0x400
 *(.stack*)
 .stack         0x00000000200010c0      0x400 CMakeFiles/lab3.dir/Users/epico/Documents/coro-micro-tp-etu-master/sys/startup_ARMCM4.c.obj
                0x0000000020003000                __StackTop = (ORIGIN (RAM) + LENGTH (RAM))
                0x0000000020002c00                __StackLimit = (__StackTop - SIZEOF (.stack_dummy))
                0x0000000020003000                PROVIDE (__stack = __StackTop)
                0x0000000000000001                ASSERT ((__StackLimit >= __HeapLimit), region RAM overflowed with stack)
OUTPUT(lab3 elf32-littlearm)

.ARM.attributes
                0x0000000000000000       0x2a
 .ARM.attributes
                0x0000000000000000       0x1e /opt/gcc-arm-none-eabi-9-2019-q4-major/bin/../lib/gcc/arm-none-eabi/9.2.1/thumb/v7e-m/nofp/crti.o
 .ARM.attributes
                0x000000000000001e       0x2e /opt/gcc-arm-none-eabi-9-2019-q4-major/bin/../lib/gcc/arm-none-eabi/9.2.1/thumb/v7e-m/nofp/crtbegin.o
 .ARM.attributes
                0x000000000000004c       0x1c /opt/gcc-arm-none-eabi-9-2019-q4-major/bin/../lib/gcc/arm-none-eabi/9.2.1/../../../../arm-none-eabi/lib/thumb/v7e-m/nofp/crt0.o
 .ARM.attributes
                0x0000000000000068       0x2e CMakeFiles/lab3.dir/main.cpp.obj
 .ARM.attributes
                0x0000000000000096       0x2e CMakeFiles/lab3.dir/Users/epico/Documents/coro-micro-tp-etu-master/lib/spi.c.obj
 .ARM.attributes
                0x00000000000000c4       0x2e CMakeFiles/lab3.dir/Users/epico/Documents/coro-micro-tp-etu-master/lib/tft/tft.cpp.obj
 .ARM.attributes
                0x00000000000000f2       0x2e CMakeFiles/lab3.dir/Users/epico/Documents/coro-micro-tp-etu-master/lib/tft/arduinoCore/Print.cpp.obj
 .ARM.attributes
                0x0000000000000120       0x2e CMakeFiles/lab3.dir/Users/epico/Documents/coro-micro-tp-etu-master/lib/tft/Adafruit-GFX-Library/Adafruit_GFX.cpp.obj
 .ARM.attributes
                0x000000000000014e       0x2e CMakeFiles/lab3.dir/Users/epico/Documents/coro-micro-tp-etu-master/lib/tft/Adafruit-GFX-Library/Adafruit_SPITFT.cpp.obj
 .ARM.attributes
                0x000000000000017c       0x2e CMakeFiles/lab3.dir/Users/epico/Documents/coro-micro-tp-etu-master/lib/tft/Adafruit-ST7735-Library/Adafruit_ST7735.cpp.obj
 .ARM.attributes
                0x00000000000001aa       0x2e CMakeFiles/lab3.dir/Users/epico/Documents/coro-micro-tp-etu-master/lib/tft/Adafruit-ST7735-Library/Adafruit_ST77xx.cpp.obj
 .ARM.attributes
                0x00000000000001d8       0x2e CMakeFiles/lab3.dir/Users/epico/Documents/coro-micro-tp-etu-master/sys/startup_ARMCM4.c.obj
 .ARM.attributes
                0x0000000000000206       0x2e CMakeFiles/lab3.dir/Users/epico/Documents/coro-micro-tp-etu-master/sys/startup_clock.c.obj
 .ARM.attributes
                0x0000000000000234       0x2e /opt/gcc-arm-none-eabi-9-2019-q4-major/bin/../lib/gcc/arm-none-eabi/9.2.1/../../../../arm-none-eabi/lib/thumb/v7e-m/nofp/libstdc++_nano.a(pure.o)
 .ARM.attributes
                0x0000000000000262       0x2e /opt/gcc-arm-none-eabi-9-2019-q4-major/bin/../lib/gcc/arm-none-eabi/9.2.1/../../../../arm-none-eabi/lib/thumb/v7e-m/nofp/libstdc++_nano.a(eh_terminate.o)
 .ARM.attributes
                0x0000000000000290       0x2e /opt/gcc-arm-none-eabi-9-2019-q4-major/bin/../lib/gcc/arm-none-eabi/9.2.1/../../../../arm-none-eabi/lib/thumb/v7e-m/nofp/libstdc++_nano.a(eh_term_handler.o)
 .ARM.attributes
                0x00000000000002be       0x2e /opt/gcc-arm-none-eabi-9-2019-q4-major/bin/../lib/gcc/arm-none-eabi/9.2.1/thumb/v7e-m/nofp/libgcc.a(unwind-arm.o)
 .ARM.attributes
                0x00000000000002ec       0x1e /opt/gcc-arm-none-eabi-9-2019-q4-major/bin/../lib/gcc/arm-none-eabi/9.2.1/thumb/v7e-m/nofp/libgcc.a(libunwind.o)
 .ARM.attributes
                0x000000000000030a       0x2e /opt/gcc-arm-none-eabi-9-2019-q4-major/bin/../lib/gcc/arm-none-eabi/9.2.1/thumb/v7e-m/nofp/libgcc.a(pr-support.o)
 .ARM.attributes
                0x0000000000000338       0x2e /opt/gcc-arm-none-eabi-9-2019-q4-major/bin/../lib/gcc/arm-none-eabi/9.2.1/../../../../arm-none-eabi/lib/thumb/v7e-m/nofp/libc.a(lib_a-abort.o)
 .ARM.attributes
                0x0000000000000366       0x2e /opt/gcc-arm-none-eabi-9-2019-q4-major/bin/../lib/gcc/arm-none-eabi/9.2.1/../../../../arm-none-eabi/lib/thumb/v7e-m/nofp/libc.a(lib_a-exit.o)
 .ARM.attributes
                0x0000000000000394       0x2e /opt/gcc-arm-none-eabi-9-2019-q4-major/bin/../lib/gcc/arm-none-eabi/9.2.1/../../../../arm-none-eabi/lib/thumb/v7e-m/nofp/libc.a(lib_a-impure.o)
 .ARM.attributes
                0x00000000000003c2       0x2e /opt/gcc-arm-none-eabi-9-2019-q4-major/bin/../lib/gcc/arm-none-eabi/9.2.1/../../../../arm-none-eabi/lib/thumb/v7e-m/nofp/libc.a(lib_a-init.o)
 .ARM.attributes
                0x00000000000003f0       0x1c /opt/gcc-arm-none-eabi-9-2019-q4-major/bin/../lib/gcc/arm-none-eabi/9.2.1/../../../../arm-none-eabi/lib/thumb/v7e-m/nofp/libc.a(lib_a-memcpy.o)
 .ARM.attributes
                0x000000000000040c       0x2e /opt/gcc-arm-none-eabi-9-2019-q4-major/bin/../lib/gcc/arm-none-eabi/9.2.1/../../../../arm-none-eabi/lib/thumb/v7e-m/nofp/libc.a(lib_a-memset.o)
 .ARM.attributes
                0x000000000000043a       0x2e /opt/gcc-arm-none-eabi-9-2019-q4-major/bin/../lib/gcc/arm-none-eabi/9.2.1/../../../../arm-none-eabi/lib/thumb/v7e-m/nofp/libc.a(lib_a-signal.o)
 .ARM.attributes
                0x0000000000000468       0x2e /opt/gcc-arm-none-eabi-9-2019-q4-major/bin/../lib/gcc/arm-none-eabi/9.2.1/../../../../arm-none-eabi/lib/thumb/v7e-m/nofp/libc.a(lib_a-signalr.o)
 .ARM.attributes
                0x0000000000000496       0x1c /opt/gcc-arm-none-eabi-9-2019-q4-major/bin/../lib/gcc/arm-none-eabi/9.2.1/../../../../arm-none-eabi/lib/thumb/v7e-m/nofp/libc.a(lib_a-strlen.o)
 .ARM.attributes
                0x00000000000004b2       0x2e /opt/gcc-arm-none-eabi-9-2019-q4-major/bin/../lib/gcc/arm-none-eabi/9.2.1/../../../../arm-none-eabi/lib/thumb/v7e-m/nofp/libc.a(lib_a-__call_atexit.o)
 .ARM.attributes
                0x00000000000004e0       0x2e /opt/gcc-arm-none-eabi-9-2019-q4-major/bin/../lib/gcc/arm-none-eabi/9.2.1/../../../../arm-none-eabi/lib/thumb/v7e-m/nofp/libc.a(lib_a-atexit.o)
 .ARM.attributes
                0x000000000000050e       0x2e /opt/gcc-arm-none-eabi-9-2019-q4-major/bin/../lib/gcc/arm-none-eabi/9.2.1/../../../../arm-none-eabi/lib/thumb/v7e-m/nofp/libc.a(lib_a-fini.o)
 .ARM.attributes
                0x000000000000053c       0x2e /opt/gcc-arm-none-eabi-9-2019-q4-major/bin/../lib/gcc/arm-none-eabi/9.2.1/../../../../arm-none-eabi/lib/thumb/v7e-m/nofp/libc.a(lib_a-lock.o)
 .ARM.attributes
                0x000000000000056a       0x2e /opt/gcc-arm-none-eabi-9-2019-q4-major/bin/../lib/gcc/arm-none-eabi/9.2.1/../../../../arm-none-eabi/lib/thumb/v7e-m/nofp/libc.a(lib_a-reent.o)
 .ARM.attributes
                0x0000000000000598       0x2e /opt/gcc-arm-none-eabi-9-2019-q4-major/bin/../lib/gcc/arm-none-eabi/9.2.1/../../../../arm-none-eabi/lib/thumb/v7e-m/nofp/libc.a(lib_a-__atexit.o)
 .ARM.attributes
                0x00000000000005c6       0x2e /opt/gcc-arm-none-eabi-9-2019-q4-major/bin/../lib/gcc/arm-none-eabi/9.2.1/thumb/v7e-m/nofp/crtend.o
 .ARM.attributes
                0x00000000000005f4       0x1e /opt/gcc-arm-none-eabi-9-2019-q4-major/bin/../lib/gcc/arm-none-eabi/9.2.1/thumb/v7e-m/nofp/crtn.o
 .ARM.attributes
                0x0000000000000612       0x2e /opt/gcc-arm-none-eabi-9-2019-q4-major/bin/../lib/gcc/arm-none-eabi/9.2.1/../../../../arm-none-eabi/lib/thumb/v7e-m/nofp/libnosys.a(getpid.o)
 .ARM.attributes
                0x0000000000000640       0x2e /opt/gcc-arm-none-eabi-9-2019-q4-major/bin/../lib/gcc/arm-none-eabi/9.2.1/../../../../arm-none-eabi/lib/thumb/v7e-m/nofp/libnosys.a(kill.o)
 .ARM.attributes
                0x000000000000066e       0x2e /opt/gcc-arm-none-eabi-9-2019-q4-major/bin/../lib/gcc/arm-none-eabi/9.2.1/../../../../arm-none-eabi/lib/thumb/v7e-m/nofp/libnosys.a(_exit.o)

.comment        0x0000000000000000       0x79